******************************************************************************
                  MSP430 Linker PC v18.1.1                     
******************************************************************************
>> Linked Thu Aug 16 15:54:06 2018

OUTPUT FILE NAME:   <Lab0.out>
ENTRY POINT SYMBOL: "_c_int00_noargs"  address: 00009246


MEMORY CONFIGURATION

         name            origin    length      used     unused   attr    fill
----------------------  --------  ---------  --------  --------  ----  --------
  SFR                   00000000   00000010  00000000  00000010  RWIX
  PERIPHERALS_8BIT      00000010   000000f0  00000000  000000f0  RWIX
  PERIPHERALS_16BIT     00000100   00000100  00000000  00000100  RWIX
  RAM                   00000200   00000400  000000e6  0000031a  RWIX
  INFOD                 00001000   00000040  00000000  00000040  RWIX
  INFOC                 00001040   00000040  00000000  00000040  RWIX
  INFOB                 00001080   00000040  00000000  00000040  RWIX
  INFOA                 000010c0   00000040  00000000  00000040  RWIX
  FLASH                 00008000   00007fde  0000131a  00006cc4  RWIX
  INT00                 0000ffe0   00000002  00000000  00000002  RWIX
  INT01                 0000ffe2   00000002  00000000  00000002  RWIX
  INT02                 0000ffe4   00000002  00000002  00000000  RWIX
  INT03                 0000ffe6   00000002  00000002  00000000  RWIX
  INT04                 0000ffe8   00000002  00000000  00000002  RWIX
  INT05                 0000ffea   00000002  00000002  00000000  RWIX
  INT06                 0000ffec   00000002  00000002  00000000  RWIX
  INT07                 0000ffee   00000002  00000002  00000000  RWIX
  INT08                 0000fff0   00000002  00000002  00000000  RWIX
  INT09                 0000fff2   00000002  00000002  00000000  RWIX
  INT10                 0000fff4   00000002  00000002  00000000  RWIX
  INT11                 0000fff6   00000002  00000000  00000002  RWIX
  INT12                 0000fff8   00000002  00000002  00000000  RWIX
  INT13                 0000fffa   00000002  00000002  00000000  RWIX
  INT14                 0000fffc   00000002  00000002  00000000  RWIX
  RESET                 0000fffe   00000002  00000002  00000000  RWIX


SECTION ALLOCATION MAP

 output                                  attributes/
section   page    origin      length       input sections
--------  ----  ----------  ----------   ----------------
.bss       0    00000200    00000086     UNINITIALIZED
                  00000200    00000034     (.common:rxbuff)
                  00000234    00000034     (.common:txbuff)
                  00000268    0000001a     (.common:printbuff)
                  00000282    00000004     (.common:temp)

.data      0    00000286    00000010     UNINITIALIZED
                  00000286    0000000a     user_Lab0ex3.obj (.data)
                  00000290    00000006     UARTFuncs.obj (.data)

.stack     0    000005b0    00000050     UNINITIALIZED
                  000005b0    00000002     rts430_eabi.lib : boot.c.obj (.stack)
                  000005b2    0000004e     --HOLE--

.text      0    00008000    000012fe     
                  00008000    00000478     rts430_eabi.lib : frcdivd.c.obj (.text:__TI_frcdivd)
                  00008478    00000238                     : divd.c.obj (.text:__mspabi_divd)
                  000086b0    00000132                     : fs_add.asm.obj (.text)
                  000087e2    00000120     UARTFuncs.obj (.text:Init_UART)
                  00008902    000000da     user_Lab0ex3.obj (.text:main)
                  000089dc    000000c4     rts430_eabi.lib : fs_mpy.asm.obj (.text)
                  00008aa0    0000008c                     : cvtdf.c.obj (.text:__mspabi_cvtdf)
                  00008b2c    0000008a                     : fltuld.c.obj (.text:__mspabi_fltuld)
                  00008bb6    00000082     user_Lab0ex3.obj (.text:USCI0TX_ISR)
                  00008c38    0000007c     rts430_eabi.lib : copy_decompress_lzss.c.obj (.text:decompress:lzss:__TI_decompress_lzss)
                  00008cb4    00000076     user_Lab0ex3.obj (.text:USCI0RX_ISR)
                  00008d2a    00000074     UARTFuncs.obj (.text:UART_send)
                  00008d9e    00000072     rts430_eabi.lib : cvtfd.c.obj (.text:__mspabi_cvtfd)
                  00008e10    00000068                     : fs_toi.asm.obj (.text)
                  00008e78    0000005c                     : lsr32.asm.obj (.text:l_lsr_const)
                  00008ed4    0000004e     UARTFuncs.obj (.text:my_scanf)
                  00008f22    0000004c     rts430_eabi.lib : lsr16.asm.obj (.text)
                  00008f6e    0000004a                     : fs_cmp.asm.obj (.text)
                  00008fb8    00000046                     : fs_tou.asm.obj (.text)
                  00008ffe    00000044     UARTFuncs.obj (.text:float2chars)
                  00009042    00000042     rts430_eabi.lib : autoinit.c.obj (.text:__TI_auto_init_nobinit_nopinit:__TI_auto_init_nobinit_nopinit)
                  00009084    00000042     UARTFuncs.obj (.text:chars2float)
                  000090c6    0000003e     rts430_eabi.lib : asr32.asm.obj (.text:l_asr_const)
                  00009104    0000003e                     : lsl32.asm.obj (.text:l_lsl_const)
                  00009142    00000036                     : fs_itof.asm.obj (.text)
                  00009178    0000002c                     : asr16.asm.obj (.text)
                  000091a4    0000002c                     : div16s.asm.obj (.text)
                  000091d0    0000002c                     : lsl16.asm.obj (.text)
                  000091fc    00000026                     : mult32.asm.obj (.text)
                  00009222    00000024                     : fs_utof.asm.obj (.text)
                  00009246    0000001c                     : boot.c.obj (.text:_c_int00_noargs)
                  00009262    00000016     user_Lab0ex3.obj (.text:Timer_A)
                  00009278    00000016     rts430_eabi.lib : div16u.asm.obj (.text)
                  0000928e    00000014                     : copy_zero_init.c.obj (.text:decompress:ZI:__TI_zero_init_nomemset:__TI_zero_init_nomemset)
                  000092a2    00000014                     : mult16.asm.obj (.text)
                  000092b6    00000012                     : copy_decompress_none.c.obj (.text:decompress:none:__TI_decompress_none)
                  000092c8    00000012                     : memcpy.c.obj (.text:memcpy)
                  000092da    00000010                     : epilog.asm.obj (.text)
                  000092ea    00000008                     : isr_trap.asm.obj (.text:_isr:__TI_ISR_TRAP)
                  000092f2    00000006                     : exit.c.obj (.text:abort)
                  000092f8    00000004                     : pre_init.c.obj (.text:_system_pre_init)
                  000092fc    00000002                     : startup.c.obj (.text:_system_post_cinit)

.cinit     0    000092fe    0000001c     
                  000092fe    0000000a     (.cinit..data.load) [load image, compression = lzss]
                  00009308    00000006     (__TI_handler_table)
                  0000930e    00000004     (.cinit..bss.load) [load image, compression = zero_init]
                  00009312    00000008     (__TI_cinit_table)

.init_array 
*          0    00008000    00000000     UNINITIALIZED

PORT1      0    0000ffe4    00000002     
                  0000ffe4    00000002     rts430_eabi.lib : int02.asm.obj (.int02)

PORT2      0    0000ffe6    00000002     
                  0000ffe6    00000002     rts430_eabi.lib : int03.asm.obj (.int03)

ADC10      0    0000ffea    00000002     
                  0000ffea    00000002     rts430_eabi.lib : int05.asm.obj (.int05)

USCIAB0TX 
*          0    0000ffec    00000002     
                  0000ffec    00000002     user_Lab0ex3.obj (.int06)

USCIAB0RX 
*          0    0000ffee    00000002     
                  0000ffee    00000002     user_Lab0ex3.obj (.int07)

TIMERA1    0    0000fff0    00000002     
                  0000fff0    00000002     rts430_eabi.lib : int08.asm.obj (.int08)

TIMERA0    0    0000fff2    00000002     
                  0000fff2    00000002     user_Lab0ex3.obj (.int09)

WDT        0    0000fff4    00000002     
                  0000fff4    00000002     rts430_eabi.lib : int10.asm.obj (.int10)

TIMERB1    0    0000fff8    00000002     
                  0000fff8    00000002     rts430_eabi.lib : int12.asm.obj (.int12)

TIMERB0    0    0000fffa    00000002     
                  0000fffa    00000002     rts430_eabi.lib : int13.asm.obj (.int13)

NMI        0    0000fffc    00000002     
                  0000fffc    00000002     rts430_eabi.lib : int14.asm.obj (.int14)

.reset     0    0000fffe    00000002     
                  0000fffe    00000002     rts430_eabi.lib : boot.c.obj (.reset)

MODULE SUMMARY

       Module                       code   ro data   rw data
       ------                       ----   -------   -------
    .\
       UARTFuncs.obj                616    0         136    
       user_Lab0ex3.obj             488    6         14     
    +--+----------------------------+------+---------+---------+
       Total:                       1104   6         150    
                                                            
    C:\CCStudio_v8\ccsv8\tools\compiler\ti-cgt-msp430_18.1.1.LTS\lib\rts430_eabi.lib
       frcdivd.c.obj                1144   0         0      
       divd.c.obj                   568    0         0      
       fs_add.asm.obj               306    0         0      
       fs_mpy.asm.obj               196    0         0      
       cvtdf.c.obj                  140    0         0      
       fltuld.c.obj                 138    0         0      
       copy_decompress_lzss.c.obj   124    0         0      
       cvtfd.c.obj                  114    0         0      
       fs_toi.asm.obj               104    0         0      
       lsr32.asm.obj                92     0         0      
       lsr16.asm.obj                76     0         0      
       fs_cmp.asm.obj               74     0         0      
       fs_tou.asm.obj               70     0         0      
       autoinit.c.obj               66     0         0      
       asr32.asm.obj                62     0         0      
       lsl32.asm.obj                62     0         0      
       fs_itof.asm.obj              54     0         0      
       asr16.asm.obj                44     0         0      
       div16s.asm.obj               44     0         0      
       lsl16.asm.obj                44     0         0      
       mult32.asm.obj               38     0         0      
       fs_utof.asm.obj              36     0         0      
       boot.c.obj                   28     2         0      
       div16u.asm.obj               22     0         0      
       copy_zero_init.c.obj         20     0         0      
       mult16.asm.obj               20     0         0      
       copy_decompress_none.c.obj   18     0         0      
       memcpy.c.obj                 18     0         0      
       epilog.asm.obj               16     0         0      
       isr_trap.asm.obj             8      0         0      
       exit.c.obj                   6      0         0      
       pre_init.c.obj               4      0         0      
       int02.asm.obj                0      2         0      
       int03.asm.obj                0      2         0      
       int05.asm.obj                0      2         0      
       int08.asm.obj                0      2         0      
       int10.asm.obj                0      2         0      
       int12.asm.obj                0      2         0      
       int13.asm.obj                0      2         0      
       int14.asm.obj                0      2         0      
       startup.c.obj                2      0         0      
    +--+----------------------------+------+---------+---------+
       Total:                       3758   18        0      
                                                            
       Stack:                       0      0         80     
       Linker Generated:            0      28        0      
    +--+----------------------------+------+---------+---------+
       Grand Total:                 4862   52        230    


LINKER GENERATED COPY TABLES

__TI_cinit_table @ 00009312 records: 2, size/record: 4, table size: 8
	.data: load addr=000092fe, load size=0000000a bytes, run addr=00000286, run size=00000010 bytes, compression=lzss
	.bss: load addr=0000930e, load size=00000004 bytes, run addr=00000200, run size=00000086 bytes, compression=zero_init


LINKER GENERATED HANDLER TABLE

__TI_handler_table @ 00009308 records: 3, size/record: 2, table size: 6
	index: 0, handler: __TI_zero_init
	index: 1, handler: __TI_decompress_lzss
	index: 2, handler: __TI_decompress_none


GLOBAL SYMBOLS: SORTED ALPHABETICALLY BY Name 

address   name                          
-------   ----                          
0000004a  ADC10AE0                      
0000004b  ADC10AE1                      
000001b0  ADC10CTL0                     
000001b2  ADC10CTL1                     
00000048  ADC10DTC0                     
00000049  ADC10DTC1                     
000001b4  ADC10MEM                      
000001bc  ADC10SA                       
00000057  BCSCTL1                       
00000058  BCSCTL2                       
00000053  BCSCTL3                       
000092f2  C$$EXIT                       
000010fb  CALBC1_12MHZ                  
000010f9  CALBC1_16MHZ                  
000010ff  CALBC1_1MHZ                   
000010fd  CALBC1_8MHZ                   
000010fa  CALDCO_12MHZ                  
000010f8  CALDCO_16MHZ                  
000010fe  CALDCO_1MHZ                   
000010fc  CALDCO_8MHZ                   
00000056  DCOCTL                        
00000128  FCTL1                         
0000012a  FCTL2                         
0000012c  FCTL3                         
00000000  IE1                           
00000001  IE2                           
00000002  IFG1                          
00000003  IFG2                          
000087e2  Init_UART                     
00000022  P1DIR                         
00000025  P1IE                          
00000024  P1IES                         
00000023  P1IFG                         
00000020  P1IN                          
00000021  P1OUT                         
00000027  P1REN                         
00000026  P1SEL                         
0000002a  P2DIR                         
0000002d  P2IE                          
0000002c  P2IES                         
0000002b  P2IFG                         
00000028  P2IN                          
00000029  P2OUT                         
0000002f  P2REN                         
0000002e  P2SEL                         
0000001a  P3DIR                         
00000018  P3IN                          
00000019  P3OUT                         
00000010  P3REN                         
0000001b  P3SEL                         
0000001e  P4DIR                         
0000001c  P4IN                          
0000001d  P4OUT                         
00000011  P4REN                         
0000001f  P4SEL                         
00000172  TACCR0                        
00000174  TACCR1                        
00000176  TACCR2                        
00000162  TACCTL0                       
00000164  TACCTL1                       
00000166  TACCTL2                       
00000160  TACTL                         
0000012e  TAIV                          
00000170  TAR                           
00000192  TBCCR0                        
00000194  TBCCR1                        
00000196  TBCCR2                        
00000182  TBCCTL0                       
00000184  TBCCTL1                       
00000186  TBCCTL2                       
00000180  TBCTL                         
0000011e  TBIV                          
00000190  TBR                           
00009262  Timer_A                       
00000295  UART_flag                     
00008d2a  UART_send                     
0000005d  UCA0ABCTL                     
00000062  UCA0BR0                       
00000063  UCA0BR1                       
00000060  UCA0CTL0                      
00000061  UCA0CTL1                      
0000005f  UCA0IRRCTL                    
0000005e  UCA0IRTCTL                    
00000064  UCA0MCTL                      
00000066  UCA0RXBUF                     
00000065  UCA0STAT                      
00000067  UCA0TXBUF                     
0000006a  UCB0BR0                       
0000006b  UCB0BR1                       
00000068  UCB0CTL0                      
00000069  UCB0CTL1                      
0000006c  UCB0I2CIE                     
00000118  UCB0I2COA                     
0000011a  UCB0I2CSA                     
0000006e  UCB0RXBUF                     
0000006d  UCB0STAT                      
0000006f  UCB0TXBUF                     
00008cb4  USCI0RX_ISR                   
00008bb6  USCI0TX_ISR                   
00000120  WDTCTL                        
00000600  __STACK_END                   
00000050  __STACK_SIZE                  
00009312  __TI_CINIT_Base               
0000931a  __TI_CINIT_Limit              
00009308  __TI_Handler_Table_Base       
0000930e  __TI_Handler_Table_Limit      
000092ea  __TI_ISR_TRAP                 
00009042  __TI_auto_init_nobinit_nopinit
00008c38  __TI_decompress_lzss          
000092b6  __TI_decompress_none          
00008000  __TI_frcdivd                  
0000ffe4  __TI_int02                    
0000ffe6  __TI_int03                    
0000ffea  __TI_int05                    
0000ffec  __TI_int06                    
0000ffee  __TI_int07                    
0000fff0  __TI_int08                    
0000fff2  __TI_int09                    
0000fff4  __TI_int10                    
0000fff8  __TI_int12                    
0000fffa  __TI_int13                    
0000fffc  __TI_int14                    
ffffffff  __TI_pprof_out_hndl           
ffffffff  __TI_prof_data_size           
ffffffff  __TI_prof_data_start          
0000928e  __TI_zero_init_nomemset       
ffffffff  __c_args__                    
000086b6  __mspabi_addf                 
00008f6e  __mspabi_cmpf                 
00008aa0  __mspabi_cvtdf                
00008d9e  __mspabi_cvtfd                
00008478  __mspabi_divd                 
000091a4  __mspabi_divi                 
00009278  __mspabi_divu                 
00008e10  __mspabi_fixfi                
00008fb8  __mspabi_fixfu                
00009142  __mspabi_fltif                
00009222  __mspabi_fltuf                
00008b2c  __mspabi_fltuld               
000092e6  __mspabi_func_epilog_1        
000092e4  __mspabi_func_epilog_2        
000092e2  __mspabi_func_epilog_3        
000092e0  __mspabi_func_epilog_4        
000092de  __mspabi_func_epilog_5        
000092dc  __mspabi_func_epilog_6        
000092da  __mspabi_func_epilog_7        
000089dc  __mspabi_mpyf                 
000092a2  __mspabi_mpyi                 
000092a2  __mspabi_mpyi_sw              
000091fc  __mspabi_mpyl                 
000091fc  __mspabi_mpyl_sw              
000091a4  __mspabi_remi                 
00009278  __mspabi_remu                 
000091d0  __mspabi_slli                 
000091f8  __mspabi_slli_1               
000091e6  __mspabi_slli_10              
000091e4  __mspabi_slli_11              
000091e2  __mspabi_slli_12              
000091e0  __mspabi_slli_13              
000091de  __mspabi_slli_14              
000091dc  __mspabi_slli_15              
000091f6  __mspabi_slli_2               
000091f4  __mspabi_slli_3               
000091f2  __mspabi_slli_4               
000091f0  __mspabi_slli_5               
000091ee  __mspabi_slli_6               
000091ec  __mspabi_slli_7               
000091ea  __mspabi_slli_8               
000091e8  __mspabi_slli_9               
0000913c  __mspabi_slll_1               
00009118  __mspabi_slll_10              
00009114  __mspabi_slll_11              
00009110  __mspabi_slll_12              
0000910c  __mspabi_slll_13              
00009108  __mspabi_slll_14              
00009104  __mspabi_slll_15              
00009138  __mspabi_slll_2               
00009134  __mspabi_slll_3               
00009130  __mspabi_slll_4               
0000912c  __mspabi_slll_5               
00009128  __mspabi_slll_6               
00009124  __mspabi_slll_7               
00009120  __mspabi_slll_8               
0000911c  __mspabi_slll_9               
00009178  __mspabi_srai                 
000091a0  __mspabi_srai_1               
0000918e  __mspabi_srai_10              
0000918c  __mspabi_srai_11              
0000918a  __mspabi_srai_12              
00009188  __mspabi_srai_13              
00009186  __mspabi_srai_14              
00009184  __mspabi_srai_15              
0000919e  __mspabi_srai_2               
0000919c  __mspabi_srai_3               
0000919a  __mspabi_srai_4               
00009198  __mspabi_srai_5               
00009196  __mspabi_srai_6               
00009194  __mspabi_srai_7               
00009192  __mspabi_srai_8               
00009190  __mspabi_srai_9               
000090fe  __mspabi_sral_1               
000090da  __mspabi_sral_10              
000090d6  __mspabi_sral_11              
000090d2  __mspabi_sral_12              
000090ce  __mspabi_sral_13              
000090ca  __mspabi_sral_14              
000090c6  __mspabi_sral_15              
000090fa  __mspabi_sral_2               
000090f6  __mspabi_sral_3               
000090f2  __mspabi_sral_4               
000090ee  __mspabi_sral_5               
000090ea  __mspabi_sral_6               
000090e6  __mspabi_sral_7               
000090e2  __mspabi_sral_8               
000090de  __mspabi_sral_9               
00008f22  __mspabi_srli                 
00008f68  __mspabi_srli_1               
00008f44  __mspabi_srli_10              
00008f40  __mspabi_srli_11              
00008f3c  __mspabi_srli_12              
00008f38  __mspabi_srli_13              
00008f34  __mspabi_srli_14              
00008f30  __mspabi_srli_15              
00008f64  __mspabi_srli_2               
00008f60  __mspabi_srli_3               
00008f5c  __mspabi_srli_4               
00008f58  __mspabi_srli_5               
00008f54  __mspabi_srli_6               
00008f50  __mspabi_srli_7               
00008f4c  __mspabi_srli_8               
00008f48  __mspabi_srli_9               
00008ecc  __mspabi_srll_1               
00008e96  __mspabi_srll_10              
00008e90  __mspabi_srll_11              
00008e8a  __mspabi_srll_12              
00008e84  __mspabi_srll_13              
00008e7e  __mspabi_srll_14              
00008e78  __mspabi_srll_15              
00008ec6  __mspabi_srll_2               
00008ec0  __mspabi_srll_3               
00008eba  __mspabi_srll_4               
00008eb4  __mspabi_srll_5               
00008eae  __mspabi_srll_6               
00008ea8  __mspabi_srll_7               
00008ea2  __mspabi_srll_8               
00008e9c  __mspabi_srll_9               
000086b0  __mspabi_subf                 
00009246  _c_int00_noargs               
0000fffe  _reset_vector                 
000005b0  _stack                        
000092fc  _system_post_cinit            
000092f8  _system_pre_init              
000092f2  abort                         
00009084  chars2float                   
00000292  currentindex                  
00000290  donesending                   
0000028e  fastcnt                       
00008ffe  float2chars                   
00008902  main                          
000092c8  memcpy                        
00000286  msgindex                      
00008ed4  my_scanf                      
00000289  newmsg                        
0000028a  newprint                      
00000268  printbuff                     
00000294  printf_flag                   
00000200  rxbuff                        
00000293  senddone                      
00000288  started                       
00000282  temp                          
0000028c  timecnt                       
00000234  txbuff                        
00000291  txcount                       
00000287  txindex                       


GLOBAL SYMBOLS: SORTED BY Symbol Address 

address   name                          
-------   ----                          
00000000  IE1                           
00000001  IE2                           
00000002  IFG1                          
00000003  IFG2                          
00000010  P3REN                         
00000011  P4REN                         
00000018  P3IN                          
00000019  P3OUT                         
0000001a  P3DIR                         
0000001b  P3SEL                         
0000001c  P4IN                          
0000001d  P4OUT                         
0000001e  P4DIR                         
0000001f  P4SEL                         
00000020  P1IN                          
00000021  P1OUT                         
00000022  P1DIR                         
00000023  P1IFG                         
00000024  P1IES                         
00000025  P1IE                          
00000026  P1SEL                         
00000027  P1REN                         
00000028  P2IN                          
00000029  P2OUT                         
0000002a  P2DIR                         
0000002b  P2IFG                         
0000002c  P2IES                         
0000002d  P2IE                          
0000002e  P2SEL                         
0000002f  P2REN                         
00000048  ADC10DTC0                     
00000049  ADC10DTC1                     
0000004a  ADC10AE0                      
0000004b  ADC10AE1                      
00000050  __STACK_SIZE                  
00000053  BCSCTL3                       
00000056  DCOCTL                        
00000057  BCSCTL1                       
00000058  BCSCTL2                       
0000005d  UCA0ABCTL                     
0000005e  UCA0IRTCTL                    
0000005f  UCA0IRRCTL                    
00000060  UCA0CTL0                      
00000061  UCA0CTL1                      
00000062  UCA0BR0                       
00000063  UCA0BR1                       
00000064  UCA0MCTL                      
00000065  UCA0STAT                      
00000066  UCA0RXBUF                     
00000067  UCA0TXBUF                     
00000068  UCB0CTL0                      
00000069  UCB0CTL1                      
0000006a  UCB0BR0                       
0000006b  UCB0BR1                       
0000006c  UCB0I2CIE                     
0000006d  UCB0STAT                      
0000006e  UCB0RXBUF                     
0000006f  UCB0TXBUF                     
00000118  UCB0I2COA                     
0000011a  UCB0I2CSA                     
0000011e  TBIV                          
00000120  WDTCTL                        
00000128  FCTL1                         
0000012a  FCTL2                         
0000012c  FCTL3                         
0000012e  TAIV                          
00000160  TACTL                         
00000162  TACCTL0                       
00000164  TACCTL1                       
00000166  TACCTL2                       
00000170  TAR                           
00000172  TACCR0                        
00000174  TACCR1                        
00000176  TACCR2                        
00000180  TBCTL                         
00000182  TBCCTL0                       
00000184  TBCCTL1                       
00000186  TBCCTL2                       
00000190  TBR                           
00000192  TBCCR0                        
00000194  TBCCR1                        
00000196  TBCCR2                        
000001b0  ADC10CTL0                     
000001b2  ADC10CTL1                     
000001b4  ADC10MEM                      
000001bc  ADC10SA                       
00000200  rxbuff                        
00000234  txbuff                        
00000268  printbuff                     
00000282  temp                          
00000286  msgindex                      
00000287  txindex                       
00000288  started                       
00000289  newmsg                        
0000028a  newprint                      
0000028c  timecnt                       
0000028e  fastcnt                       
00000290  donesending                   
00000291  txcount                       
00000292  currentindex                  
00000293  senddone                      
00000294  printf_flag                   
00000295  UART_flag                     
000005b0  _stack                        
00000600  __STACK_END                   
000010f8  CALDCO_16MHZ                  
000010f9  CALBC1_16MHZ                  
000010fa  CALDCO_12MHZ                  
000010fb  CALBC1_12MHZ                  
000010fc  CALDCO_8MHZ                   
000010fd  CALBC1_8MHZ                   
000010fe  CALDCO_1MHZ                   
000010ff  CALBC1_1MHZ                   
00008000  __TI_frcdivd                  
00008478  __mspabi_divd                 
000086b0  __mspabi_subf                 
000086b6  __mspabi_addf                 
000087e2  Init_UART                     
00008902  main                          
000089dc  __mspabi_mpyf                 
00008aa0  __mspabi_cvtdf                
00008b2c  __mspabi_fltuld               
00008bb6  USCI0TX_ISR                   
00008c38  __TI_decompress_lzss          
00008cb4  USCI0RX_ISR                   
00008d2a  UART_send                     
00008d9e  __mspabi_cvtfd                
00008e10  __mspabi_fixfi                
00008e78  __mspabi_srll_15              
00008e7e  __mspabi_srll_14              
00008e84  __mspabi_srll_13              
00008e8a  __mspabi_srll_12              
00008e90  __mspabi_srll_11              
00008e96  __mspabi_srll_10              
00008e9c  __mspabi_srll_9               
00008ea2  __mspabi_srll_8               
00008ea8  __mspabi_srll_7               
00008eae  __mspabi_srll_6               
00008eb4  __mspabi_srll_5               
00008eba  __mspabi_srll_4               
00008ec0  __mspabi_srll_3               
00008ec6  __mspabi_srll_2               
00008ecc  __mspabi_srll_1               
00008ed4  my_scanf                      
00008f22  __mspabi_srli                 
00008f30  __mspabi_srli_15              
00008f34  __mspabi_srli_14              
00008f38  __mspabi_srli_13              
00008f3c  __mspabi_srli_12              
00008f40  __mspabi_srli_11              
00008f44  __mspabi_srli_10              
00008f48  __mspabi_srli_9               
00008f4c  __mspabi_srli_8               
00008f50  __mspabi_srli_7               
00008f54  __mspabi_srli_6               
00008f58  __mspabi_srli_5               
00008f5c  __mspabi_srli_4               
00008f60  __mspabi_srli_3               
00008f64  __mspabi_srli_2               
00008f68  __mspabi_srli_1               
00008f6e  __mspabi_cmpf                 
00008fb8  __mspabi_fixfu                
00008ffe  float2chars                   
00009042  __TI_auto_init_nobinit_nopinit
00009084  chars2float                   
000090c6  __mspabi_sral_15              
000090ca  __mspabi_sral_14              
000090ce  __mspabi_sral_13              
000090d2  __mspabi_sral_12              
000090d6  __mspabi_sral_11              
000090da  __mspabi_sral_10              
000090de  __mspabi_sral_9               
000090e2  __mspabi_sral_8               
000090e6  __mspabi_sral_7               
000090ea  __mspabi_sral_6               
000090ee  __mspabi_sral_5               
000090f2  __mspabi_sral_4               
000090f6  __mspabi_sral_3               
000090fa  __mspabi_sral_2               
000090fe  __mspabi_sral_1               
00009104  __mspabi_slll_15              
00009108  __mspabi_slll_14              
0000910c  __mspabi_slll_13              
00009110  __mspabi_slll_12              
00009114  __mspabi_slll_11              
00009118  __mspabi_slll_10              
0000911c  __mspabi_slll_9               
00009120  __mspabi_slll_8               
00009124  __mspabi_slll_7               
00009128  __mspabi_slll_6               
0000912c  __mspabi_slll_5               
00009130  __mspabi_slll_4               
00009134  __mspabi_slll_3               
00009138  __mspabi_slll_2               
0000913c  __mspabi_slll_1               
00009142  __mspabi_fltif                
00009178  __mspabi_srai                 
00009184  __mspabi_srai_15              
00009186  __mspabi_srai_14              
00009188  __mspabi_srai_13              
0000918a  __mspabi_srai_12              
0000918c  __mspabi_srai_11              
0000918e  __mspabi_srai_10              
00009190  __mspabi_srai_9               
00009192  __mspabi_srai_8               
00009194  __mspabi_srai_7               
00009196  __mspabi_srai_6               
00009198  __mspabi_srai_5               
0000919a  __mspabi_srai_4               
0000919c  __mspabi_srai_3               
0000919e  __mspabi_srai_2               
000091a0  __mspabi_srai_1               
000091a4  __mspabi_divi                 
000091a4  __mspabi_remi                 
000091d0  __mspabi_slli                 
000091dc  __mspabi_slli_15              
000091de  __mspabi_slli_14              
000091e0  __mspabi_slli_13              
000091e2  __mspabi_slli_12              
000091e4  __mspabi_slli_11              
000091e6  __mspabi_slli_10              
000091e8  __mspabi_slli_9               
000091ea  __mspabi_slli_8               
000091ec  __mspabi_slli_7               
000091ee  __mspabi_slli_6               
000091f0  __mspabi_slli_5               
000091f2  __mspabi_slli_4               
000091f4  __mspabi_slli_3               
000091f6  __mspabi_slli_2               
000091f8  __mspabi_slli_1               
000091fc  __mspabi_mpyl                 
000091fc  __mspabi_mpyl_sw              
00009222  __mspabi_fltuf                
00009246  _c_int00_noargs               
00009262  Timer_A                       
00009278  __mspabi_divu                 
00009278  __mspabi_remu                 
0000928e  __TI_zero_init_nomemset       
000092a2  __mspabi_mpyi                 
000092a2  __mspabi_mpyi_sw              
000092b6  __TI_decompress_none          
000092c8  memcpy                        
000092da  __mspabi_func_epilog_7        
000092dc  __mspabi_func_epilog_6        
000092de  __mspabi_func_epilog_5        
000092e0  __mspabi_func_epilog_4        
000092e2  __mspabi_func_epilog_3        
000092e4  __mspabi_func_epilog_2        
000092e6  __mspabi_func_epilog_1        
000092ea  __TI_ISR_TRAP                 
000092f2  C$$EXIT                       
000092f2  abort                         
000092f8  _system_pre_init              
000092fc  _system_post_cinit            
00009308  __TI_Handler_Table_Base       
0000930e  __TI_Handler_Table_Limit      
00009312  __TI_CINIT_Base               
0000931a  __TI_CINIT_Limit              
0000ffe4  __TI_int02                    
0000ffe6  __TI_int03                    
0000ffea  __TI_int05                    
0000ffec  __TI_int06                    
0000ffee  __TI_int07                    
0000fff0  __TI_int08                    
0000fff2  __TI_int09                    
0000fff4  __TI_int10                    
0000fff8  __TI_int12                    
0000fffa  __TI_int13                    
0000fffc  __TI_int14                    
0000fffe  _reset_vector                 
ffffffff  __TI_pprof_out_hndl           
ffffffff  __TI_prof_data_size           
ffffffff  __TI_prof_data_start          
ffffffff  __c_args__                    

[274 symbols]
