<?xml version="1.0" encoding="ISO-8859-1" ?>
<link_info>
   <banner>MSP430 Linker PC v18.1.1.LTS</banner>
   <copyright>Copyright (c) 2003-2017 Texas Instruments Incorporated</copyright>
   <link_time>0x5ba3e85c</link_time>
   <link_errors>0x0</link_errors>
   <output_file>Lab3.out</output_file>
   <entry_point>
      <name>_c_int00_noargs</name>
      <address>0xbf20</address>
   </entry_point>
   <input_file_list>
      <input_file id="fl-2">
         <path>.\</path>
         <kind>object</kind>
         <file>UARTFuncs.obj</file>
         <name>UARTFuncs.obj</name>
      </input_file>
      <input_file id="fl-3">
         <path>.\</path>
         <kind>object</kind>
         <file>user_Lab3ex3.obj</file>
         <name>user_Lab3ex3.obj</name>
      </input_file>
      <input_file id="fl-8">
         <kind>object</kind>
         <file>&lt;internal&gt;</file>
         <name>&lt;internal&gt;</name>
      </input_file>
      <input_file id="fl-1e">
         <path>C:\CCStudio_v8\ccsv8\tools\compiler\ti-cgt-msp430_18.1.1.LTS\lib\</path>
         <kind>archive</kind>
         <file>rts430_eabi.lib</file>
         <name>asr16.asm.obj</name>
      </input_file>
      <input_file id="fl-1f">
         <path>C:\CCStudio_v8\ccsv8\tools\compiler\ti-cgt-msp430_18.1.1.LTS\lib\</path>
         <kind>archive</kind>
         <file>rts430_eabi.lib</file>
         <name>div16s.asm.obj</name>
      </input_file>
      <input_file id="fl-20">
         <path>C:\CCStudio_v8\ccsv8\tools\compiler\ti-cgt-msp430_18.1.1.LTS\lib\</path>
         <kind>archive</kind>
         <file>rts430_eabi.lib</file>
         <name>div16u.asm.obj</name>
      </input_file>
      <input_file id="fl-21">
         <path>C:\CCStudio_v8\ccsv8\tools\compiler\ti-cgt-msp430_18.1.1.LTS\lib\</path>
         <kind>archive</kind>
         <file>rts430_eabi.lib</file>
         <name>epilog.asm.obj</name>
      </input_file>
      <input_file id="fl-22">
         <path>C:\CCStudio_v8\ccsv8\tools\compiler\ti-cgt-msp430_18.1.1.LTS\lib\</path>
         <kind>archive</kind>
         <file>rts430_eabi.lib</file>
         <name>fs_add.asm.obj</name>
      </input_file>
      <input_file id="fl-23">
         <path>C:\CCStudio_v8\ccsv8\tools\compiler\ti-cgt-msp430_18.1.1.LTS\lib\</path>
         <kind>archive</kind>
         <file>rts430_eabi.lib</file>
         <name>fs_cmp.asm.obj</name>
      </input_file>
      <input_file id="fl-24">
         <path>C:\CCStudio_v8\ccsv8\tools\compiler\ti-cgt-msp430_18.1.1.LTS\lib\</path>
         <kind>archive</kind>
         <file>rts430_eabi.lib</file>
         <name>fs_itof.asm.obj</name>
      </input_file>
      <input_file id="fl-25">
         <path>C:\CCStudio_v8\ccsv8\tools\compiler\ti-cgt-msp430_18.1.1.LTS\lib\</path>
         <kind>archive</kind>
         <file>rts430_eabi.lib</file>
         <name>fs_mpy.asm.obj</name>
      </input_file>
      <input_file id="fl-26">
         <path>C:\CCStudio_v8\ccsv8\tools\compiler\ti-cgt-msp430_18.1.1.LTS\lib\</path>
         <kind>archive</kind>
         <file>rts430_eabi.lib</file>
         <name>fs_toi.asm.obj</name>
      </input_file>
      <input_file id="fl-27">
         <path>C:\CCStudio_v8\ccsv8\tools\compiler\ti-cgt-msp430_18.1.1.LTS\lib\</path>
         <kind>archive</kind>
         <file>rts430_eabi.lib</file>
         <name>int02.asm.obj</name>
      </input_file>
      <input_file id="fl-28">
         <path>C:\CCStudio_v8\ccsv8\tools\compiler\ti-cgt-msp430_18.1.1.LTS\lib\</path>
         <kind>archive</kind>
         <file>rts430_eabi.lib</file>
         <name>int03.asm.obj</name>
      </input_file>
      <input_file id="fl-29">
         <path>C:\CCStudio_v8\ccsv8\tools\compiler\ti-cgt-msp430_18.1.1.LTS\lib\</path>
         <kind>archive</kind>
         <file>rts430_eabi.lib</file>
         <name>int05.asm.obj</name>
      </input_file>
      <input_file id="fl-2a">
         <path>C:\CCStudio_v8\ccsv8\tools\compiler\ti-cgt-msp430_18.1.1.LTS\lib\</path>
         <kind>archive</kind>
         <file>rts430_eabi.lib</file>
         <name>int08.asm.obj</name>
      </input_file>
      <input_file id="fl-2b">
         <path>C:\CCStudio_v8\ccsv8\tools\compiler\ti-cgt-msp430_18.1.1.LTS\lib\</path>
         <kind>archive</kind>
         <file>rts430_eabi.lib</file>
         <name>int10.asm.obj</name>
      </input_file>
      <input_file id="fl-2c">
         <path>C:\CCStudio_v8\ccsv8\tools\compiler\ti-cgt-msp430_18.1.1.LTS\lib\</path>
         <kind>archive</kind>
         <file>rts430_eabi.lib</file>
         <name>int12.asm.obj</name>
      </input_file>
      <input_file id="fl-2d">
         <path>C:\CCStudio_v8\ccsv8\tools\compiler\ti-cgt-msp430_18.1.1.LTS\lib\</path>
         <kind>archive</kind>
         <file>rts430_eabi.lib</file>
         <name>int13.asm.obj</name>
      </input_file>
      <input_file id="fl-2e">
         <path>C:\CCStudio_v8\ccsv8\tools\compiler\ti-cgt-msp430_18.1.1.LTS\lib\</path>
         <kind>archive</kind>
         <file>rts430_eabi.lib</file>
         <name>int14.asm.obj</name>
      </input_file>
      <input_file id="fl-2f">
         <path>C:\CCStudio_v8\ccsv8\tools\compiler\ti-cgt-msp430_18.1.1.LTS\lib\</path>
         <kind>archive</kind>
         <file>rts430_eabi.lib</file>
         <name>isr_trap.asm.obj</name>
      </input_file>
      <input_file id="fl-30">
         <path>C:\CCStudio_v8\ccsv8\tools\compiler\ti-cgt-msp430_18.1.1.LTS\lib\</path>
         <kind>archive</kind>
         <file>rts430_eabi.lib</file>
         <name>lsl16.asm.obj</name>
      </input_file>
      <input_file id="fl-31">
         <path>C:\CCStudio_v8\ccsv8\tools\compiler\ti-cgt-msp430_18.1.1.LTS\lib\</path>
         <kind>archive</kind>
         <file>rts430_eabi.lib</file>
         <name>lsl32.asm.obj</name>
      </input_file>
      <input_file id="fl-32">
         <path>C:\CCStudio_v8\ccsv8\tools\compiler\ti-cgt-msp430_18.1.1.LTS\lib\</path>
         <kind>archive</kind>
         <file>rts430_eabi.lib</file>
         <name>lsr16.asm.obj</name>
      </input_file>
      <input_file id="fl-33">
         <path>C:\CCStudio_v8\ccsv8\tools\compiler\ti-cgt-msp430_18.1.1.LTS\lib\</path>
         <kind>archive</kind>
         <file>rts430_eabi.lib</file>
         <name>lsr32.asm.obj</name>
      </input_file>
      <input_file id="fl-34">
         <path>C:\CCStudio_v8\ccsv8\tools\compiler\ti-cgt-msp430_18.1.1.LTS\lib\</path>
         <kind>archive</kind>
         <file>rts430_eabi.lib</file>
         <name>boot.c.obj</name>
      </input_file>
      <input_file id="fl-35">
         <path>C:\CCStudio_v8\ccsv8\tools\compiler\ti-cgt-msp430_18.1.1.LTS\lib\</path>
         <kind>archive</kind>
         <file>rts430_eabi.lib</file>
         <name>autoinit.c.obj</name>
      </input_file>
      <input_file id="fl-36">
         <path>C:\CCStudio_v8\ccsv8\tools\compiler\ti-cgt-msp430_18.1.1.LTS\lib\</path>
         <kind>archive</kind>
         <file>rts430_eabi.lib</file>
         <name>copy_zero_init.c.obj</name>
      </input_file>
      <input_file id="fl-37">
         <path>C:\CCStudio_v8\ccsv8\tools\compiler\ti-cgt-msp430_18.1.1.LTS\lib\</path>
         <kind>archive</kind>
         <file>rts430_eabi.lib</file>
         <name>cpy_tbl.c.obj</name>
      </input_file>
      <input_file id="fl-38">
         <path>C:\CCStudio_v8\ccsv8\tools\compiler\ti-cgt-msp430_18.1.1.LTS\lib\</path>
         <kind>archive</kind>
         <file>rts430_eabi.lib</file>
         <name>mpu_init.c.obj</name>
      </input_file>
      <input_file id="fl-39">
         <path>C:\CCStudio_v8\ccsv8\tools\compiler\ti-cgt-msp430_18.1.1.LTS\lib\</path>
         <kind>archive</kind>
         <file>rts430_eabi.lib</file>
         <name>pre_init.c.obj</name>
      </input_file>
      <input_file id="fl-3a">
         <path>C:\CCStudio_v8\ccsv8\tools\compiler\ti-cgt-msp430_18.1.1.LTS\lib\</path>
         <kind>archive</kind>
         <file>rts430_eabi.lib</file>
         <name>startup.c.obj</name>
      </input_file>
      <input_file id="fl-3b">
         <path>C:\CCStudio_v8\ccsv8\tools\compiler\ti-cgt-msp430_18.1.1.LTS\lib\</path>
         <kind>archive</kind>
         <file>rts430_eabi.lib</file>
         <name>copy_decompress_none.c.obj</name>
      </input_file>
      <input_file id="fl-3c">
         <path>C:\CCStudio_v8\ccsv8\tools\compiler\ti-cgt-msp430_18.1.1.LTS\lib\</path>
         <kind>archive</kind>
         <file>rts430_eabi.lib</file>
         <name>copy_decompress_lzss.c.obj</name>
      </input_file>
      <input_file id="fl-3d">
         <path>C:\CCStudio_v8\ccsv8\tools\compiler\ti-cgt-msp430_18.1.1.LTS\lib\</path>
         <kind>archive</kind>
         <file>rts430_eabi.lib</file>
         <name>divd.c.obj</name>
      </input_file>
      <input_file id="fl-3e">
         <path>C:\CCStudio_v8\ccsv8\tools\compiler\ti-cgt-msp430_18.1.1.LTS\lib\</path>
         <kind>archive</kind>
         <file>rts430_eabi.lib</file>
         <name>fltuld.c.obj</name>
      </input_file>
      <input_file id="fl-3f">
         <path>C:\CCStudio_v8\ccsv8\tools\compiler\ti-cgt-msp430_18.1.1.LTS\lib\</path>
         <kind>archive</kind>
         <file>rts430_eabi.lib</file>
         <name>frcdivd.c.obj</name>
      </input_file>
      <input_file id="fl-40">
         <path>C:\CCStudio_v8\ccsv8\tools\compiler\ti-cgt-msp430_18.1.1.LTS\lib\</path>
         <kind>archive</kind>
         <file>rts430_eabi.lib</file>
         <name>cvtdf.c.obj</name>
      </input_file>
      <input_file id="fl-41">
         <path>C:\CCStudio_v8\ccsv8\tools\compiler\ti-cgt-msp430_18.1.1.LTS\lib\</path>
         <kind>archive</kind>
         <file>rts430_eabi.lib</file>
         <name>exit.c.obj</name>
      </input_file>
      <input_file id="fl-42">
         <path>C:\CCStudio_v8\ccsv8\tools\compiler\ti-cgt-msp430_18.1.1.LTS\lib\</path>
         <kind>archive</kind>
         <file>rts430_eabi.lib</file>
         <name>_lock.c.obj</name>
      </input_file>
      <input_file id="fl-43">
         <path>C:\CCStudio_v8\ccsv8\tools\compiler\ti-cgt-msp430_18.1.1.LTS\lib\</path>
         <kind>archive</kind>
         <file>rts430_eabi.lib</file>
         <name>args_main.c.obj</name>
      </input_file>
      <input_file id="fl-44">
         <path>C:\CCStudio_v8\ccsv8\tools\compiler\ti-cgt-msp430_18.1.1.LTS\lib\</path>
         <kind>archive</kind>
         <file>rts430_eabi.lib</file>
         <name>memcpy.c.obj</name>
      </input_file>
      <input_file id="fl-45">
         <path>C:\CCStudio_v8\ccsv8\tools\compiler\ti-cgt-msp430_18.1.1.LTS\lib\</path>
         <kind>archive</kind>
         <file>rts430_eabi.lib</file>
         <name>vsprintf.c.obj</name>
      </input_file>
      <input_file id="fl-46">
         <path>C:\CCStudio_v8\ccsv8\tools\compiler\ti-cgt-msp430_18.1.1.LTS\lib\</path>
         <kind>archive</kind>
         <file>rts430_eabi.lib</file>
         <name>asr32.asm.obj</name>
      </input_file>
      <input_file id="fl-47">
         <path>C:\CCStudio_v8\ccsv8\tools\compiler\ti-cgt-msp430_18.1.1.LTS\lib\</path>
         <kind>archive</kind>
         <file>rts430_eabi.lib</file>
         <name>mult16.asm.obj</name>
      </input_file>
      <input_file id="fl-48">
         <path>C:\CCStudio_v8\ccsv8\tools\compiler\ti-cgt-msp430_18.1.1.LTS\lib\</path>
         <kind>archive</kind>
         <file>rts430_eabi.lib</file>
         <name>mult32.asm.obj</name>
      </input_file>
      <input_file id="fl-49">
         <path>C:\CCStudio_v8\ccsv8\tools\compiler\ti-cgt-msp430_18.1.1.LTS\lib\</path>
         <kind>archive</kind>
         <file>rts430_eabi.lib</file>
         <name>exit_gvars.c.obj</name>
      </input_file>
      <input_file id="fl-4a">
         <path>C:\CCStudio_v8\ccsv8\tools\compiler\ti-cgt-msp430_18.1.1.LTS\lib\</path>
         <kind>archive</kind>
         <file>rts430_eabi.lib</file>
         <name>lsr64.c.obj</name>
      </input_file>
      <input_file id="fl-4b">
         <path>C:\CCStudio_v8\ccsv8\tools\compiler\ti-cgt-msp430_18.1.1.LTS\lib\</path>
         <kind>archive</kind>
         <file>rts430_eabi.lib</file>
         <name>_printfi.c.obj</name>
      </input_file>
      <input_file id="fl-4c">
         <path>C:\CCStudio_v8\ccsv8\tools\compiler\ti-cgt-msp430_18.1.1.LTS\lib\</path>
         <kind>archive</kind>
         <file>rts430_eabi.lib</file>
         <name>atoi.c.obj</name>
      </input_file>
      <input_file id="fl-4d">
         <path>C:\CCStudio_v8\ccsv8\tools\compiler\ti-cgt-msp430_18.1.1.LTS\lib\</path>
         <kind>archive</kind>
         <file>rts430_eabi.lib</file>
         <name>ctype.c.obj</name>
      </input_file>
      <input_file id="fl-4e">
         <path>C:\CCStudio_v8\ccsv8\tools\compiler\ti-cgt-msp430_18.1.1.LTS\lib\</path>
         <kind>archive</kind>
         <file>rts430_eabi.lib</file>
         <name>ltoa.c.obj</name>
      </input_file>
      <input_file id="fl-4f">
         <path>C:\CCStudio_v8\ccsv8\tools\compiler\ti-cgt-msp430_18.1.1.LTS\lib\</path>
         <kind>archive</kind>
         <file>rts430_eabi.lib</file>
         <name>memccpy.c.obj</name>
      </input_file>
      <input_file id="fl-50">
         <path>C:\CCStudio_v8\ccsv8\tools\compiler\ti-cgt-msp430_18.1.1.LTS\lib\</path>
         <kind>archive</kind>
         <file>rts430_eabi.lib</file>
         <name>memset.c.obj</name>
      </input_file>
      <input_file id="fl-51">
         <path>C:\CCStudio_v8\ccsv8\tools\compiler\ti-cgt-msp430_18.1.1.LTS\lib\</path>
         <kind>archive</kind>
         <file>rts430_eabi.lib</file>
         <name>strchr.c.obj</name>
      </input_file>
      <input_file id="fl-52">
         <path>C:\CCStudio_v8\ccsv8\tools\compiler\ti-cgt-msp430_18.1.1.LTS\lib\</path>
         <kind>archive</kind>
         <file>rts430_eabi.lib</file>
         <name>strlen.c.obj</name>
      </input_file>
      <input_file id="fl-53">
         <path>C:\CCStudio_v8\ccsv8\tools\compiler\ti-cgt-msp430_18.1.1.LTS\lib\</path>
         <kind>archive</kind>
         <file>rts430_eabi.lib</file>
         <name>toupper.c.obj</name>
      </input_file>
      <input_file id="fl-54">
         <path>C:\CCStudio_v8\ccsv8\tools\compiler\ti-cgt-msp430_18.1.1.LTS\lib\</path>
         <kind>archive</kind>
         <file>rts430_eabi.lib</file>
         <name>wcslen.c.obj</name>
      </input_file>
      <input_file id="fl-55">
         <path>C:\CCStudio_v8\ccsv8\tools\compiler\ti-cgt-msp430_18.1.1.LTS\lib\</path>
         <kind>archive</kind>
         <file>rts430_eabi.lib</file>
         <name>s_frexp.c.obj</name>
      </input_file>
      <input_file id="fl-56">
         <path>C:\CCStudio_v8\ccsv8\tools\compiler\ti-cgt-msp430_18.1.1.LTS\lib\</path>
         <kind>archive</kind>
         <file>rts430_eabi.lib</file>
         <name>s_scalbn.c.obj</name>
      </input_file>
      <input_file id="fl-57">
         <path>C:\CCStudio_v8\ccsv8\tools\compiler\ti-cgt-msp430_18.1.1.LTS\lib\</path>
         <kind>archive</kind>
         <file>rts430_eabi.lib</file>
         <name>s_copysign.c.obj</name>
      </input_file>
      <input_file id="fl-58">
         <path>C:\CCStudio_v8\ccsv8\tools\compiler\ti-cgt-msp430_18.1.1.LTS\lib\</path>
         <kind>archive</kind>
         <file>rts430_eabi.lib</file>
         <name>div32s.asm.obj</name>
      </input_file>
      <input_file id="fl-59">
         <path>C:\CCStudio_v8\ccsv8\tools\compiler\ti-cgt-msp430_18.1.1.LTS\lib\</path>
         <kind>archive</kind>
         <file>rts430_eabi.lib</file>
         <name>div32u.asm.obj</name>
      </input_file>
      <input_file id="fl-5a">
         <path>C:\CCStudio_v8\ccsv8\tools\compiler\ti-cgt-msp430_18.1.1.LTS\lib\</path>
         <kind>archive</kind>
         <file>rts430_eabi.lib</file>
         <name>div64u.c.obj</name>
      </input_file>
      <input_file id="fl-5b">
         <path>C:\CCStudio_v8\ccsv8\tools\compiler\ti-cgt-msp430_18.1.1.LTS\lib\</path>
         <kind>archive</kind>
         <file>rts430_eabi.lib</file>
         <name>addd.c.obj</name>
      </input_file>
      <input_file id="fl-5c">
         <path>C:\CCStudio_v8\ccsv8\tools\compiler\ti-cgt-msp430_18.1.1.LTS\lib\</path>
         <kind>archive</kind>
         <file>rts430_eabi.lib</file>
         <name>cmpd.c.obj</name>
      </input_file>
      <input_file id="fl-5d">
         <path>C:\CCStudio_v8\ccsv8\tools\compiler\ti-cgt-msp430_18.1.1.LTS\lib\</path>
         <kind>archive</kind>
         <file>rts430_eabi.lib</file>
         <name>fixdi.c.obj</name>
      </input_file>
      <input_file id="fl-5e">
         <path>C:\CCStudio_v8\ccsv8\tools\compiler\ti-cgt-msp430_18.1.1.LTS\lib\</path>
         <kind>archive</kind>
         <file>rts430_eabi.lib</file>
         <name>fixdli.c.obj</name>
      </input_file>
      <input_file id="fl-5f">
         <path>C:\CCStudio_v8\ccsv8\tools\compiler\ti-cgt-msp430_18.1.1.LTS\lib\</path>
         <kind>archive</kind>
         <file>rts430_eabi.lib</file>
         <name>fltid.c.obj</name>
      </input_file>
      <input_file id="fl-60">
         <path>C:\CCStudio_v8\ccsv8\tools\compiler\ti-cgt-msp430_18.1.1.LTS\lib\</path>
         <kind>archive</kind>
         <file>rts430_eabi.lib</file>
         <name>fltlid.c.obj</name>
      </input_file>
      <input_file id="fl-61">
         <path>C:\CCStudio_v8\ccsv8\tools\compiler\ti-cgt-msp430_18.1.1.LTS\lib\</path>
         <kind>archive</kind>
         <file>rts430_eabi.lib</file>
         <name>frcaddd.c.obj</name>
      </input_file>
      <input_file id="fl-62">
         <path>C:\CCStudio_v8\ccsv8\tools\compiler\ti-cgt-msp430_18.1.1.LTS\lib\</path>
         <kind>archive</kind>
         <file>rts430_eabi.lib</file>
         <name>mpyd.c.obj</name>
      </input_file>
      <input_file id="fl-63">
         <path>C:\CCStudio_v8\ccsv8\tools\compiler\ti-cgt-msp430_18.1.1.LTS\lib\</path>
         <kind>archive</kind>
         <file>rts430_eabi.lib</file>
         <name>negd.c.obj</name>
      </input_file>
      <input_file id="fl-64">
         <path>C:\CCStudio_v8\ccsv8\tools\compiler\ti-cgt-msp430_18.1.1.LTS\lib\</path>
         <kind>archive</kind>
         <file>rts430_eabi.lib</file>
         <name>renormd.c.obj</name>
      </input_file>
      <input_file id="fl-65">
         <path>C:\CCStudio_v8\ccsv8\tools\compiler\ti-cgt-msp430_18.1.1.LTS\lib\</path>
         <kind>archive</kind>
         <file>rts430_eabi.lib</file>
         <name>subd.c.obj</name>
      </input_file>
      <input_file id="fl-66">
         <path>C:\CCStudio_v8\ccsv8\tools\compiler\ti-cgt-msp430_18.1.1.LTS\lib\</path>
         <kind>archive</kind>
         <file>rts430_eabi.lib</file>
         <name>errno.c.obj</name>
      </input_file>
      <input_file id="fl-67">
         <path>C:\CCStudio_v8\ccsv8\tools\compiler\ti-cgt-msp430_18.1.1.LTS\lib\</path>
         <kind>archive</kind>
         <file>rts430_eabi.lib</file>
         <name>abs.c.obj</name>
      </input_file>
      <input_file id="fl-68">
         <path>C:\CCStudio_v8\ccsv8\tools\compiler\ti-cgt-msp430_18.1.1.LTS\lib\</path>
         <kind>archive</kind>
         <file>rts430_eabi.lib</file>
         <name>lsl64.c.obj</name>
      </input_file>
      <input_file id="fl-69">
         <path>C:\CCStudio_v8\ccsv8\tools\compiler\ti-cgt-msp430_18.1.1.LTS\lib\</path>
         <kind>archive</kind>
         <file>rts430_eabi.lib</file>
         <name>frcmpyd.c.obj</name>
      </input_file>
   </input_file_list>
   <object_component_list>
      <object_component id="oc-142">
         <name>.common:txbuff</name>
         <uninitialized>true</uninitialized>
         <run_address>0x234</run_address>
         <size>0x34</size>
      </object_component>
      <object_component id="oc-147">
         <name>.common:rxbuff</name>
         <uninitialized>true</uninitialized>
         <run_address>0x200</run_address>
         <size>0x34</size>
      </object_component>
      <object_component id="oc-145">
         <name>.common:printbuff</name>
         <uninitialized>true</uninitialized>
         <run_address>0x268</run_address>
         <size>0x1a</size>
      </object_component>
      <object_component id="oc-13c">
         <name>.data</name>
         <load_address>0x28c</load_address>
         <run_address>0x28c</run_address>
         <size>0x6</size>
         <input_file_ref idref="fl-2"/>
      </object_component>
      <object_component id="oc-13f">
         <name>.data</name>
         <load_address>0x282</load_address>
         <run_address>0x282</run_address>
         <size>0xa</size>
         <input_file_ref idref="fl-3"/>
      </object_component>
      <object_component id="oc-33a">
         <name>.data</name>
         <load_address>0x292</load_address>
         <run_address>0x292</run_address>
         <size>0x2</size>
         <input_file_ref idref="fl-66"/>
      </object_component>
      <object_component id="oc-a4">
         <name>.stack</name>
         <uninitialized>true</uninitialized>
         <run_address>0x5b0</run_address>
         <size>0x2</size>
         <input_file_ref idref="fl-34"/>
      </object_component>
      <object_component id="oc-4fb">
         <name>.stack</name>
         <uninitialized>true</uninitialized>
         <run_address>0x5b0</run_address>
         <size>0x0</size>
      </object_component>
      <object_component id="oc-264">
         <name>.text:__TI_frcdivd</name>
         <load_address>0x8000</load_address>
         <run_address>0x8000</run_address>
         <size>0x478</size>
         <input_file_ref idref="fl-3f"/>
      </object_component>
      <object_component id="oc-3a8">
         <name>.text:__mspabi_divull</name>
         <load_address>0x8478</load_address>
         <run_address>0x8478</run_address>
         <size>0x360</size>
         <input_file_ref idref="fl-5a"/>
      </object_component>
      <object_component id="oc-46c">
         <name>.text:__mspabi_addd</name>
         <load_address>0x87d8</load_address>
         <run_address>0x87d8</run_address>
         <size>0x2fa</size>
         <input_file_ref idref="fl-5b"/>
      </object_component>
      <object_component id="oc-28b">
         <name>.text:__TI_printfi</name>
         <load_address>0x8ad2</load_address>
         <run_address>0x8ad2</run_address>
         <size>0x288</size>
         <input_file_ref idref="fl-4b"/>
      </object_component>
      <object_component id="oc-43c">
         <name>.text:__TI_frcmpyd</name>
         <load_address>0x8d5a</load_address>
         <run_address>0x8d5a</run_address>
         <size>0x286</size>
         <input_file_ref idref="fl-69"/>
      </object_component>
      <object_component id="oc-3dd">
         <name>.text:__mspabi_mpyd</name>
         <load_address>0x8fe0</load_address>
         <run_address>0x8fe0</run_address>
         <size>0x26e</size>
         <input_file_ref idref="fl-62"/>
      </object_component>
      <object_component id="oc-490">
         <name>.text:__TI_frcaddd</name>
         <load_address>0x924e</load_address>
         <run_address>0x924e</run_address>
         <size>0x260</size>
         <input_file_ref idref="fl-61"/>
      </object_component>
      <object_component id="oc-2e4">
         <name>.text:_setfield</name>
         <load_address>0x94ae</load_address>
         <run_address>0x94ae</run_address>
         <size>0x252</size>
         <input_file_ref idref="fl-4b"/>
      </object_component>
      <object_component id="oc-3ea">
         <name>.text:acvt</name>
         <load_address>0x9700</load_address>
         <run_address>0x9700</run_address>
         <size>0x244</size>
         <input_file_ref idref="fl-4b"/>
      </object_component>
      <object_component id="oc-1e8">
         <name>.text:__mspabi_divd</name>
         <load_address>0x9944</load_address>
         <run_address>0x9944</run_address>
         <size>0x238</size>
         <input_file_ref idref="fl-3d"/>
      </object_component>
      <object_component id="oc-326">
         <name>.text:_pproc_fgea</name>
         <load_address>0x9b7c</load_address>
         <run_address>0x9b7c</run_address>
         <size>0x224</size>
         <input_file_ref idref="fl-4b"/>
      </object_component>
      <object_component id="oc-358">
         <name>.text:_getarg_diouxp</name>
         <load_address>0x9da0</load_address>
         <run_address>0x9da0</run_address>
         <size>0x1ec</size>
         <input_file_ref idref="fl-4b"/>
      </object_component>
      <object_component id="oc-3bd">
         <name>.text:ecvt</name>
         <load_address>0x9f8c</load_address>
         <run_address>0x9f8c</run_address>
         <size>0x1de</size>
         <input_file_ref idref="fl-4b"/>
      </object_component>
      <object_component id="oc-3d0">
         <name>.text:fcvt</name>
         <load_address>0xa16a</load_address>
         <run_address>0xa16a</run_address>
         <size>0x1c4</size>
         <input_file_ref idref="fl-4b"/>
      </object_component>
      <object_component id="oc-37d">
         <name>.text:_pconv_e</name>
         <load_address>0xa32e</load_address>
         <run_address>0xa32e</run_address>
         <size>0x1a6</size>
         <input_file_ref idref="fl-4b"/>
      </object_component>
      <object_component id="oc-383">
         <name>.text:_pconv_a</name>
         <load_address>0xa4d4</load_address>
         <run_address>0xa4d4</run_address>
         <size>0x174</size>
         <input_file_ref idref="fl-4b"/>
      </object_component>
      <object_component id="oc-44b">
         <name>.text:scalbn</name>
         <load_address>0xa648</load_address>
         <run_address>0xa648</run_address>
         <size>0x16a</size>
         <input_file_ref idref="fl-56"/>
      </object_component>
      <object_component id="oc-320">
         <name>.text:_pproc_diouxp</name>
         <load_address>0xa7b2</load_address>
         <run_address>0xa7b2</run_address>
         <size>0x14c</size>
         <input_file_ref idref="fl-4b"/>
      </object_component>
      <object_component id="oc-208">
         <name>.text</name>
         <load_address>0xa8fe</load_address>
         <run_address>0xa8fe</run_address>
         <size>0x132</size>
         <input_file_ref idref="fl-22"/>
      </object_component>
      <object_component id="oc-35e">
         <name>.text:_ltostr</name>
         <load_address>0xaa30</load_address>
         <run_address>0xaa30</run_address>
         <size>0x12e</size>
         <input_file_ref idref="fl-4b"/>
      </object_component>
      <object_component id="oc-190">
         <name>.text:Init_UART</name>
         <load_address>0xab5e</load_address>
         <run_address>0xab5e</run_address>
         <size>0x120</size>
         <input_file_ref idref="fl-2"/>
      </object_component>
      <object_component id="oc-371">
         <name>.text:_pconv_g</name>
         <load_address>0xac7e</load_address>
         <run_address>0xac7e</run_address>
         <size>0xf8</size>
         <input_file_ref idref="fl-4b"/>
      </object_component>
      <object_component id="oc-2de">
         <name>.text:_pproc_fwp</name>
         <load_address>0xad76</load_address>
         <run_address>0xad76</run_address>
         <size>0xf8</size>
         <input_file_ref idref="fl-4b"/>
      </object_component>
      <object_component id="oc-389">
         <name>.text:__mspabi_cmpd</name>
         <load_address>0xae6e</load_address>
         <run_address>0xae6e</run_address>
         <size>0xdc</size>
         <input_file_ref idref="fl-5c"/>
      </object_component>
      <object_component id="oc-2f0">
         <name>.text:_pproc_wstr</name>
         <load_address>0xaf4a</load_address>
         <run_address>0xaf4a</run_address>
         <size>0xc4</size>
         <input_file_ref idref="fl-4b"/>
      </object_component>
      <object_component id="oc-1f9">
         <name>.text</name>
         <load_address>0xb00e</load_address>
         <run_address>0xb00e</run_address>
         <size>0xc4</size>
         <input_file_ref idref="fl-25"/>
      </object_component>
      <object_component id="oc-4a9">
         <name>.text:__TI_renormd</name>
         <load_address>0xb0d2</load_address>
         <run_address>0xb0d2</run_address>
         <size>0xbe</size>
         <input_file_ref idref="fl-64"/>
      </object_component>
      <object_component id="oc-3e4">
         <name>.text:frexp</name>
         <load_address>0xb190</load_address>
         <run_address>0xb190</run_address>
         <size>0xb0</size>
         <input_file_ref idref="fl-55"/>
      </object_component>
      <object_component id="oc-41f">
         <name>.text:__mspabi_fltlid</name>
         <load_address>0xb240</load_address>
         <run_address>0xb240</run_address>
         <size>0xac</size>
         <input_file_ref idref="fl-60"/>
      </object_component>
      <object_component id="oc-2ea">
         <name>.text:_pproc_str</name>
         <load_address>0xb2ec</load_address>
         <run_address>0xb2ec</run_address>
         <size>0xac</size>
         <input_file_ref idref="fl-4b"/>
      </object_component>
      <object_component id="oc-158">
         <name>.text:main</name>
         <load_address>0xb398</load_address>
         <run_address>0xb398</run_address>
         <size>0xa4</size>
         <input_file_ref idref="fl-3"/>
      </object_component>
      <object_component id="oc-3c9">
         <name>.text:_mcpy</name>
         <load_address>0xb43c</load_address>
         <run_address>0xb43c</run_address>
         <size>0x92</size>
         <input_file_ref idref="fl-4b"/>
      </object_component>
      <object_component id="oc-3c3">
         <name>.text:_ecpy</name>
         <load_address>0xb4ce</load_address>
         <run_address>0xb4ce</run_address>
         <size>0x8e</size>
         <input_file_ref idref="fl-4b"/>
      </object_component>
      <object_component id="oc-1ee">
         <name>.text:__mspabi_cvtdf</name>
         <load_address>0xb55c</load_address>
         <run_address>0xb55c</run_address>
         <size>0x8c</size>
         <input_file_ref idref="fl-40"/>
      </object_component>
      <object_component id="oc-1e2">
         <name>.text:__mspabi_fltuld</name>
         <load_address>0xb5e8</load_address>
         <run_address>0xb5e8</run_address>
         <size>0x8a</size>
         <input_file_ref idref="fl-3e"/>
      </object_component>
      <object_component id="oc-419">
         <name>.text:ltoa</name>
         <load_address>0xb672</load_address>
         <run_address>0xb672</run_address>
         <size>0x84</size>
         <input_file_ref idref="fl-4e"/>
      </object_component>
      <object_component id="oc-d4">
         <name>.text:USCI0TX_ISR</name>
         <load_address>0xb6f6</load_address>
         <run_address>0xb6f6</run_address>
         <size>0x82</size>
         <input_file_ref idref="fl-3"/>
      </object_component>
      <object_component id="oc-2e">
         <name>.text:decompress:lzss:__TI_decompress_lzss</name>
         <load_address>0xb778</load_address>
         <run_address>0xb778</run_address>
         <size>0x7c</size>
         <input_file_ref idref="fl-3c"/>
      </object_component>
      <object_component id="oc-377">
         <name>.text:_pconv_f</name>
         <load_address>0xb7f4</load_address>
         <run_address>0xb7f4</run_address>
         <size>0x7a</size>
         <input_file_ref idref="fl-4b"/>
      </object_component>
      <object_component id="oc-da">
         <name>.text:USCI0RX_ISR</name>
         <load_address>0xb86e</load_address>
         <run_address>0xb86e</run_address>
         <size>0x76</size>
         <input_file_ref idref="fl-3"/>
      </object_component>
      <object_component id="oc-413">
         <name>.text:__mspabi_fixdli</name>
         <load_address>0xb8e4</load_address>
         <run_address>0xb8e4</run_address>
         <size>0x72</size>
         <input_file_ref idref="fl-5e"/>
      </object_component>
      <object_component id="oc-1fe">
         <name>.text</name>
         <load_address>0xb956</load_address>
         <run_address>0xb956</run_address>
         <size>0x68</size>
         <input_file_ref idref="fl-26"/>
      </object_component>
      <object_component id="oc-25d">
         <name>.text:l_lsr_const</name>
         <load_address>0xb9be</load_address>
         <run_address>0xb9be</run_address>
         <size>0x5c</size>
         <input_file_ref idref="fl-33"/>
      </object_component>
      <object_component id="oc-3ae">
         <name>.text</name>
         <load_address>0xba1a</load_address>
         <run_address>0xba1a</run_address>
         <size>0x58</size>
         <input_file_ref idref="fl-59"/>
      </object_component>
      <object_component id="oc-318">
         <name>.text:atoi</name>
         <load_address>0xba72</load_address>
         <run_address>0xba72</run_address>
         <size>0x52</size>
         <input_file_ref idref="fl-4c"/>
      </object_component>
      <object_component id="oc-3d6">
         <name>.text:_fcpy</name>
         <load_address>0xbac4</load_address>
         <run_address>0xbac4</run_address>
         <size>0x4e</size>
         <input_file_ref idref="fl-4b"/>
      </object_component>
      <object_component id="oc-ad">
         <name>.text</name>
         <load_address>0xbb12</load_address>
         <run_address>0xbb12</run_address>
         <size>0x4c</size>
         <input_file_ref idref="fl-32"/>
      </object_component>
      <object_component id="oc-1f4">
         <name>.text</name>
         <load_address>0xbb5e</load_address>
         <run_address>0xbb5e</run_address>
         <size>0x4a</size>
         <input_file_ref idref="fl-23"/>
      </object_component>
      <object_component id="oc-3b3">
         <name>.text:__mspabi_srlll</name>
         <load_address>0xbba8</load_address>
         <run_address>0xbba8</run_address>
         <size>0x46</size>
         <input_file_ref idref="fl-4a"/>
      </object_component>
      <object_component id="oc-402">
         <name>.text:__mspabi_sllll</name>
         <load_address>0xbbee</load_address>
         <run_address>0xbbee</run_address>
         <size>0x44</size>
         <input_file_ref idref="fl-68"/>
      </object_component>
      <object_component id="oc-1aa">
         <name>.text:__TI_auto_init_nobinit_nopinit:__TI_auto_init_nobinit_nopinit</name>
         <load_address>0xbc32</load_address>
         <run_address>0xbc32</run_address>
         <size>0x42</size>
         <input_file_ref idref="fl-35"/>
      </object_component>
      <object_component id="oc-463">
         <name>.text</name>
         <load_address>0xbc74</load_address>
         <run_address>0xbc74</run_address>
         <size>0x40</size>
         <input_file_ref idref="fl-58"/>
      </object_component>
      <object_component id="oc-2ca">
         <name>.text:l_asr_const</name>
         <load_address>0xbcb4</load_address>
         <run_address>0xbcb4</run_address>
         <size>0x3e</size>
         <input_file_ref idref="fl-46"/>
      </object_component>
      <object_component id="oc-258">
         <name>.text:l_lsl_const</name>
         <load_address>0xbcf2</load_address>
         <run_address>0xbcf2</run_address>
         <size>0x3e</size>
         <input_file_ref idref="fl-31"/>
      </object_component>
      <object_component id="oc-203">
         <name>.text</name>
         <load_address>0xbd30</load_address>
         <run_address>0xbd30</run_address>
         <size>0x36</size>
         <input_file_ref idref="fl-24"/>
      </object_component>
      <object_component id="oc-218">
         <name>.text:vsprintf</name>
         <load_address>0xbd66</load_address>
         <run_address>0xbd66</run_address>
         <size>0x34</size>
         <input_file_ref idref="fl-45"/>
      </object_component>
      <object_component id="oc-425">
         <name>.text:__mspabi_subd</name>
         <load_address>0xbd9a</load_address>
         <run_address>0xbd9a</run_address>
         <size>0x2e</size>
         <input_file_ref idref="fl-65"/>
      </object_component>
      <object_component id="oc-480">
         <name>.text:copysign</name>
         <load_address>0xbdc8</load_address>
         <run_address>0xbdc8</run_address>
         <size>0x2e</size>
         <input_file_ref idref="fl-57"/>
      </object_component>
      <object_component id="oc-21e">
         <name>.text:sendchars</name>
         <load_address>0xbdf6</load_address>
         <run_address>0xbdf6</run_address>
         <size>0x2e</size>
         <input_file_ref idref="fl-2"/>
      </object_component>
      <object_component id="oc-20d">
         <name>.text</name>
         <load_address>0xbe24</load_address>
         <run_address>0xbe24</run_address>
         <size>0x2c</size>
         <input_file_ref idref="fl-1e"/>
      </object_component>
      <object_component id="oc-212">
         <name>.text</name>
         <load_address>0xbe50</load_address>
         <run_address>0xbe50</run_address>
         <size>0x2c</size>
         <input_file_ref idref="fl-1f"/>
      </object_component>
      <object_component id="oc-a8">
         <name>.text</name>
         <load_address>0xbe7c</load_address>
         <run_address>0xbe7c</run_address>
         <size>0x2c</size>
         <input_file_ref idref="fl-30"/>
      </object_component>
      <object_component id="oc-36b">
         <name>.text:__mspabi_negd</name>
         <load_address>0xbea8</load_address>
         <run_address>0xbea8</run_address>
         <size>0x2a</size>
         <input_file_ref idref="fl-63"/>
      </object_component>
      <object_component id="oc-42b">
         <name>.text:__mspabi_fixdi</name>
         <load_address>0xbed2</load_address>
         <run_address>0xbed2</run_address>
         <size>0x28</size>
         <input_file_ref idref="fl-5d"/>
      </object_component>
      <object_component id="oc-2c5">
         <name>.text</name>
         <load_address>0xbefa</load_address>
         <run_address>0xbefa</run_address>
         <size>0x26</size>
         <input_file_ref idref="fl-48"/>
      </object_component>
      <object_component id="oc-f8">
         <name>.text:_c_int00_noargs</name>
         <load_address>0xbf20</load_address>
         <run_address>0xbf20</run_address>
         <size>0x1c</size>
         <input_file_ref idref="fl-34"/>
      </object_component>
      <object_component id="oc-197">
         <name>.text:UART_printf</name>
         <load_address>0xbf3c</load_address>
         <run_address>0xbf3c</run_address>
         <size>0x1a</size>
         <input_file_ref idref="fl-2"/>
      </object_component>
      <object_component id="oc-27f">
         <name>.text:_outs</name>
         <load_address>0xbf56</load_address>
         <run_address>0xbf56</run_address>
         <size>0x1a</size>
         <input_file_ref idref="fl-45"/>
      </object_component>
      <object_component id="oc-32c">
         <name>.text:memccpy</name>
         <load_address>0xbf70</load_address>
         <run_address>0xbf70</run_address>
         <size>0x1a</size>
         <input_file_ref idref="fl-4f"/>
      </object_component>
      <object_component id="oc-451">
         <name>.text:strchr</name>
         <load_address>0xbf8a</load_address>
         <run_address>0xbf8a</run_address>
         <size>0x1a</size>
         <input_file_ref idref="fl-51"/>
      </object_component>
      <object_component id="oc-e0">
         <name>.text:Timer_A</name>
         <load_address>0xbfa4</load_address>
         <run_address>0xbfa4</run_address>
         <size>0x16</size>
         <input_file_ref idref="fl-3"/>
      </object_component>
      <object_component id="oc-279">
         <name>.text</name>
         <load_address>0xbfba</load_address>
         <run_address>0xbfba</run_address>
         <size>0x16</size>
         <input_file_ref idref="fl-20"/>
      </object_component>
      <object_component id="oc-e6">
         <name>.text:decompress:ZI:__TI_zero_init_nomemset:__TI_zero_init_nomemset</name>
         <load_address>0xbfd0</load_address>
         <run_address>0xbfd0</run_address>
         <size>0x14</size>
         <input_file_ref idref="fl-36"/>
      </object_component>
      <object_component id="oc-312">
         <name>.text:memset</name>
         <load_address>0xbfe4</load_address>
         <run_address>0xbfe4</run_address>
         <size>0x14</size>
         <input_file_ref idref="fl-50"/>
      </object_component>
      <object_component id="oc-2b5">
         <name>.text</name>
         <load_address>0xbff8</load_address>
         <run_address>0xbff8</run_address>
         <size>0x14</size>
         <input_file_ref idref="fl-47"/>
      </object_component>
      <object_component id="oc-334">
         <name>.text:wcslen</name>
         <load_address>0xc00c</load_address>
         <run_address>0xc00c</run_address>
         <size>0x14</size>
         <input_file_ref idref="fl-54"/>
      </object_component>
      <object_component id="oc-285">
         <name>.text:_outc</name>
         <load_address>0xc020</load_address>
         <run_address>0xc020</run_address>
         <size>0x12</size>
         <input_file_ref idref="fl-45"/>
      </object_component>
      <object_component id="oc-34">
         <name>.text:decompress:none:__TI_decompress_none</name>
         <load_address>0xc032</load_address>
         <run_address>0xc032</run_address>
         <size>0x12</size>
         <input_file_ref idref="fl-3b"/>
      </object_component>
      <object_component id="oc-408">
         <name>.text:l_lsr</name>
         <load_address>0xc044</load_address>
         <run_address>0xc044</run_address>
         <size>0x12</size>
         <input_file_ref idref="fl-33"/>
      </object_component>
      <object_component id="oc-c2">
         <name>.text:memcpy</name>
         <load_address>0xc056</load_address>
         <run_address>0xc056</run_address>
         <size>0x12</size>
         <input_file_ref idref="fl-44"/>
      </object_component>
      <object_component id="oc-4a4">
         <name>.text:l_asr</name>
         <load_address>0xc068</load_address>
         <run_address>0xc068</run_address>
         <size>0x10</size>
         <input_file_ref idref="fl-46"/>
      </object_component>
      <object_component id="oc-49f">
         <name>.text:l_lsl</name>
         <load_address>0xc078</load_address>
         <run_address>0xc078</run_address>
         <size>0x10</size>
         <input_file_ref idref="fl-31"/>
      </object_component>
      <object_component id="oc-b2">
         <name>.text</name>
         <load_address>0xc088</load_address>
         <run_address>0xc088</run_address>
         <size>0x10</size>
         <input_file_ref idref="fl-21"/>
      </object_component>
      <object_component id="oc-2d8">
         <name>.text:strlen</name>
         <load_address>0xc098</load_address>
         <run_address>0xc098</run_address>
         <size>0xe</size>
         <input_file_ref idref="fl-52"/>
      </object_component>
      <object_component id="oc-457">
         <name>.text:__mspabi_fltid</name>
         <load_address>0xc0a6</load_address>
         <run_address>0xc0a6</run_address>
         <size>0xc</size>
         <input_file_ref idref="fl-5f"/>
      </object_component>
      <object_component id="oc-365">
         <name>.text:toupper</name>
         <load_address>0xc0b2</load_address>
         <run_address>0xc0b2</run_address>
         <size>0xc</size>
         <input_file_ref idref="fl-53"/>
      </object_component>
      <object_component id="oc-432">
         <name>.text:abs</name>
         <load_address>0xc0be</load_address>
         <run_address>0xc0be</run_address>
         <size>0xa</size>
         <input_file_ref idref="fl-67"/>
      </object_component>
      <object_component id="oc-cf">
         <name>.text:_isr:__TI_ISR_TRAP</name>
         <load_address>0xc0c8</load_address>
         <run_address>0xc0c8</run_address>
         <size>0x8</size>
         <input_file_ref idref="fl-2f"/>
      </object_component>
      <object_component id="oc-19e">
         <name>.text:abort</name>
         <load_address>0xc0d0</load_address>
         <run_address>0xc0d0</run_address>
         <size>0x6</size>
         <input_file_ref idref="fl-41"/>
      </object_component>
      <object_component id="oc-152">
         <name>.text:_system_pre_init</name>
         <load_address>0xc0d6</load_address>
         <run_address>0xc0d6</run_address>
         <size>0x4</size>
         <input_file_ref idref="fl-39"/>
      </object_component>
      <object_component id="oc-237">
         <name>.text:_system_post_cinit</name>
         <load_address>0xc0da</load_address>
         <run_address>0xc0da</run_address>
         <size>0x2</size>
         <input_file_ref idref="fl-3a"/>
      </object_component>
      <object_component id="oc-4fa">
         <name>.cinit..data.load</name>
         <load_address>0xc210</load_address>
         <run_address>0xc210</run_address>
         <size>0xc</size>
      </object_component>
      <object_component id="oc-4f7">
         <name>__TI_handler_table</name>
         <load_address>0xc21c</load_address>
         <run_address>0xc21c</run_address>
         <size>0x6</size>
      </object_component>
      <object_component id="oc-4f9">
         <name>.cinit..bss.load</name>
         <load_address>0xc222</load_address>
         <run_address>0xc222</run_address>
         <size>0x4</size>
      </object_component>
      <object_component id="oc-4f8">
         <name>__TI_cinit_table</name>
         <load_address>0xc226</load_address>
         <run_address>0xc226</run_address>
         <size>0x8</size>
      </object_component>
      <object_component id="oc-353">
         <name>.const:.string:_ctypes_</name>
         <load_address>0xc0dc</load_address>
         <run_address>0xc0dc</run_address>
         <size>0x101</size>
         <input_file_ref idref="fl-4d"/>
      </object_component>
      <object_component id="oc-31f">
         <name>.const:.string</name>
         <load_address>0xc1de</load_address>
         <run_address>0xc1de</run_address>
         <size>0x26</size>
         <input_file_ref idref="fl-4b"/>
      </object_component>
      <object_component id="oc-196">
         <name>.const:.string</name>
         <load_address>0xc204</load_address>
         <run_address>0xc204</run_address>
         <size>0xc</size>
         <input_file_ref idref="fl-3"/>
      </object_component>
      <object_component id="oc-3a">
         <name>.int02</name>
         <load_address>0xffe4</load_address>
         <run_address>0xffe4</run_address>
         <size>0x2</size>
         <input_file_ref idref="fl-27"/>
      </object_component>
      <object_component id="oc-3b">
         <name>.int03</name>
         <load_address>0xffe6</load_address>
         <run_address>0xffe6</run_address>
         <size>0x2</size>
         <input_file_ref idref="fl-28"/>
      </object_component>
      <object_component id="oc-3c">
         <name>.int05</name>
         <load_address>0xffea</load_address>
         <run_address>0xffea</run_address>
         <size>0x2</size>
         <input_file_ref idref="fl-29"/>
      </object_component>
      <object_component id="oc-3d">
         <name>.int06</name>
         <load_address>0xffec</load_address>
         <run_address>0xffec</run_address>
         <size>0x2</size>
         <input_file_ref idref="fl-3"/>
      </object_component>
      <object_component id="oc-3e">
         <name>.int07</name>
         <load_address>0xffee</load_address>
         <run_address>0xffee</run_address>
         <size>0x2</size>
         <input_file_ref idref="fl-3"/>
      </object_component>
      <object_component id="oc-3f">
         <name>.int08</name>
         <load_address>0xfff0</load_address>
         <run_address>0xfff0</run_address>
         <size>0x2</size>
         <input_file_ref idref="fl-2a"/>
      </object_component>
      <object_component id="oc-40">
         <name>.int09</name>
         <load_address>0xfff2</load_address>
         <run_address>0xfff2</run_address>
         <size>0x2</size>
         <input_file_ref idref="fl-3"/>
      </object_component>
      <object_component id="oc-41">
         <name>.int10</name>
         <load_address>0xfff4</load_address>
         <run_address>0xfff4</run_address>
         <size>0x2</size>
         <input_file_ref idref="fl-2b"/>
      </object_component>
      <object_component id="oc-42">
         <name>.int12</name>
         <load_address>0xfff8</load_address>
         <run_address>0xfff8</run_address>
         <size>0x2</size>
         <input_file_ref idref="fl-2c"/>
      </object_component>
      <object_component id="oc-43">
         <name>.int13</name>
         <load_address>0xfffa</load_address>
         <run_address>0xfffa</run_address>
         <size>0x2</size>
         <input_file_ref idref="fl-2d"/>
      </object_component>
      <object_component id="oc-44">
         <name>.int14</name>
         <load_address>0xfffc</load_address>
         <run_address>0xfffc</run_address>
         <size>0x2</size>
         <input_file_ref idref="fl-2e"/>
      </object_component>
      <object_component id="oc-a7">
         <name>.reset</name>
         <load_address>0xfffe</load_address>
         <run_address>0xfffe</run_address>
         <size>0x2</size>
         <input_file_ref idref="fl-34"/>
      </object_component>
      <object_component id="oc-143">
         <name>.debug_info</name>
         <load_address>0x0</load_address>
         <run_address>0x0</run_address>
         <size>0x2b6</size>
         <input_file_ref idref="fl-2"/>
      </object_component>
      <object_component id="oc-13d">
         <name>.debug_info</name>
         <load_address>0x2b6</load_address>
         <run_address>0x2b6</run_address>
         <size>0x176</size>
         <input_file_ref idref="fl-2"/>
      </object_component>
      <object_component id="oc-21f">
         <name>.debug_info</name>
         <load_address>0x42c</load_address>
         <run_address>0x42c</run_address>
         <size>0x119</size>
         <input_file_ref idref="fl-2"/>
      </object_component>
      <object_component id="oc-198">
         <name>.debug_info</name>
         <load_address>0x545</load_address>
         <run_address>0x545</run_address>
         <size>0x13e</size>
         <input_file_ref idref="fl-2"/>
      </object_component>
      <object_component id="oc-192">
         <name>.debug_info</name>
         <load_address>0x683</load_address>
         <run_address>0x683</run_address>
         <size>0x313</size>
         <input_file_ref idref="fl-2"/>
      </object_component>
      <object_component id="oc-183">
         <name>.debug_info</name>
         <load_address>0x996</load_address>
         <run_address>0x996</run_address>
         <size>0x26b</size>
         <input_file_ref idref="fl-2"/>
      </object_component>
      <object_component id="oc-bd">
         <name>.debug_info</name>
         <load_address>0xc01</load_address>
         <run_address>0xc01</run_address>
         <size>0x84</size>
         <input_file_ref idref="fl-2"/>
      </object_component>
      <object_component id="oc-1dd">
         <name>.debug_info</name>
         <load_address>0xc85</load_address>
         <run_address>0xc85</run_address>
         <size>0x275</size>
         <input_file_ref idref="fl-2"/>
      </object_component>
      <object_component id="oc-188">
         <name>.debug_info</name>
         <load_address>0xefa</load_address>
         <run_address>0xefa</run_address>
         <size>0x2c</size>
         <input_file_ref idref="fl-2"/>
      </object_component>
      <object_component id="oc-140">
         <name>.debug_info</name>
         <load_address>0xf26</load_address>
         <run_address>0xf26</run_address>
         <size>0x17a</size>
         <input_file_ref idref="fl-3"/>
      </object_component>
      <object_component id="oc-159">
         <name>.debug_info</name>
         <load_address>0x10a0</load_address>
         <run_address>0x10a0</run_address>
         <size>0x10e</size>
         <input_file_ref idref="fl-3"/>
      </object_component>
      <object_component id="oc-d5">
         <name>.debug_info</name>
         <load_address>0x11ae</load_address>
         <run_address>0x11ae</run_address>
         <size>0x101</size>
         <input_file_ref idref="fl-3"/>
      </object_component>
      <object_component id="oc-dc">
         <name>.debug_info</name>
         <load_address>0x12af</load_address>
         <run_address>0x12af</run_address>
         <size>0x101</size>
         <input_file_ref idref="fl-3"/>
      </object_component>
      <object_component id="oc-e3">
         <name>.debug_info</name>
         <load_address>0x13b0</load_address>
         <run_address>0x13b0</run_address>
         <size>0xf9</size>
         <input_file_ref idref="fl-3"/>
      </object_component>
      <object_component id="oc-20f">
         <name>.debug_info</name>
         <load_address>0x14a9</load_address>
         <run_address>0x14a9</run_address>
         <size>0x118</size>
         <input_file_ref idref="fl-1e"/>
      </object_component>
      <object_component id="oc-215">
         <name>.debug_info</name>
         <load_address>0x15c1</load_address>
         <run_address>0x15c1</run_address>
         <size>0x12d</size>
         <input_file_ref idref="fl-1f"/>
      </object_component>
      <object_component id="oc-27a">
         <name>.debug_info</name>
         <load_address>0x16ee</load_address>
         <run_address>0x16ee</run_address>
         <size>0x119</size>
         <input_file_ref idref="fl-20"/>
      </object_component>
      <object_component id="oc-b4">
         <name>.debug_info</name>
         <load_address>0x1807</load_address>
         <run_address>0x1807</run_address>
         <size>0x126</size>
         <input_file_ref idref="fl-21"/>
      </object_component>
      <object_component id="oc-209">
         <name>.debug_info</name>
         <load_address>0x192d</load_address>
         <run_address>0x192d</run_address>
         <size>0x119</size>
         <input_file_ref idref="fl-22"/>
      </object_component>
      <object_component id="oc-1f6">
         <name>.debug_info</name>
         <load_address>0x1a46</load_address>
         <run_address>0x1a46</run_address>
         <size>0x125</size>
         <input_file_ref idref="fl-23"/>
      </object_component>
      <object_component id="oc-204">
         <name>.debug_info</name>
         <load_address>0x1b6b</load_address>
         <run_address>0x1b6b</run_address>
         <size>0x122</size>
         <input_file_ref idref="fl-24"/>
      </object_component>
      <object_component id="oc-1fb">
         <name>.debug_info</name>
         <load_address>0x1c8d</load_address>
         <run_address>0x1c8d</run_address>
         <size>0x119</size>
         <input_file_ref idref="fl-25"/>
      </object_component>
      <object_component id="oc-1ff">
         <name>.debug_info</name>
         <load_address>0x1da6</load_address>
         <run_address>0x1da6</run_address>
         <size>0x12d</size>
         <input_file_ref idref="fl-26"/>
      </object_component>
      <object_component id="oc-d1">
         <name>.debug_info</name>
         <load_address>0x1ed3</load_address>
         <run_address>0x1ed3</run_address>
         <size>0x107</size>
         <input_file_ref idref="fl-2f"/>
      </object_component>
      <object_component id="oc-ab">
         <name>.debug_info</name>
         <load_address>0x1fda</load_address>
         <run_address>0x1fda</run_address>
         <size>0x118</size>
         <input_file_ref idref="fl-30"/>
      </object_component>
      <object_component id="oc-4a0">
         <name>.debug_info</name>
         <load_address>0x20f2</load_address>
         <run_address>0x20f2</run_address>
         <size>0x118</size>
         <input_file_ref idref="fl-31"/>
      </object_component>
      <object_component id="oc-25a">
         <name>.debug_info</name>
         <load_address>0x220a</load_address>
         <run_address>0x220a</run_address>
         <size>0x11e</size>
         <input_file_ref idref="fl-31"/>
      </object_component>
      <object_component id="oc-af">
         <name>.debug_info</name>
         <load_address>0x2328</load_address>
         <run_address>0x2328</run_address>
         <size>0x118</size>
         <input_file_ref idref="fl-32"/>
      </object_component>
      <object_component id="oc-409">
         <name>.debug_info</name>
         <load_address>0x2440</load_address>
         <run_address>0x2440</run_address>
         <size>0x118</size>
         <input_file_ref idref="fl-33"/>
      </object_component>
      <object_component id="oc-25e">
         <name>.debug_info</name>
         <load_address>0x2558</load_address>
         <run_address>0x2558</run_address>
         <size>0x11e</size>
         <input_file_ref idref="fl-33"/>
      </object_component>
      <object_component id="oc-a5">
         <name>.debug_info</name>
         <load_address>0x2676</load_address>
         <run_address>0x2676</run_address>
         <size>0xf5</size>
         <input_file_ref idref="fl-34"/>
      </object_component>
      <object_component id="oc-fa">
         <name>.debug_info</name>
         <load_address>0x276b</load_address>
         <run_address>0x276b</run_address>
         <size>0x16f</size>
         <input_file_ref idref="fl-34"/>
      </object_component>
      <object_component id="oc-23e">
         <name>.debug_info</name>
         <load_address>0x28da</load_address>
         <run_address>0x28da</run_address>
         <size>0x472</size>
         <input_file_ref idref="fl-35"/>
      </object_component>
      <object_component id="oc-1ad">
         <name>.debug_info</name>
         <load_address>0x2d4c</load_address>
         <run_address>0x2d4c</run_address>
         <size>0x1d5</size>
         <input_file_ref idref="fl-35"/>
      </object_component>
      <object_component id="oc-2ab">
         <name>.debug_info</name>
         <load_address>0x2f21</load_address>
         <run_address>0x2f21</run_address>
         <size>0x39</size>
         <input_file_ref idref="fl-35"/>
      </object_component>
      <object_component id="oc-2bc">
         <name>.debug_info</name>
         <load_address>0x2f5a</load_address>
         <run_address>0x2f5a</run_address>
         <size>0x2c</size>
         <input_file_ref idref="fl-35"/>
      </object_component>
      <object_component id="oc-249">
         <name>.debug_info</name>
         <load_address>0x2f86</load_address>
         <run_address>0x2f86</run_address>
         <size>0x2c</size>
         <input_file_ref idref="fl-35"/>
      </object_component>
      <object_component id="oc-2b0">
         <name>.debug_info</name>
         <load_address>0x2fb2</load_address>
         <run_address>0x2fb2</run_address>
         <size>0xcd</size>
         <input_file_ref idref="fl-35"/>
      </object_component>
      <object_component id="oc-150">
         <name>.debug_info</name>
         <load_address>0x307f</load_address>
         <run_address>0x307f</run_address>
         <size>0x1b4</size>
         <input_file_ref idref="fl-36"/>
      </object_component>
      <object_component id="oc-e7">
         <name>.debug_info</name>
         <load_address>0x3233</load_address>
         <run_address>0x3233</run_address>
         <size>0x1c7</size>
         <input_file_ref idref="fl-36"/>
      </object_component>
      <object_component id="oc-14b">
         <name>.debug_info</name>
         <load_address>0x33fa</load_address>
         <run_address>0x33fa</run_address>
         <size>0x46</size>
         <input_file_ref idref="fl-36"/>
      </object_component>
      <object_component id="oc-12f">
         <name>.debug_info</name>
         <load_address>0x3440</load_address>
         <run_address>0x3440</run_address>
         <size>0x2c</size>
         <input_file_ref idref="fl-36"/>
      </object_component>
      <object_component id="oc-154">
         <name>.debug_info</name>
         <load_address>0x346c</load_address>
         <run_address>0x346c</run_address>
         <size>0x148</size>
         <input_file_ref idref="fl-39"/>
      </object_component>
      <object_component id="oc-238">
         <name>.debug_info</name>
         <load_address>0x35b4</load_address>
         <run_address>0x35b4</run_address>
         <size>0x145</size>
         <input_file_ref idref="fl-3a"/>
      </object_component>
      <object_component id="oc-ce">
         <name>.debug_info</name>
         <load_address>0x36f9</load_address>
         <run_address>0x36f9</run_address>
         <size>0x175</size>
         <input_file_ref idref="fl-3b"/>
      </object_component>
      <object_component id="oc-36">
         <name>.debug_info</name>
         <load_address>0x386e</load_address>
         <run_address>0x386e</run_address>
         <size>0x1df</size>
         <input_file_ref idref="fl-3b"/>
      </object_component>
      <object_component id="oc-c9">
         <name>.debug_info</name>
         <load_address>0x3a4d</load_address>
         <run_address>0x3a4d</run_address>
         <size>0x46</size>
         <input_file_ref idref="fl-3b"/>
      </object_component>
      <object_component id="oc-134">
         <name>.debug_info</name>
         <load_address>0x3a93</load_address>
         <run_address>0x3a93</run_address>
         <size>0x2c</size>
         <input_file_ref idref="fl-3b"/>
      </object_component>
      <object_component id="oc-12c">
         <name>.debug_info</name>
         <load_address>0x3abf</load_address>
         <run_address>0x3abf</run_address>
         <size>0x16b</size>
         <input_file_ref idref="fl-3c"/>
      </object_component>
      <object_component id="oc-2f">
         <name>.debug_info</name>
         <load_address>0x3c2a</load_address>
         <run_address>0x3c2a</run_address>
         <size>0x287</size>
         <input_file_ref idref="fl-3c"/>
      </object_component>
      <object_component id="oc-b8">
         <name>.debug_info</name>
         <load_address>0x3eb1</load_address>
         <run_address>0x3eb1</run_address>
         <size>0x60</size>
         <input_file_ref idref="fl-3c"/>
      </object_component>
      <object_component id="oc-174">
         <name>.debug_info</name>
         <load_address>0x3f11</load_address>
         <run_address>0x3f11</run_address>
         <size>0x46</size>
         <input_file_ref idref="fl-3c"/>
      </object_component>
      <object_component id="oc-127">
         <name>.debug_info</name>
         <load_address>0x3f57</load_address>
         <run_address>0x3f57</run_address>
         <size>0x39</size>
         <input_file_ref idref="fl-3c"/>
      </object_component>
      <object_component id="oc-270">
         <name>.debug_info</name>
         <load_address>0x3f90</load_address>
         <run_address>0x3f90</run_address>
         <size>0x197</size>
         <input_file_ref idref="fl-3d"/>
      </object_component>
      <object_component id="oc-1e9">
         <name>.debug_info</name>
         <load_address>0x4127</load_address>
         <run_address>0x4127</run_address>
         <size>0x27f</size>
         <input_file_ref idref="fl-3d"/>
      </object_component>
      <object_component id="oc-26b">
         <name>.debug_info</name>
         <load_address>0x43a6</load_address>
         <run_address>0x43a6</run_address>
         <size>0x94</size>
         <input_file_ref idref="fl-3d"/>
      </object_component>
      <object_component id="oc-263">
         <name>.debug_info</name>
         <load_address>0x443a</load_address>
         <run_address>0x443a</run_address>
         <size>0x160</size>
         <input_file_ref idref="fl-3e"/>
      </object_component>
      <object_component id="oc-1e4">
         <name>.debug_info</name>
         <load_address>0x459a</load_address>
         <run_address>0x459a</run_address>
         <size>0x1d8</size>
         <input_file_ref idref="fl-3e"/>
      </object_component>
      <object_component id="oc-2d0">
         <name>.debug_info</name>
         <load_address>0x4772</load_address>
         <run_address>0x4772</run_address>
         <size>0x167</size>
         <input_file_ref idref="fl-3f"/>
      </object_component>
      <object_component id="oc-267">
         <name>.debug_info</name>
         <load_address>0x48d9</load_address>
         <run_address>0x48d9</run_address>
         <size>0x5c4</size>
         <input_file_ref idref="fl-3f"/>
      </object_component>
      <object_component id="oc-272">
         <name>.debug_info</name>
         <load_address>0x4e9d</load_address>
         <run_address>0x4e9d</run_address>
         <size>0x15a</size>
         <input_file_ref idref="fl-40"/>
      </object_component>
      <object_component id="oc-1f1">
         <name>.debug_info</name>
         <load_address>0x4ff7</load_address>
         <run_address>0x4ff7</run_address>
         <size>0x1cd</size>
         <input_file_ref idref="fl-40"/>
      </object_component>
      <object_component id="oc-1a1">
         <name>.debug_info</name>
         <load_address>0x51c4</load_address>
         <run_address>0x51c4</run_address>
         <size>0x117</size>
         <input_file_ref idref="fl-41"/>
      </object_component>
      <object_component id="oc-12e">
         <name>.debug_info</name>
         <load_address>0x52db</load_address>
         <run_address>0x52db</run_address>
         <size>0x176</size>
         <input_file_ref idref="fl-44"/>
      </object_component>
      <object_component id="oc-c5">
         <name>.debug_info</name>
         <load_address>0x5451</load_address>
         <run_address>0x5451</run_address>
         <size>0x16f</size>
         <input_file_ref idref="fl-44"/>
      </object_component>
      <object_component id="oc-292">
         <name>.debug_info</name>
         <load_address>0x55c0</load_address>
         <run_address>0x55c0</run_address>
         <size>0x20b</size>
         <input_file_ref idref="fl-45"/>
      </object_component>
      <object_component id="oc-219">
         <name>.debug_info</name>
         <load_address>0x57cb</load_address>
         <run_address>0x57cb</run_address>
         <size>0x1ef</size>
         <input_file_ref idref="fl-45"/>
      </object_component>
      <object_component id="oc-280">
         <name>.debug_info</name>
         <load_address>0x59ba</load_address>
         <run_address>0x59ba</run_address>
         <size>0x190</size>
         <input_file_ref idref="fl-45"/>
      </object_component>
      <object_component id="oc-287">
         <name>.debug_info</name>
         <load_address>0x5b4a</load_address>
         <run_address>0x5b4a</run_address>
         <size>0x165</size>
         <input_file_ref idref="fl-45"/>
      </object_component>
      <object_component id="oc-340">
         <name>.debug_info</name>
         <load_address>0x5caf</load_address>
         <run_address>0x5caf</run_address>
         <size>0x2c</size>
         <input_file_ref idref="fl-45"/>
      </object_component>
      <object_component id="oc-4a5">
         <name>.debug_info</name>
         <load_address>0x5cdb</load_address>
         <run_address>0x5cdb</run_address>
         <size>0x118</size>
         <input_file_ref idref="fl-46"/>
      </object_component>
      <object_component id="oc-2cb">
         <name>.debug_info</name>
         <load_address>0x5df3</load_address>
         <run_address>0x5df3</run_address>
         <size>0x11e</size>
         <input_file_ref idref="fl-46"/>
      </object_component>
      <object_component id="oc-2b7">
         <name>.debug_info</name>
         <load_address>0x5f11</load_address>
         <run_address>0x5f11</run_address>
         <size>0x119</size>
         <input_file_ref idref="fl-47"/>
      </object_component>
      <object_component id="oc-2c8">
         <name>.debug_info</name>
         <load_address>0x602a</load_address>
         <run_address>0x602a</run_address>
         <size>0x119</size>
         <input_file_ref idref="fl-48"/>
      </object_component>
      <object_component id="oc-3b4">
         <name>.debug_info</name>
         <load_address>0x6143</load_address>
         <run_address>0x6143</run_address>
         <size>0x188</size>
         <input_file_ref idref="fl-4a"/>
      </object_component>
      <object_component id="oc-2f7">
         <name>.debug_info</name>
         <load_address>0x62cb</load_address>
         <run_address>0x62cb</run_address>
         <size>0x538</size>
         <input_file_ref idref="fl-4b"/>
      </object_component>
      <object_component id="oc-2e0">
         <name>.debug_info</name>
         <load_address>0x6803</load_address>
         <run_address>0x6803</run_address>
         <size>0x23d</size>
         <input_file_ref idref="fl-4b"/>
      </object_component>
      <object_component id="oc-35a">
         <name>.debug_info</name>
         <load_address>0x6a40</load_address>
         <run_address>0x6a40</run_address>
         <size>0x1a8</size>
         <input_file_ref idref="fl-4b"/>
      </object_component>
      <object_component id="oc-360">
         <name>.debug_info</name>
         <load_address>0x6be8</load_address>
         <run_address>0x6be8</run_address>
         <size>0x27c</size>
         <input_file_ref idref="fl-4b"/>
      </object_component>
      <object_component id="oc-322">
         <name>.debug_info</name>
         <load_address>0x6e64</load_address>
         <run_address>0x6e64</run_address>
         <size>0x240</size>
         <input_file_ref idref="fl-4b"/>
      </object_component>
      <object_component id="oc-3bf">
         <name>.debug_info</name>
         <load_address>0x70a4</load_address>
         <run_address>0x70a4</run_address>
         <size>0x3c0</size>
         <input_file_ref idref="fl-4b"/>
      </object_component>
      <object_component id="oc-3c5">
         <name>.debug_info</name>
         <load_address>0x7464</load_address>
         <run_address>0x7464</run_address>
         <size>0x1b2</size>
         <input_file_ref idref="fl-4b"/>
      </object_component>
      <object_component id="oc-3cb">
         <name>.debug_info</name>
         <load_address>0x7616</load_address>
         <run_address>0x7616</run_address>
         <size>0x210</size>
         <input_file_ref idref="fl-4b"/>
      </object_component>
      <object_component id="oc-373">
         <name>.debug_info</name>
         <load_address>0x7826</load_address>
         <run_address>0x7826</run_address>
         <size>0x262</size>
         <input_file_ref idref="fl-4b"/>
      </object_component>
      <object_component id="oc-3d2">
         <name>.debug_info</name>
         <load_address>0x7a88</load_address>
         <run_address>0x7a88</run_address>
         <size>0x3d7</size>
         <input_file_ref idref="fl-4b"/>
      </object_component>
      <object_component id="oc-3d8">
         <name>.debug_info</name>
         <load_address>0x7e5f</load_address>
         <run_address>0x7e5f</run_address>
         <size>0x1fb</size>
         <input_file_ref idref="fl-4b"/>
      </object_component>
      <object_component id="oc-379">
         <name>.debug_info</name>
         <load_address>0x805a</load_address>
         <run_address>0x805a</run_address>
         <size>0x227</size>
         <input_file_ref idref="fl-4b"/>
      </object_component>
      <object_component id="oc-37f">
         <name>.debug_info</name>
         <load_address>0x8281</load_address>
         <run_address>0x8281</run_address>
         <size>0x36b</size>
         <input_file_ref idref="fl-4b"/>
      </object_component>
      <object_component id="oc-3ec">
         <name>.debug_info</name>
         <load_address>0x85ec</load_address>
         <run_address>0x85ec</run_address>
         <size>0x44e</size>
         <input_file_ref idref="fl-4b"/>
      </object_component>
      <object_component id="oc-385">
         <name>.debug_info</name>
         <load_address>0x8a3a</load_address>
         <run_address>0x8a3a</run_address>
         <size>0x275</size>
         <input_file_ref idref="fl-4b"/>
      </object_component>
      <object_component id="oc-328">
         <name>.debug_info</name>
         <load_address>0x8caf</load_address>
         <run_address>0x8caf</run_address>
         <size>0x362</size>
         <input_file_ref idref="fl-4b"/>
      </object_component>
      <object_component id="oc-2e6">
         <name>.debug_info</name>
         <load_address>0x9011</load_address>
         <run_address>0x9011</run_address>
         <size>0x2fa</size>
         <input_file_ref idref="fl-4b"/>
      </object_component>
      <object_component id="oc-2ec">
         <name>.debug_info</name>
         <load_address>0x930b</load_address>
         <run_address>0x930b</run_address>
         <size>0x262</size>
         <input_file_ref idref="fl-4b"/>
      </object_component>
      <object_component id="oc-2f2">
         <name>.debug_info</name>
         <load_address>0x956d</load_address>
         <run_address>0x956d</run_address>
         <size>0x25f</size>
         <input_file_ref idref="fl-4b"/>
      </object_component>
      <object_component id="oc-28d">
         <name>.debug_info</name>
         <load_address>0x97cc</load_address>
         <run_address>0x97cc</run_address>
         <size>0x32f</size>
         <input_file_ref idref="fl-4b"/>
      </object_component>
      <object_component id="oc-2f8">
         <name>.debug_info</name>
         <load_address>0x9afb</load_address>
         <run_address>0x9afb</run_address>
         <size>0x86</size>
         <input_file_ref idref="fl-4b"/>
      </object_component>
      <object_component id="oc-345">
         <name>.debug_info</name>
         <load_address>0x9b81</load_address>
         <run_address>0x9b81</run_address>
         <size>0x39</size>
         <input_file_ref idref="fl-4b"/>
      </object_component>
      <object_component id="oc-3fb">
         <name>.debug_info</name>
         <load_address>0x9bba</load_address>
         <run_address>0x9bba</run_address>
         <size>0x94</size>
         <input_file_ref idref="fl-4b"/>
      </object_component>
      <object_component id="oc-39b">
         <name>.debug_info</name>
         <load_address>0x9c4e</load_address>
         <run_address>0x9c4e</run_address>
         <size>0x46</size>
         <input_file_ref idref="fl-4b"/>
      </object_component>
      <object_component id="oc-34a">
         <name>.debug_info</name>
         <load_address>0x9c94</load_address>
         <run_address>0x9c94</run_address>
         <size>0x46</size>
         <input_file_ref idref="fl-4b"/>
      </object_component>
      <object_component id="oc-357">
         <name>.debug_info</name>
         <load_address>0x9cda</load_address>
         <run_address>0x9cda</run_address>
         <size>0x186</size>
         <input_file_ref idref="fl-4c"/>
      </object_component>
      <object_component id="oc-319">
         <name>.debug_info</name>
         <load_address>0x9e60</load_address>
         <run_address>0x9e60</run_address>
         <size>0x185</size>
         <input_file_ref idref="fl-4c"/>
      </object_component>
      <object_component id="oc-3a4">
         <name>.debug_info</name>
         <load_address>0x9fe5</load_address>
         <run_address>0x9fe5</run_address>
         <size>0xee</size>
         <input_file_ref idref="fl-4d"/>
      </object_component>
      <object_component id="oc-354">
         <name>.debug_info</name>
         <load_address>0xa0d3</load_address>
         <run_address>0xa0d3</run_address>
         <size>0xfa</size>
         <input_file_ref idref="fl-4d"/>
      </object_component>
      <object_component id="oc-469">
         <name>.debug_info</name>
         <load_address>0xa1cd</load_address>
         <run_address>0xa1cd</run_address>
         <size>0x168</size>
         <input_file_ref idref="fl-4e"/>
      </object_component>
      <object_component id="oc-41a">
         <name>.debug_info</name>
         <load_address>0xa335</load_address>
         <run_address>0xa335</run_address>
         <size>0x1f6</size>
         <input_file_ref idref="fl-4e"/>
      </object_component>
      <object_component id="oc-391">
         <name>.debug_info</name>
         <load_address>0xa52b</load_address>
         <run_address>0xa52b</run_address>
         <size>0x163</size>
         <input_file_ref idref="fl-4f"/>
      </object_component>
      <object_component id="oc-32d">
         <name>.debug_info</name>
         <load_address>0xa68e</load_address>
         <run_address>0xa68e</run_address>
         <size>0x1ab</size>
         <input_file_ref idref="fl-4f"/>
      </object_component>
      <object_component id="oc-352">
         <name>.debug_info</name>
         <load_address>0xa839</load_address>
         <run_address>0xa839</run_address>
         <size>0x162</size>
         <input_file_ref idref="fl-50"/>
      </object_component>
      <object_component id="oc-313">
         <name>.debug_info</name>
         <load_address>0xa99b</load_address>
         <run_address>0xa99b</run_address>
         <size>0x25a</size>
         <input_file_ref idref="fl-50"/>
      </object_component>
      <object_component id="oc-489">
         <name>.debug_info</name>
         <load_address>0xabf5</load_address>
         <run_address>0xabf5</run_address>
         <size>0x167</size>
         <input_file_ref idref="fl-51"/>
      </object_component>
      <object_component id="oc-453">
         <name>.debug_info</name>
         <load_address>0xad5c</load_address>
         <run_address>0xad5c</run_address>
         <size>0x24d</size>
         <input_file_ref idref="fl-51"/>
      </object_component>
      <object_component id="oc-311">
         <name>.debug_info</name>
         <load_address>0xafa9</load_address>
         <run_address>0xafa9</run_address>
         <size>0x157</size>
         <input_file_ref idref="fl-52"/>
      </object_component>
      <object_component id="oc-2d9">
         <name>.debug_info</name>
         <load_address>0xb100</load_address>
         <run_address>0xb100</run_address>
         <size>0x215</size>
         <input_file_ref idref="fl-52"/>
      </object_component>
      <object_component id="oc-3bb">
         <name>.debug_info</name>
         <load_address>0xb315</load_address>
         <run_address>0xb315</run_address>
         <size>0x183</size>
         <input_file_ref idref="fl-53"/>
      </object_component>
      <object_component id="oc-366">
         <name>.debug_info</name>
         <load_address>0xb498</load_address>
         <run_address>0xb498</run_address>
         <size>0x149</size>
         <input_file_ref idref="fl-53"/>
      </object_component>
      <object_component id="oc-398">
         <name>.debug_info</name>
         <load_address>0xb5e1</load_address>
         <run_address>0xb5e1</run_address>
         <size>0x15c</size>
         <input_file_ref idref="fl-54"/>
      </object_component>
      <object_component id="oc-338">
         <name>.debug_info</name>
         <load_address>0xb73d</load_address>
         <run_address>0xb73d</run_address>
         <size>0x14f</size>
         <input_file_ref idref="fl-54"/>
      </object_component>
      <object_component id="oc-3f4">
         <name>.debug_info</name>
         <load_address>0xb88c</load_address>
         <run_address>0xb88c</run_address>
         <size>0x39</size>
         <input_file_ref idref="fl-54"/>
      </object_component>
      <object_component id="oc-393">
         <name>.debug_info</name>
         <load_address>0xb8c5</load_address>
         <run_address>0xb8c5</run_address>
         <size>0x39</size>
         <input_file_ref idref="fl-54"/>
      </object_component>
      <object_component id="oc-445">
         <name>.debug_info</name>
         <load_address>0xb8fe</load_address>
         <run_address>0xb8fe</run_address>
         <size>0x167</size>
         <input_file_ref idref="fl-55"/>
      </object_component>
      <object_component id="oc-3e7">
         <name>.debug_info</name>
         <load_address>0xba65</load_address>
[...]
         <name>__mspabi_slli_11</name>
         <value>0xbe90</value>
         <object_component_ref idref="oc-a8"/>
      </symbol>
      <symbol id="sm-1f4">
         <name>__mspabi_slli_10</name>
         <value>0xbe92</value>
         <object_component_ref idref="oc-a8"/>
      </symbol>
      <symbol id="sm-204">
         <name>__mspabi_slll_9</name>
         <value>0xbd0a</value>
         <object_component_ref idref="oc-258"/>
      </symbol>
      <symbol id="sm-205">
         <name>__mspabi_slll_8</name>
         <value>0xbd0e</value>
         <object_component_ref idref="oc-258"/>
      </symbol>
      <symbol id="sm-206">
         <name>__mspabi_slll_7</name>
         <value>0xbd12</value>
         <object_component_ref idref="oc-258"/>
      </symbol>
      <symbol id="sm-207">
         <name>__mspabi_slll_6</name>
         <value>0xbd16</value>
         <object_component_ref idref="oc-258"/>
      </symbol>
      <symbol id="sm-208">
         <name>__mspabi_slll_5</name>
         <value>0xbd1a</value>
         <object_component_ref idref="oc-258"/>
      </symbol>
      <symbol id="sm-209">
         <name>__mspabi_slll_4</name>
         <value>0xbd1e</value>
         <object_component_ref idref="oc-258"/>
      </symbol>
      <symbol id="sm-20a">
         <name>__mspabi_slll_3</name>
         <value>0xbd22</value>
         <object_component_ref idref="oc-258"/>
      </symbol>
      <symbol id="sm-20b">
         <name>__mspabi_slll_2</name>
         <value>0xbd26</value>
         <object_component_ref idref="oc-258"/>
      </symbol>
      <symbol id="sm-20c">
         <name>__mspabi_slll_1</name>
         <value>0xbd2a</value>
         <object_component_ref idref="oc-258"/>
      </symbol>
      <symbol id="sm-20d">
         <name>__mspabi_slll</name>
         <value>0xc078</value>
         <object_component_ref idref="oc-49f"/>
      </symbol>
      <symbol id="sm-20e">
         <name>__mspabi_slll_15</name>
         <value>0xbcf2</value>
         <object_component_ref idref="oc-258"/>
      </symbol>
      <symbol id="sm-20f">
         <name>__mspabi_slll_14</name>
         <value>0xbcf6</value>
         <object_component_ref idref="oc-258"/>
      </symbol>
      <symbol id="sm-210">
         <name>__mspabi_slll_13</name>
         <value>0xbcfa</value>
         <object_component_ref idref="oc-258"/>
      </symbol>
      <symbol id="sm-211">
         <name>__mspabi_slll_12</name>
         <value>0xbcfe</value>
         <object_component_ref idref="oc-258"/>
      </symbol>
      <symbol id="sm-212">
         <name>__mspabi_slll_11</name>
         <value>0xbd02</value>
         <object_component_ref idref="oc-258"/>
      </symbol>
      <symbol id="sm-213">
         <name>__mspabi_slll_10</name>
         <value>0xbd06</value>
         <object_component_ref idref="oc-258"/>
      </symbol>
      <symbol id="sm-21b">
         <name>__mspabi_srli_8</name>
         <value>0xbb3c</value>
         <object_component_ref idref="oc-ad"/>
      </symbol>
      <symbol id="sm-21c">
         <name>__mspabi_srli_9</name>
         <value>0xbb38</value>
         <object_component_ref idref="oc-ad"/>
      </symbol>
      <symbol id="sm-21d">
         <name>__mspabi_srli_6</name>
         <value>0xbb44</value>
         <object_component_ref idref="oc-ad"/>
      </symbol>
      <symbol id="sm-21e">
         <name>__mspabi_srli_7</name>
         <value>0xbb40</value>
         <object_component_ref idref="oc-ad"/>
      </symbol>
      <symbol id="sm-21f">
         <name>__mspabi_srli_4</name>
         <value>0xbb4c</value>
         <object_component_ref idref="oc-ad"/>
      </symbol>
      <symbol id="sm-220">
         <name>__mspabi_srli_5</name>
         <value>0xbb48</value>
         <object_component_ref idref="oc-ad"/>
      </symbol>
      <symbol id="sm-221">
         <name>__mspabi_srli_2</name>
         <value>0xbb54</value>
         <object_component_ref idref="oc-ad"/>
      </symbol>
      <symbol id="sm-222">
         <name>__mspabi_srli_3</name>
         <value>0xbb50</value>
         <object_component_ref idref="oc-ad"/>
      </symbol>
      <symbol id="sm-223">
         <name>__mspabi_srli_1</name>
         <value>0xbb58</value>
         <object_component_ref idref="oc-ad"/>
      </symbol>
      <symbol id="sm-224">
         <name>__mspabi_srli</name>
         <value>0xbb12</value>
         <object_component_ref idref="oc-ad"/>
      </symbol>
      <symbol id="sm-225">
         <name>__mspabi_srli_15</name>
         <value>0xbb20</value>
         <object_component_ref idref="oc-ad"/>
      </symbol>
      <symbol id="sm-226">
         <name>__mspabi_srli_14</name>
         <value>0xbb24</value>
         <object_component_ref idref="oc-ad"/>
      </symbol>
      <symbol id="sm-227">
         <name>__mspabi_srli_13</name>
         <value>0xbb28</value>
         <object_component_ref idref="oc-ad"/>
      </symbol>
      <symbol id="sm-228">
         <name>__mspabi_srli_12</name>
         <value>0xbb2c</value>
         <object_component_ref idref="oc-ad"/>
      </symbol>
      <symbol id="sm-229">
         <name>__mspabi_srli_11</name>
         <value>0xbb30</value>
         <object_component_ref idref="oc-ad"/>
      </symbol>
      <symbol id="sm-22a">
         <name>__mspabi_srli_10</name>
         <value>0xbb34</value>
         <object_component_ref idref="oc-ad"/>
      </symbol>
      <symbol id="sm-23a">
         <name>__mspabi_srll_8</name>
         <value>0xb9e8</value>
         <object_component_ref idref="oc-25d"/>
      </symbol>
      <symbol id="sm-23b">
         <name>__mspabi_srll_9</name>
         <value>0xb9e2</value>
         <object_component_ref idref="oc-25d"/>
      </symbol>
      <symbol id="sm-23c">
         <name>__mspabi_srll_6</name>
         <value>0xb9f4</value>
         <object_component_ref idref="oc-25d"/>
      </symbol>
      <symbol id="sm-23d">
         <name>__mspabi_srll_7</name>
         <value>0xb9ee</value>
         <object_component_ref idref="oc-25d"/>
      </symbol>
      <symbol id="sm-23e">
         <name>__mspabi_srll_4</name>
         <value>0xba00</value>
         <object_component_ref idref="oc-25d"/>
      </symbol>
      <symbol id="sm-23f">
         <name>__mspabi_srll_5</name>
         <value>0xb9fa</value>
         <object_component_ref idref="oc-25d"/>
      </symbol>
      <symbol id="sm-240">
         <name>__mspabi_srll_2</name>
         <value>0xba0c</value>
         <object_component_ref idref="oc-25d"/>
      </symbol>
      <symbol id="sm-241">
         <name>__mspabi_srll_3</name>
         <value>0xba06</value>
         <object_component_ref idref="oc-25d"/>
      </symbol>
      <symbol id="sm-242">
         <name>__mspabi_srll_1</name>
         <value>0xba12</value>
         <object_component_ref idref="oc-25d"/>
      </symbol>
      <symbol id="sm-243">
         <name>__mspabi_srll_15</name>
         <value>0xb9be</value>
         <object_component_ref idref="oc-25d"/>
      </symbol>
      <symbol id="sm-244">
         <name>__mspabi_srll_14</name>
         <value>0xb9c4</value>
         <object_component_ref idref="oc-25d"/>
      </symbol>
      <symbol id="sm-245">
         <name>__mspabi_srll_13</name>
         <value>0xb9ca</value>
         <object_component_ref idref="oc-25d"/>
      </symbol>
      <symbol id="sm-246">
         <name>__mspabi_srll_12</name>
         <value>0xb9d0</value>
         <object_component_ref idref="oc-25d"/>
      </symbol>
      <symbol id="sm-247">
         <name>__mspabi_srll_11</name>
         <value>0xb9d6</value>
         <object_component_ref idref="oc-25d"/>
      </symbol>
      <symbol id="sm-248">
         <name>__mspabi_srll_10</name>
         <value>0xb9dc</value>
         <object_component_ref idref="oc-25d"/>
      </symbol>
      <symbol id="sm-249">
         <name>__mspabi_srll</name>
         <value>0xc044</value>
         <object_component_ref idref="oc-408"/>
      </symbol>
      <symbol id="sm-259">
         <name>_stack</name>
         <value>0x5b0</value>
         <object_component_ref idref="oc-a4"/>
      </symbol>
      <symbol id="sm-25a">
         <name>_c_int00_noargs</name>
         <value>0xbf20</value>
         <object_component_ref idref="oc-f8"/>
      </symbol>
      <symbol id="sm-25b">
         <name>_reset_vector</name>
         <value>0xfffe</value>
         <object_component_ref idref="oc-a7"/>
      </symbol>
      <symbol id="sm-27d">
         <name>__TI_auto_init_nobinit_nopinit</name>
         <value>0xbc32</value>
         <object_component_ref idref="oc-1aa"/>
      </symbol>
      <symbol id="sm-295">
         <name>__TI_zero_init_nomemset</name>
         <value>0xbfd0</value>
         <object_component_ref idref="oc-e6"/>
      </symbol>
      <symbol id="sm-2a0">
         <name>_system_pre_init</name>
         <value>0xc0d6</value>
         <object_component_ref idref="oc-152"/>
      </symbol>
      <symbol id="sm-2a9">
         <name>_system_post_cinit</name>
         <value>0xc0da</value>
         <object_component_ref idref="oc-237"/>
      </symbol>
      <symbol id="sm-2bf">
         <name>__TI_decompress_none</name>
         <value>0xc032</value>
         <object_component_ref idref="oc-34"/>
      </symbol>
      <symbol id="sm-2e2">
         <name>__TI_decompress_lzss</name>
         <value>0xb778</value>
         <object_component_ref idref="oc-2e"/>
      </symbol>
      <symbol id="sm-308">
         <name>__mspabi_divd</name>
         <value>0x9944</value>
         <object_component_ref idref="oc-1e8"/>
      </symbol>
      <symbol id="sm-31d">
         <name>__mspabi_fltuld</name>
         <value>0xb5e8</value>
         <object_component_ref idref="oc-1e2"/>
      </symbol>
      <symbol id="sm-338">
         <name>__TI_frcdivd</name>
         <value>0x8000</value>
         <object_component_ref idref="oc-264"/>
      </symbol>
      <symbol id="sm-34b">
         <name>__mspabi_cvtdf</name>
         <value>0xb55c</value>
         <object_component_ref idref="oc-1ee"/>
      </symbol>
      <symbol id="sm-355">
         <name>C$$EXIT</name>
         <value>0xc0d0</value>
         <object_component_ref idref="oc-19e"/>
      </symbol>
      <symbol id="sm-356">
         <name>abort</name>
         <value>0xc0d0</value>
         <object_component_ref idref="oc-19e"/>
      </symbol>
      <symbol id="sm-366">
         <name>memcpy</name>
         <value>0xc056</value>
         <object_component_ref idref="oc-c2"/>
      </symbol>
      <symbol id="sm-387">
         <name>vsprintf</name>
         <value>0xbd66</value>
         <object_component_ref idref="oc-218"/>
      </symbol>
      <symbol id="sm-397">
         <name>__mspabi_sral</name>
         <value>0xc068</value>
         <object_component_ref idref="oc-4a4"/>
      </symbol>
      <symbol id="sm-398">
         <name>__mspabi_sral_15</name>
         <value>0xbcb4</value>
         <object_component_ref idref="oc-2ca"/>
      </symbol>
      <symbol id="sm-399">
         <name>__mspabi_sral_14</name>
         <value>0xbcb8</value>
         <object_component_ref idref="oc-2ca"/>
      </symbol>
      <symbol id="sm-39a">
         <name>__mspabi_sral_13</name>
         <value>0xbcbc</value>
         <object_component_ref idref="oc-2ca"/>
      </symbol>
      <symbol id="sm-39b">
         <name>__mspabi_sral_12</name>
         <value>0xbcc0</value>
         <object_component_ref idref="oc-2ca"/>
      </symbol>
      <symbol id="sm-39c">
         <name>__mspabi_sral_11</name>
         <value>0xbcc4</value>
         <object_component_ref idref="oc-2ca"/>
      </symbol>
      <symbol id="sm-39d">
         <name>__mspabi_sral_10</name>
         <value>0xbcc8</value>
         <object_component_ref idref="oc-2ca"/>
      </symbol>
      <symbol id="sm-39e">
         <name>__mspabi_sral_8</name>
         <value>0xbcd0</value>
         <object_component_ref idref="oc-2ca"/>
      </symbol>
      <symbol id="sm-39f">
         <name>__mspabi_sral_9</name>
         <value>0xbccc</value>
         <object_component_ref idref="oc-2ca"/>
      </symbol>
      <symbol id="sm-3a0">
         <name>__mspabi_sral_6</name>
         <value>0xbcd8</value>
         <object_component_ref idref="oc-2ca"/>
      </symbol>
      <symbol id="sm-3a1">
         <name>__mspabi_sral_7</name>
         <value>0xbcd4</value>
         <object_component_ref idref="oc-2ca"/>
      </symbol>
      <symbol id="sm-3a2">
         <name>__mspabi_sral_4</name>
         <value>0xbce0</value>
         <object_component_ref idref="oc-2ca"/>
      </symbol>
      <symbol id="sm-3a3">
         <name>__mspabi_sral_5</name>
         <value>0xbcdc</value>
         <object_component_ref idref="oc-2ca"/>
      </symbol>
      <symbol id="sm-3a4">
         <name>__mspabi_sral_2</name>
         <value>0xbce8</value>
         <object_component_ref idref="oc-2ca"/>
      </symbol>
      <symbol id="sm-3a5">
         <name>__mspabi_sral_3</name>
         <value>0xbce4</value>
         <object_component_ref idref="oc-2ca"/>
      </symbol>
      <symbol id="sm-3a6">
         <name>__mspabi_sral_1</name>
         <value>0xbcec</value>
         <object_component_ref idref="oc-2ca"/>
      </symbol>
      <symbol id="sm-3b0">
         <name>__mspabi_mpyi_sw</name>
         <value>0xbff8</value>
         <object_component_ref idref="oc-2b5"/>
      </symbol>
      <symbol id="sm-3b1">
         <name>__mspabi_mpyi</name>
         <value>0xbff8</value>
         <object_component_ref idref="oc-2b5"/>
      </symbol>
      <symbol id="sm-3bb">
         <name>__mspabi_mpyl_sw</name>
         <value>0xbefa</value>
         <object_component_ref idref="oc-2c5"/>
      </symbol>
      <symbol id="sm-3bc">
         <name>__mspabi_mpyl</name>
         <value>0xbefa</value>
         <object_component_ref idref="oc-2c5"/>
      </symbol>
      <symbol id="sm-3ca">
         <name>__mspabi_srlll</name>
         <value>0xbba8</value>
         <object_component_ref idref="oc-3b3"/>
      </symbol>
      <symbol id="sm-59b">
         <name>__TI_printfi</name>
         <value>0x8ad2</value>
         <object_component_ref idref="oc-28b"/>
      </symbol>
      <symbol id="sm-5ae">
         <name>atoi</name>
         <value>0xba72</value>
         <object_component_ref idref="oc-318"/>
      </symbol>
      <symbol id="sm-5b8">
         <name>_ctypes_</name>
         <value>0xc0dc</value>
         <object_component_ref idref="oc-353"/>
      </symbol>
      <symbol id="sm-5c7">
         <name>ltoa</name>
         <value>0xb672</value>
         <object_component_ref idref="oc-419"/>
      </symbol>
      <symbol id="sm-5d6">
         <name>memccpy</name>
         <value>0xbf70</value>
         <object_component_ref idref="oc-32c"/>
      </symbol>
      <symbol id="sm-5e4">
         <name>memset</name>
         <value>0xbfe4</value>
         <object_component_ref idref="oc-312"/>
      </symbol>
      <symbol id="sm-5f3">
         <name>strchr</name>
         <value>0xbf8a</value>
         <object_component_ref idref="oc-451"/>
      </symbol>
      <symbol id="sm-600">
         <name>strlen</name>
         <value>0xc098</value>
         <object_component_ref idref="oc-2d8"/>
      </symbol>
      <symbol id="sm-60d">
         <name>toupper</name>
         <value>0xc0b2</value>
         <object_component_ref idref="oc-365"/>
      </symbol>
      <symbol id="sm-625">
         <name>wcslen</name>
         <value>0xc00c</value>
         <object_component_ref idref="oc-334"/>
      </symbol>
      <symbol id="sm-641">
         <name>frexpl</name>
         <value>0xb190</value>
         <object_component_ref idref="oc-3e4"/>
      </symbol>
      <symbol id="sm-642">
         <name>frexp</name>
         <value>0xb190</value>
         <object_component_ref idref="oc-3e4"/>
      </symbol>
      <symbol id="sm-65a">
         <name>scalbn</name>
         <value>0xa648</value>
         <object_component_ref idref="oc-44b"/>
      </symbol>
      <symbol id="sm-65b">
         <name>scalbnl</name>
         <value>0xa648</value>
         <object_component_ref idref="oc-44b"/>
      </symbol>
      <symbol id="sm-65c">
         <name>ldexpl</name>
         <value>0xa648</value>
         <object_component_ref idref="oc-44b"/>
      </symbol>
      <symbol id="sm-65d">
         <name>ldexp</name>
         <value>0xa648</value>
         <object_component_ref idref="oc-44b"/>
      </symbol>
      <symbol id="sm-666">
         <name>copysign</name>
         <value>0xbdc8</value>
         <object_component_ref idref="oc-480"/>
      </symbol>
      <symbol id="sm-667">
         <name>copysignl</name>
         <value>0xbdc8</value>
         <object_component_ref idref="oc-480"/>
      </symbol>
      <symbol id="sm-673">
         <name>__mspabi_remli</name>
         <value>0xbc74</value>
         <object_component_ref idref="oc-463"/>
      </symbol>
      <symbol id="sm-674">
         <name>__mspabi_divli</name>
         <value>0xbc74</value>
         <object_component_ref idref="oc-463"/>
      </symbol>
      <symbol id="sm-682">
         <name>__mspabi_remul</name>
         <value>0xba1a</value>
         <object_component_ref idref="oc-3ae"/>
      </symbol>
      <symbol id="sm-683">
         <name>__mspabi_divul</name>
         <value>0xba1a</value>
         <object_component_ref idref="oc-3ae"/>
      </symbol>
      <symbol id="sm-6b6">
         <name>__mspabi_divull</name>
         <value>0x8478</value>
         <object_component_ref idref="oc-3a8"/>
      </symbol>
      <symbol id="sm-6d8">
         <name>__mspabi_addd</name>
         <value>0x87d8</value>
         <object_component_ref idref="oc-46c"/>
      </symbol>
      <symbol id="sm-6f2">
         <name>__mspabi_cmpd</name>
         <value>0xae6e</value>
         <object_component_ref idref="oc-389"/>
      </symbol>
      <symbol id="sm-6ff">
         <name>__mspabi_fixdi</name>
         <value>0xbed2</value>
         <object_component_ref idref="oc-42b"/>
      </symbol>
      <symbol id="sm-70e">
         <name>__mspabi_fixdli</name>
         <value>0xb8e4</value>
         <object_component_ref idref="oc-413"/>
      </symbol>
      <symbol id="sm-717">
         <name>__mspabi_fltid</name>
         <value>0xc0a6</value>
         <object_component_ref idref="oc-457"/>
      </symbol>
      <symbol id="sm-72e">
         <name>__mspabi_fltlid</name>
         <value>0xb240</value>
         <object_component_ref idref="oc-41f"/>
      </symbol>
      <symbol id="sm-74f">
         <name>__TI_frcaddd</name>
         <value>0x924e</value>
         <object_component_ref idref="oc-490"/>
      </symbol>
      <symbol id="sm-771">
         <name>__mspabi_mpyd</name>
         <value>0x8fe0</value>
         <object_component_ref idref="oc-3dd"/>
      </symbol>
      <symbol id="sm-77a">
         <name>__mspabi_negd</name>
         <value>0xbea8</value>
         <object_component_ref idref="oc-36b"/>
      </symbol>
      <symbol id="sm-78d">
         <name>__TI_renormd</name>
         <value>0xb0d2</value>
         <object_component_ref idref="oc-4a9"/>
      </symbol>
      <symbol id="sm-796">
         <name>__mspabi_subd</name>
         <value>0xbd9a</value>
         <object_component_ref idref="oc-425"/>
      </symbol>
      <symbol id="sm-79d">
         <name>errno</name>
         <value>0x292</value>
         <object_component_ref idref="oc-33a"/>
      </symbol>
      <symbol id="sm-7a7">
         <name>abs</name>
         <value>0xc0be</value>
         <object_component_ref idref="oc-432"/>
      </symbol>
      <symbol id="sm-7b4">
         <name>__mspabi_sllll</name>
         <value>0xbbee</value>
         <object_component_ref idref="oc-402"/>
      </symbol>
      <symbol id="sm-7c4">
         <name>__TI_frcmpyd</name>
         <value>0x8d5a</value>
         <object_component_ref idref="oc-43c"/>
      </symbol>
   </symbol_table>
   <title>Link successful</title>
</link_info>
