<?xml version="1.0" encoding="ISO-8859-1" ?>
<link_info>
   <banner>MSP430 Linker PC v18.1.1.LTS</banner>
   <copyright>Copyright (c) 2003-2017 Texas Instruments Incorporated</copyright>
   <link_time>0x5baa92b8</link_time>
   <link_errors>0x0</link_errors>
   <output_file>Lab4.out</output_file>
   <entry_point>
      <name>_c_int00_noargs</name>
      <address>0xbfe0</address>
   </entry_point>
   <input_file_list>
      <input_file id="fl-2">
         <path>.\</path>
         <kind>object</kind>
         <file>UARTFuncs.obj</file>
         <name>UARTFuncs.obj</name>
      </input_file>
      <input_file id="fl-3">
         <path>.\</path>
         <kind>object</kind>
         <file>user_Lab4.obj</file>
         <name>user_Lab4.obj</name>
      </input_file>
      <input_file id="fl-8">
         <kind>object</kind>
         <file>&lt;internal&gt;</file>
         <name>&lt;internal&gt;</name>
      </input_file>
      <input_file id="fl-1e">
         <path>C:\ti\ccsv8\tools\compiler\ti-cgt-msp430_18.1.1.LTS\lib\</path>
         <kind>archive</kind>
         <file>rts430_eabi.lib</file>
         <name>asr16.asm.obj</name>
      </input_file>
      <input_file id="fl-1f">
         <path>C:\ti\ccsv8\tools\compiler\ti-cgt-msp430_18.1.1.LTS\lib\</path>
         <kind>archive</kind>
         <file>rts430_eabi.lib</file>
         <name>div16s.asm.obj</name>
      </input_file>
      <input_file id="fl-20">
         <path>C:\ti\ccsv8\tools\compiler\ti-cgt-msp430_18.1.1.LTS\lib\</path>
         <kind>archive</kind>
         <file>rts430_eabi.lib</file>
         <name>div16u.asm.obj</name>
      </input_file>
      <input_file id="fl-21">
         <path>C:\ti\ccsv8\tools\compiler\ti-cgt-msp430_18.1.1.LTS\lib\</path>
         <kind>archive</kind>
         <file>rts430_eabi.lib</file>
         <name>div32s.asm.obj</name>
      </input_file>
      <input_file id="fl-22">
         <path>C:\ti\ccsv8\tools\compiler\ti-cgt-msp430_18.1.1.LTS\lib\</path>
         <kind>archive</kind>
         <file>rts430_eabi.lib</file>
         <name>div32u.asm.obj</name>
      </input_file>
      <input_file id="fl-23">
         <path>C:\ti\ccsv8\tools\compiler\ti-cgt-msp430_18.1.1.LTS\lib\</path>
         <kind>archive</kind>
         <file>rts430_eabi.lib</file>
         <name>epilog.asm.obj</name>
      </input_file>
      <input_file id="fl-24">
         <path>C:\ti\ccsv8\tools\compiler\ti-cgt-msp430_18.1.1.LTS\lib\</path>
         <kind>archive</kind>
         <file>rts430_eabi.lib</file>
         <name>fs_add.asm.obj</name>
      </input_file>
      <input_file id="fl-25">
         <path>C:\ti\ccsv8\tools\compiler\ti-cgt-msp430_18.1.1.LTS\lib\</path>
         <kind>archive</kind>
         <file>rts430_eabi.lib</file>
         <name>fs_cmp.asm.obj</name>
      </input_file>
      <input_file id="fl-26">
         <path>C:\ti\ccsv8\tools\compiler\ti-cgt-msp430_18.1.1.LTS\lib\</path>
         <kind>archive</kind>
         <file>rts430_eabi.lib</file>
         <name>fs_itof.asm.obj</name>
      </input_file>
      <input_file id="fl-27">
         <path>C:\ti\ccsv8\tools\compiler\ti-cgt-msp430_18.1.1.LTS\lib\</path>
         <kind>archive</kind>
         <file>rts430_eabi.lib</file>
         <name>fs_mpy.asm.obj</name>
      </input_file>
      <input_file id="fl-28">
         <path>C:\ti\ccsv8\tools\compiler\ti-cgt-msp430_18.1.1.LTS\lib\</path>
         <kind>archive</kind>
         <file>rts430_eabi.lib</file>
         <name>fs_toi.asm.obj</name>
      </input_file>
      <input_file id="fl-29">
         <path>C:\ti\ccsv8\tools\compiler\ti-cgt-msp430_18.1.1.LTS\lib\</path>
         <kind>archive</kind>
         <file>rts430_eabi.lib</file>
         <name>int02.asm.obj</name>
      </input_file>
      <input_file id="fl-2a">
         <path>C:\ti\ccsv8\tools\compiler\ti-cgt-msp430_18.1.1.LTS\lib\</path>
         <kind>archive</kind>
         <file>rts430_eabi.lib</file>
         <name>int03.asm.obj</name>
      </input_file>
      <input_file id="fl-2b">
         <path>C:\ti\ccsv8\tools\compiler\ti-cgt-msp430_18.1.1.LTS\lib\</path>
         <kind>archive</kind>
         <file>rts430_eabi.lib</file>
         <name>int05.asm.obj</name>
      </input_file>
      <input_file id="fl-2c">
         <path>C:\ti\ccsv8\tools\compiler\ti-cgt-msp430_18.1.1.LTS\lib\</path>
         <kind>archive</kind>
         <file>rts430_eabi.lib</file>
         <name>int08.asm.obj</name>
      </input_file>
      <input_file id="fl-2d">
         <path>C:\ti\ccsv8\tools\compiler\ti-cgt-msp430_18.1.1.LTS\lib\</path>
         <kind>archive</kind>
         <file>rts430_eabi.lib</file>
         <name>int10.asm.obj</name>
      </input_file>
      <input_file id="fl-2e">
         <path>C:\ti\ccsv8\tools\compiler\ti-cgt-msp430_18.1.1.LTS\lib\</path>
         <kind>archive</kind>
         <file>rts430_eabi.lib</file>
         <name>int12.asm.obj</name>
      </input_file>
      <input_file id="fl-2f">
         <path>C:\ti\ccsv8\tools\compiler\ti-cgt-msp430_18.1.1.LTS\lib\</path>
         <kind>archive</kind>
         <file>rts430_eabi.lib</file>
         <name>int13.asm.obj</name>
      </input_file>
      <input_file id="fl-30">
         <path>C:\ti\ccsv8\tools\compiler\ti-cgt-msp430_18.1.1.LTS\lib\</path>
         <kind>archive</kind>
         <file>rts430_eabi.lib</file>
         <name>int14.asm.obj</name>
      </input_file>
      <input_file id="fl-31">
         <path>C:\ti\ccsv8\tools\compiler\ti-cgt-msp430_18.1.1.LTS\lib\</path>
         <kind>archive</kind>
         <file>rts430_eabi.lib</file>
         <name>isr_trap.asm.obj</name>
      </input_file>
      <input_file id="fl-32">
         <path>C:\ti\ccsv8\tools\compiler\ti-cgt-msp430_18.1.1.LTS\lib\</path>
         <kind>archive</kind>
         <file>rts430_eabi.lib</file>
         <name>lsl16.asm.obj</name>
      </input_file>
      <input_file id="fl-33">
         <path>C:\ti\ccsv8\tools\compiler\ti-cgt-msp430_18.1.1.LTS\lib\</path>
         <kind>archive</kind>
         <file>rts430_eabi.lib</file>
         <name>lsl32.asm.obj</name>
      </input_file>
      <input_file id="fl-34">
         <path>C:\ti\ccsv8\tools\compiler\ti-cgt-msp430_18.1.1.LTS\lib\</path>
         <kind>archive</kind>
         <file>rts430_eabi.lib</file>
         <name>lsr16.asm.obj</name>
      </input_file>
      <input_file id="fl-35">
         <path>C:\ti\ccsv8\tools\compiler\ti-cgt-msp430_18.1.1.LTS\lib\</path>
         <kind>archive</kind>
         <file>rts430_eabi.lib</file>
         <name>lsr32.asm.obj</name>
      </input_file>
      <input_file id="fl-36">
         <path>C:\ti\ccsv8\tools\compiler\ti-cgt-msp430_18.1.1.LTS\lib\</path>
         <kind>archive</kind>
         <file>rts430_eabi.lib</file>
         <name>mult32.asm.obj</name>
      </input_file>
      <input_file id="fl-37">
         <path>C:\ti\ccsv8\tools\compiler\ti-cgt-msp430_18.1.1.LTS\lib\</path>
         <kind>archive</kind>
         <file>rts430_eabi.lib</file>
         <name>boot.c.obj</name>
      </input_file>
      <input_file id="fl-38">
         <path>C:\ti\ccsv8\tools\compiler\ti-cgt-msp430_18.1.1.LTS\lib\</path>
         <kind>archive</kind>
         <file>rts430_eabi.lib</file>
         <name>autoinit.c.obj</name>
      </input_file>
      <input_file id="fl-39">
         <path>C:\ti\ccsv8\tools\compiler\ti-cgt-msp430_18.1.1.LTS\lib\</path>
         <kind>archive</kind>
         <file>rts430_eabi.lib</file>
         <name>copy_zero_init.c.obj</name>
      </input_file>
      <input_file id="fl-3a">
         <path>C:\ti\ccsv8\tools\compiler\ti-cgt-msp430_18.1.1.LTS\lib\</path>
         <kind>archive</kind>
         <file>rts430_eabi.lib</file>
         <name>cpy_tbl.c.obj</name>
      </input_file>
      <input_file id="fl-3b">
         <path>C:\ti\ccsv8\tools\compiler\ti-cgt-msp430_18.1.1.LTS\lib\</path>
         <kind>archive</kind>
         <file>rts430_eabi.lib</file>
         <name>mpu_init.c.obj</name>
      </input_file>
      <input_file id="fl-3c">
         <path>C:\ti\ccsv8\tools\compiler\ti-cgt-msp430_18.1.1.LTS\lib\</path>
         <kind>archive</kind>
         <file>rts430_eabi.lib</file>
         <name>pre_init.c.obj</name>
      </input_file>
      <input_file id="fl-3d">
         <path>C:\ti\ccsv8\tools\compiler\ti-cgt-msp430_18.1.1.LTS\lib\</path>
         <kind>archive</kind>
         <file>rts430_eabi.lib</file>
         <name>startup.c.obj</name>
      </input_file>
      <input_file id="fl-3e">
         <path>C:\ti\ccsv8\tools\compiler\ti-cgt-msp430_18.1.1.LTS\lib\</path>
         <kind>archive</kind>
         <file>rts430_eabi.lib</file>
         <name>copy_decompress_none.c.obj</name>
      </input_file>
      <input_file id="fl-3f">
         <path>C:\ti\ccsv8\tools\compiler\ti-cgt-msp430_18.1.1.LTS\lib\</path>
         <kind>archive</kind>
         <file>rts430_eabi.lib</file>
         <name>copy_decompress_lzss.c.obj</name>
      </input_file>
      <input_file id="fl-40">
         <path>C:\ti\ccsv8\tools\compiler\ti-cgt-msp430_18.1.1.LTS\lib\</path>
         <kind>archive</kind>
         <file>rts430_eabi.lib</file>
         <name>divd.c.obj</name>
      </input_file>
      <input_file id="fl-41">
         <path>C:\ti\ccsv8\tools\compiler\ti-cgt-msp430_18.1.1.LTS\lib\</path>
         <kind>archive</kind>
         <file>rts430_eabi.lib</file>
         <name>fltuld.c.obj</name>
      </input_file>
      <input_file id="fl-42">
         <path>C:\ti\ccsv8\tools\compiler\ti-cgt-msp430_18.1.1.LTS\lib\</path>
         <kind>archive</kind>
         <file>rts430_eabi.lib</file>
         <name>frcdivd.c.obj</name>
      </input_file>
      <input_file id="fl-43">
         <path>C:\ti\ccsv8\tools\compiler\ti-cgt-msp430_18.1.1.LTS\lib\</path>
         <kind>archive</kind>
         <file>rts430_eabi.lib</file>
         <name>cvtdf.c.obj</name>
      </input_file>
      <input_file id="fl-44">
         <path>C:\ti\ccsv8\tools\compiler\ti-cgt-msp430_18.1.1.LTS\lib\</path>
         <kind>archive</kind>
         <file>rts430_eabi.lib</file>
         <name>exit.c.obj</name>
      </input_file>
      <input_file id="fl-45">
         <path>C:\ti\ccsv8\tools\compiler\ti-cgt-msp430_18.1.1.LTS\lib\</path>
         <kind>archive</kind>
         <file>rts430_eabi.lib</file>
         <name>_lock.c.obj</name>
      </input_file>
      <input_file id="fl-46">
         <path>C:\ti\ccsv8\tools\compiler\ti-cgt-msp430_18.1.1.LTS\lib\</path>
         <kind>archive</kind>
         <file>rts430_eabi.lib</file>
         <name>args_main.c.obj</name>
      </input_file>
      <input_file id="fl-47">
         <path>C:\ti\ccsv8\tools\compiler\ti-cgt-msp430_18.1.1.LTS\lib\</path>
         <kind>archive</kind>
         <file>rts430_eabi.lib</file>
         <name>memcpy.c.obj</name>
      </input_file>
      <input_file id="fl-48">
         <path>C:\ti\ccsv8\tools\compiler\ti-cgt-msp430_18.1.1.LTS\lib\</path>
         <kind>archive</kind>
         <file>rts430_eabi.lib</file>
         <name>vsprintf.c.obj</name>
      </input_file>
      <input_file id="fl-49">
         <path>C:\ti\ccsv8\tools\compiler\ti-cgt-msp430_18.1.1.LTS\lib\</path>
         <kind>archive</kind>
         <file>rts430_eabi.lib</file>
         <name>asr32.asm.obj</name>
      </input_file>
      <input_file id="fl-4a">
         <path>C:\ti\ccsv8\tools\compiler\ti-cgt-msp430_18.1.1.LTS\lib\</path>
         <kind>archive</kind>
         <file>rts430_eabi.lib</file>
         <name>mult16.asm.obj</name>
      </input_file>
      <input_file id="fl-4b">
         <path>C:\ti\ccsv8\tools\compiler\ti-cgt-msp430_18.1.1.LTS\lib\</path>
         <kind>archive</kind>
         <file>rts430_eabi.lib</file>
         <name>exit_gvars.c.obj</name>
      </input_file>
      <input_file id="fl-4c">
         <path>C:\ti\ccsv8\tools\compiler\ti-cgt-msp430_18.1.1.LTS\lib\</path>
         <kind>archive</kind>
         <file>rts430_eabi.lib</file>
         <name>lsr64.c.obj</name>
      </input_file>
      <input_file id="fl-4d">
         <path>C:\ti\ccsv8\tools\compiler\ti-cgt-msp430_18.1.1.LTS\lib\</path>
         <kind>archive</kind>
         <file>rts430_eabi.lib</file>
         <name>_printfi.c.obj</name>
      </input_file>
      <input_file id="fl-4e">
         <path>C:\ti\ccsv8\tools\compiler\ti-cgt-msp430_18.1.1.LTS\lib\</path>
         <kind>archive</kind>
         <file>rts430_eabi.lib</file>
         <name>atoi.c.obj</name>
      </input_file>
      <input_file id="fl-4f">
         <path>C:\ti\ccsv8\tools\compiler\ti-cgt-msp430_18.1.1.LTS\lib\</path>
         <kind>archive</kind>
         <file>rts430_eabi.lib</file>
         <name>ctype.c.obj</name>
      </input_file>
      <input_file id="fl-50">
         <path>C:\ti\ccsv8\tools\compiler\ti-cgt-msp430_18.1.1.LTS\lib\</path>
         <kind>archive</kind>
         <file>rts430_eabi.lib</file>
         <name>ltoa.c.obj</name>
      </input_file>
      <input_file id="fl-51">
         <path>C:\ti\ccsv8\tools\compiler\ti-cgt-msp430_18.1.1.LTS\lib\</path>
         <kind>archive</kind>
         <file>rts430_eabi.lib</file>
         <name>memccpy.c.obj</name>
      </input_file>
      <input_file id="fl-52">
         <path>C:\ti\ccsv8\tools\compiler\ti-cgt-msp430_18.1.1.LTS\lib\</path>
         <kind>archive</kind>
         <file>rts430_eabi.lib</file>
         <name>memset.c.obj</name>
      </input_file>
      <input_file id="fl-53">
         <path>C:\ti\ccsv8\tools\compiler\ti-cgt-msp430_18.1.1.LTS\lib\</path>
         <kind>archive</kind>
         <file>rts430_eabi.lib</file>
         <name>strchr.c.obj</name>
      </input_file>
      <input_file id="fl-54">
         <path>C:\ti\ccsv8\tools\compiler\ti-cgt-msp430_18.1.1.LTS\lib\</path>
         <kind>archive</kind>
         <file>rts430_eabi.lib</file>
         <name>strlen.c.obj</name>
      </input_file>
      <input_file id="fl-55">
         <path>C:\ti\ccsv8\tools\compiler\ti-cgt-msp430_18.1.1.LTS\lib\</path>
         <kind>archive</kind>
         <file>rts430_eabi.lib</file>
         <name>toupper.c.obj</name>
      </input_file>
      <input_file id="fl-56">
         <path>C:\ti\ccsv8\tools\compiler\ti-cgt-msp430_18.1.1.LTS\lib\</path>
         <kind>archive</kind>
         <file>rts430_eabi.lib</file>
         <name>wcslen.c.obj</name>
      </input_file>
      <input_file id="fl-57">
         <path>C:\ti\ccsv8\tools\compiler\ti-cgt-msp430_18.1.1.LTS\lib\</path>
         <kind>archive</kind>
         <file>rts430_eabi.lib</file>
         <name>s_frexp.c.obj</name>
      </input_file>
      <input_file id="fl-58">
         <path>C:\ti\ccsv8\tools\compiler\ti-cgt-msp430_18.1.1.LTS\lib\</path>
         <kind>archive</kind>
         <file>rts430_eabi.lib</file>
         <name>s_scalbn.c.obj</name>
      </input_file>
      <input_file id="fl-59">
         <path>C:\ti\ccsv8\tools\compiler\ti-cgt-msp430_18.1.1.LTS\lib\</path>
         <kind>archive</kind>
         <file>rts430_eabi.lib</file>
         <name>s_copysign.c.obj</name>
      </input_file>
      <input_file id="fl-5a">
         <path>C:\ti\ccsv8\tools\compiler\ti-cgt-msp430_18.1.1.LTS\lib\</path>
         <kind>archive</kind>
         <file>rts430_eabi.lib</file>
         <name>div64u.c.obj</name>
      </input_file>
      <input_file id="fl-5b">
         <path>C:\ti\ccsv8\tools\compiler\ti-cgt-msp430_18.1.1.LTS\lib\</path>
         <kind>archive</kind>
         <file>rts430_eabi.lib</file>
         <name>addd.c.obj</name>
      </input_file>
      <input_file id="fl-5c">
         <path>C:\ti\ccsv8\tools\compiler\ti-cgt-msp430_18.1.1.LTS\lib\</path>
         <kind>archive</kind>
         <file>rts430_eabi.lib</file>
         <name>cmpd.c.obj</name>
      </input_file>
      <input_file id="fl-5d">
         <path>C:\ti\ccsv8\tools\compiler\ti-cgt-msp430_18.1.1.LTS\lib\</path>
         <kind>archive</kind>
         <file>rts430_eabi.lib</file>
         <name>fixdi.c.obj</name>
      </input_file>
      <input_file id="fl-5e">
         <path>C:\ti\ccsv8\tools\compiler\ti-cgt-msp430_18.1.1.LTS\lib\</path>
         <kind>archive</kind>
         <file>rts430_eabi.lib</file>
         <name>fixdli.c.obj</name>
      </input_file>
      <input_file id="fl-5f">
         <path>C:\ti\ccsv8\tools\compiler\ti-cgt-msp430_18.1.1.LTS\lib\</path>
         <kind>archive</kind>
         <file>rts430_eabi.lib</file>
         <name>fltid.c.obj</name>
      </input_file>
      <input_file id="fl-60">
         <path>C:\ti\ccsv8\tools\compiler\ti-cgt-msp430_18.1.1.LTS\lib\</path>
         <kind>archive</kind>
         <file>rts430_eabi.lib</file>
         <name>fltlid.c.obj</name>
      </input_file>
      <input_file id="fl-61">
         <path>C:\ti\ccsv8\tools\compiler\ti-cgt-msp430_18.1.1.LTS\lib\</path>
         <kind>archive</kind>
         <file>rts430_eabi.lib</file>
         <name>frcaddd.c.obj</name>
      </input_file>
      <input_file id="fl-62">
         <path>C:\ti\ccsv8\tools\compiler\ti-cgt-msp430_18.1.1.LTS\lib\</path>
         <kind>archive</kind>
         <file>rts430_eabi.lib</file>
         <name>mpyd.c.obj</name>
      </input_file>
      <input_file id="fl-63">
         <path>C:\ti\ccsv8\tools\compiler\ti-cgt-msp430_18.1.1.LTS\lib\</path>
         <kind>archive</kind>
         <file>rts430_eabi.lib</file>
         <name>negd.c.obj</name>
      </input_file>
      <input_file id="fl-64">
         <path>C:\ti\ccsv8\tools\compiler\ti-cgt-msp430_18.1.1.LTS\lib\</path>
         <kind>archive</kind>
         <file>rts430_eabi.lib</file>
         <name>renormd.c.obj</name>
      </input_file>
      <input_file id="fl-65">
         <path>C:\ti\ccsv8\tools\compiler\ti-cgt-msp430_18.1.1.LTS\lib\</path>
         <kind>archive</kind>
         <file>rts430_eabi.lib</file>
         <name>subd.c.obj</name>
      </input_file>
      <input_file id="fl-66">
         <path>C:\ti\ccsv8\tools\compiler\ti-cgt-msp430_18.1.1.LTS\lib\</path>
         <kind>archive</kind>
         <file>rts430_eabi.lib</file>
         <name>errno.c.obj</name>
      </input_file>
      <input_file id="fl-67">
         <path>C:\ti\ccsv8\tools\compiler\ti-cgt-msp430_18.1.1.LTS\lib\</path>
         <kind>archive</kind>
         <file>rts430_eabi.lib</file>
         <name>abs.c.obj</name>
      </input_file>
      <input_file id="fl-68">
         <path>C:\ti\ccsv8\tools\compiler\ti-cgt-msp430_18.1.1.LTS\lib\</path>
         <kind>archive</kind>
         <file>rts430_eabi.lib</file>
         <name>lsl64.c.obj</name>
      </input_file>
      <input_file id="fl-69">
         <path>C:\ti\ccsv8\tools\compiler\ti-cgt-msp430_18.1.1.LTS\lib\</path>
         <kind>archive</kind>
         <file>rts430_eabi.lib</file>
         <name>frcmpyd.c.obj</name>
      </input_file>
   </input_file_list>
   <object_component_list>
      <object_component id="oc-142">
         <name>.common:txbuff</name>
         <uninitialized>true</uninitialized>
         <run_address>0x234</run_address>
         <size>0x34</size>
      </object_component>
      <object_component id="oc-147">
         <name>.common:rxbuff</name>
         <uninitialized>true</uninitialized>
         <run_address>0x200</run_address>
         <size>0x34</size>
      </object_component>
      <object_component id="oc-145">
         <name>.common:printbuff</name>
         <uninitialized>true</uninitialized>
         <run_address>0x268</run_address>
         <size>0x1a</size>
      </object_component>
      <object_component id="oc-13c">
         <name>.data</name>
         <load_address>0x292</load_address>
         <run_address>0x292</run_address>
         <size>0x6</size>
         <input_file_ref idref="fl-2"/>
      </object_component>
      <object_component id="oc-13f">
         <name>.data</name>
         <load_address>0x282</load_address>
         <run_address>0x282</run_address>
         <size>0x10</size>
         <input_file_ref idref="fl-3"/>
      </object_component>
      <object_component id="oc-34d">
         <name>.data</name>
         <load_address>0x298</load_address>
         <run_address>0x298</run_address>
         <size>0x2</size>
         <input_file_ref idref="fl-66"/>
      </object_component>
      <object_component id="oc-a4">
         <name>.stack</name>
         <uninitialized>true</uninitialized>
         <run_address>0x5b0</run_address>
         <size>0x2</size>
         <input_file_ref idref="fl-37"/>
      </object_component>
      <object_component id="oc-502">
         <name>.stack</name>
         <uninitialized>true</uninitialized>
         <run_address>0x5b0</run_address>
         <size>0x0</size>
      </object_component>
      <object_component id="oc-27c">
         <name>.text:__TI_frcdivd</name>
         <load_address>0x8000</load_address>
         <run_address>0x8000</run_address>
         <size>0x478</size>
         <input_file_ref idref="fl-42"/>
      </object_component>
      <object_component id="oc-3bb">
         <name>.text:__mspabi_divull</name>
         <load_address>0x8478</load_address>
         <run_address>0x8478</run_address>
         <size>0x360</size>
         <input_file_ref idref="fl-5a"/>
      </object_component>
      <object_component id="oc-474">
         <name>.text:__mspabi_addd</name>
         <load_address>0x87d8</load_address>
         <run_address>0x87d8</run_address>
         <size>0x2fa</size>
         <input_file_ref idref="fl-5b"/>
      </object_component>
      <object_component id="oc-2a4">
         <name>.text:__TI_printfi</name>
         <load_address>0x8ad2</load_address>
         <run_address>0x8ad2</run_address>
         <size>0x288</size>
         <input_file_ref idref="fl-4d"/>
      </object_component>
      <object_component id="oc-449">
         <name>.text:__TI_frcmpyd</name>
         <load_address>0x8d5a</load_address>
         <run_address>0x8d5a</run_address>
         <size>0x286</size>
         <input_file_ref idref="fl-69"/>
      </object_component>
      <object_component id="oc-3eb">
         <name>.text:__mspabi_mpyd</name>
         <load_address>0x8fe0</load_address>
         <run_address>0x8fe0</run_address>
         <size>0x26e</size>
         <input_file_ref idref="fl-62"/>
      </object_component>
      <object_component id="oc-497">
         <name>.text:__TI_frcaddd</name>
         <load_address>0x924e</load_address>
         <run_address>0x924e</run_address>
         <size>0x260</size>
         <input_file_ref idref="fl-61"/>
      </object_component>
      <object_component id="oc-2f8">
         <name>.text:_setfield</name>
         <load_address>0x94ae</load_address>
         <run_address>0x94ae</run_address>
         <size>0x252</size>
         <input_file_ref idref="fl-4d"/>
      </object_component>
      <object_component id="oc-3f8">
         <name>.text:acvt</name>
         <load_address>0x9700</load_address>
         <run_address>0x9700</run_address>
         <size>0x244</size>
         <input_file_ref idref="fl-4d"/>
      </object_component>
      <object_component id="oc-1f9">
         <name>.text:__mspabi_divd</name>
         <load_address>0x9944</load_address>
         <run_address>0x9944</run_address>
         <size>0x238</size>
         <input_file_ref idref="fl-40"/>
      </object_component>
      <object_component id="oc-339">
         <name>.text:_pproc_fgea</name>
         <load_address>0x9b7c</load_address>
         <run_address>0x9b7c</run_address>
         <size>0x224</size>
         <input_file_ref idref="fl-4d"/>
      </object_component>
      <object_component id="oc-36b">
         <name>.text:_getarg_diouxp</name>
         <load_address>0x9da0</load_address>
         <run_address>0x9da0</run_address>
         <size>0x1ec</size>
         <input_file_ref idref="fl-4d"/>
      </object_component>
      <object_component id="oc-3cb">
         <name>.text:ecvt</name>
         <load_address>0x9f8c</load_address>
         <run_address>0x9f8c</run_address>
         <size>0x1de</size>
         <input_file_ref idref="fl-4d"/>
      </object_component>
      <object_component id="oc-3de">
         <name>.text:fcvt</name>
         <load_address>0xa16a</load_address>
         <run_address>0xa16a</run_address>
         <size>0x1c4</size>
         <input_file_ref idref="fl-4d"/>
      </object_component>
      <object_component id="oc-390">
         <name>.text:_pconv_e</name>
         <load_address>0xa32e</load_address>
         <run_address>0xa32e</run_address>
         <size>0x1a6</size>
         <input_file_ref idref="fl-4d"/>
      </object_component>
      <object_component id="oc-396">
         <name>.text:_pconv_a</name>
         <load_address>0xa4d4</load_address>
         <run_address>0xa4d4</run_address>
         <size>0x174</size>
         <input_file_ref idref="fl-4d"/>
      </object_component>
      <object_component id="oc-458">
         <name>.text:scalbn</name>
         <load_address>0xa648</load_address>
         <run_address>0xa648</run_address>
         <size>0x16a</size>
         <input_file_ref idref="fl-58"/>
      </object_component>
      <object_component id="oc-333">
         <name>.text:_pproc_diouxp</name>
         <load_address>0xa7b2</load_address>
         <run_address>0xa7b2</run_address>
         <size>0x14c</size>
         <input_file_ref idref="fl-4d"/>
      </object_component>
      <object_component id="oc-219">
         <name>.text</name>
         <load_address>0xa8fe</load_address>
         <run_address>0xa8fe</run_address>
         <size>0x132</size>
         <input_file_ref idref="fl-24"/>
      </object_component>
      <object_component id="oc-371">
         <name>.text:_ltostr</name>
         <load_address>0xaa30</load_address>
         <run_address>0xaa30</run_address>
         <size>0x12e</size>
         <input_file_ref idref="fl-4d"/>
      </object_component>
      <object_component id="oc-197">
         <name>.text:Init_UART</name>
         <load_address>0xab5e</load_address>
         <run_address>0xab5e</run_address>
         <size>0x120</size>
         <input_file_ref idref="fl-2"/>
      </object_component>
      <object_component id="oc-384">
         <name>.text:_pconv_g</name>
         <load_address>0xac7e</load_address>
         <run_address>0xac7e</run_address>
         <size>0xf8</size>
         <input_file_ref idref="fl-4d"/>
      </object_component>
      <object_component id="oc-2f2">
         <name>.text:_pproc_fwp</name>
         <load_address>0xad76</load_address>
         <run_address>0xad76</run_address>
         <size>0xf8</size>
         <input_file_ref idref="fl-4d"/>
      </object_component>
      <object_component id="oc-39c">
         <name>.text:__mspabi_cmpd</name>
         <load_address>0xae6e</load_address>
         <run_address>0xae6e</run_address>
         <size>0xdc</size>
         <input_file_ref idref="fl-5c"/>
      </object_component>
      <object_component id="oc-15e">
         <name>.text:main</name>
         <load_address>0xaf4a</load_address>
         <run_address>0xaf4a</run_address>
         <size>0xdc</size>
         <input_file_ref idref="fl-3"/>
      </object_component>
      <object_component id="oc-304">
         <name>.text:_pproc_wstr</name>
         <load_address>0xb026</load_address>
         <run_address>0xb026</run_address>
         <size>0xc4</size>
         <input_file_ref idref="fl-4d"/>
      </object_component>
      <object_component id="oc-20a">
         <name>.text</name>
         <load_address>0xb0ea</load_address>
         <run_address>0xb0ea</run_address>
         <size>0xc4</size>
         <input_file_ref idref="fl-27"/>
      </object_component>
      <object_component id="oc-4b0">
         <name>.text:__TI_renormd</name>
         <load_address>0xb1ae</load_address>
         <run_address>0xb1ae</run_address>
         <size>0xbe</size>
         <input_file_ref idref="fl-64"/>
      </object_component>
      <object_component id="oc-3f2">
         <name>.text:frexp</name>
         <load_address>0xb26c</load_address>
         <run_address>0xb26c</run_address>
         <size>0xb0</size>
         <input_file_ref idref="fl-57"/>
      </object_component>
      <object_component id="oc-42c">
         <name>.text:__mspabi_fltlid</name>
         <load_address>0xb31c</load_address>
         <run_address>0xb31c</run_address>
         <size>0xac</size>
         <input_file_ref idref="fl-60"/>
      </object_component>
      <object_component id="oc-2fe">
         <name>.text:_pproc_str</name>
         <load_address>0xb3c8</load_address>
         <run_address>0xb3c8</run_address>
         <size>0xac</size>
         <input_file_ref idref="fl-4d"/>
      </object_component>
      <object_component id="oc-d4">
         <name>.text:USCI0TX_ISR</name>
         <load_address>0xb474</load_address>
         <run_address>0xb474</run_address>
         <size>0x92</size>
         <input_file_ref idref="fl-3"/>
      </object_component>
      <object_component id="oc-3d7">
         <name>.text:_mcpy</name>
         <load_address>0xb506</load_address>
         <run_address>0xb506</run_address>
         <size>0x92</size>
         <input_file_ref idref="fl-4d"/>
      </object_component>
      <object_component id="oc-3d1">
         <name>.text:_ecpy</name>
         <load_address>0xb598</load_address>
         <run_address>0xb598</run_address>
         <size>0x8e</size>
         <input_file_ref idref="fl-4d"/>
      </object_component>
      <object_component id="oc-1ff">
         <name>.text:__mspabi_cvtdf</name>
         <load_address>0xb626</load_address>
         <run_address>0xb626</run_address>
         <size>0x8c</size>
         <input_file_ref idref="fl-43"/>
      </object_component>
      <object_component id="oc-1f3">
         <name>.text:__mspabi_fltuld</name>
         <load_address>0xb6b2</load_address>
         <run_address>0xb6b2</run_address>
         <size>0x8a</size>
         <input_file_ref idref="fl-41"/>
      </object_component>
      <object_component id="oc-426">
         <name>.text:ltoa</name>
         <load_address>0xb73c</load_address>
         <run_address>0xb73c</run_address>
         <size>0x84</size>
         <input_file_ref idref="fl-50"/>
      </object_component>
      <object_component id="oc-2e">
         <name>.text:decompress:lzss:__TI_decompress_lzss</name>
         <load_address>0xb7c0</load_address>
         <run_address>0xb7c0</run_address>
         <size>0x7c</size>
         <input_file_ref idref="fl-3f"/>
      </object_component>
      <object_component id="oc-38a">
         <name>.text:_pconv_f</name>
         <load_address>0xb83c</load_address>
         <run_address>0xb83c</run_address>
         <size>0x7a</size>
         <input_file_ref idref="fl-4d"/>
      </object_component>
      <object_component id="oc-da">
         <name>.text:USCI0RX_ISR</name>
         <load_address>0xb8b6</load_address>
         <run_address>0xb8b6</run_address>
         <size>0x76</size>
         <input_file_ref idref="fl-3"/>
      </object_component>
      <object_component id="oc-420">
         <name>.text:__mspabi_fixdli</name>
         <load_address>0xb92c</load_address>
         <run_address>0xb92c</run_address>
         <size>0x72</size>
         <input_file_ref idref="fl-5e"/>
      </object_component>
      <object_component id="oc-20f">
         <name>.text</name>
         <load_address>0xb99e</load_address>
         <run_address>0xb99e</run_address>
         <size>0x68</size>
         <input_file_ref idref="fl-28"/>
      </object_component>
      <object_component id="oc-275">
         <name>.text:l_lsr_const</name>
         <load_address>0xba06</load_address>
         <run_address>0xba06</run_address>
         <size>0x5c</size>
         <input_file_ref idref="fl-35"/>
      </object_component>
      <object_component id="oc-22a">
         <name>.text</name>
         <load_address>0xba62</load_address>
         <run_address>0xba62</run_address>
         <size>0x58</size>
         <input_file_ref idref="fl-22"/>
      </object_component>
      <object_component id="oc-e0">
         <name>.text:Timer_A</name>
         <load_address>0xbaba</load_address>
         <run_address>0xbaba</run_address>
         <size>0x54</size>
         <input_file_ref idref="fl-3"/>
      </object_component>
      <object_component id="oc-32b">
         <name>.text:atoi</name>
         <load_address>0xbb0e</load_address>
         <run_address>0xbb0e</run_address>
         <size>0x52</size>
         <input_file_ref idref="fl-4e"/>
      </object_component>
      <object_component id="oc-3e4">
         <name>.text:_fcpy</name>
         <load_address>0xbb60</load_address>
         <run_address>0xbb60</run_address>
         <size>0x4e</size>
         <input_file_ref idref="fl-4d"/>
      </object_component>
      <object_component id="oc-ad">
         <name>.text</name>
         <load_address>0xbbae</load_address>
         <run_address>0xbbae</run_address>
         <size>0x4c</size>
         <input_file_ref idref="fl-34"/>
      </object_component>
      <object_component id="oc-205">
         <name>.text</name>
         <load_address>0xbbfa</load_address>
         <run_address>0xbbfa</run_address>
         <size>0x4a</size>
         <input_file_ref idref="fl-25"/>
      </object_component>
      <object_component id="oc-3c1">
         <name>.text:__mspabi_srlll</name>
         <load_address>0xbc44</load_address>
         <run_address>0xbc44</run_address>
         <size>0x46</size>
         <input_file_ref idref="fl-4c"/>
      </object_component>
      <object_component id="oc-410">
         <name>.text:__mspabi_sllll</name>
         <load_address>0xbc8a</load_address>
         <run_address>0xbc8a</run_address>
         <size>0x44</size>
         <input_file_ref idref="fl-68"/>
      </object_component>
      <object_component id="oc-1bb">
         <name>.text:__TI_auto_init_nobinit_nopinit:__TI_auto_init_nobinit_nopinit</name>
         <load_address>0xbcce</load_address>
         <run_address>0xbcce</run_address>
         <size>0x42</size>
         <input_file_ref idref="fl-38"/>
      </object_component>
      <object_component id="oc-1a2">
         <name>.text</name>
         <load_address>0xbd10</load_address>
         <run_address>0xbd10</run_address>
         <size>0x40</size>
         <input_file_ref idref="fl-21"/>
      </object_component>
      <object_component id="oc-2de">
         <name>.text:l_asr_const</name>
         <load_address>0xbd50</load_address>
         <run_address>0xbd50</run_address>
         <size>0x3e</size>
         <input_file_ref idref="fl-49"/>
      </object_component>
      <object_component id="oc-270">
         <name>.text:l_lsl_const</name>
         <load_address>0xbd8e</load_address>
         <run_address>0xbd8e</run_address>
         <size>0x3e</size>
         <input_file_ref idref="fl-33"/>
      </object_component>
      <object_component id="oc-214">
         <name>.text</name>
         <load_address>0xbdcc</load_address>
         <run_address>0xbdcc</run_address>
         <size>0x36</size>
         <input_file_ref idref="fl-26"/>
      </object_component>
      <object_component id="oc-230">
         <name>.text:vsprintf</name>
         <load_address>0xbe02</load_address>
         <run_address>0xbe02</run_address>
         <size>0x34</size>
         <input_file_ref idref="fl-48"/>
      </object_component>
      <object_component id="oc-432">
         <name>.text:__mspabi_subd</name>
         <load_address>0xbe36</load_address>
         <run_address>0xbe36</run_address>
         <size>0x2e</size>
         <input_file_ref idref="fl-65"/>
      </object_component>
      <object_component id="oc-488">
         <name>.text:copysign</name>
         <load_address>0xbe64</load_address>
         <run_address>0xbe64</run_address>
         <size>0x2e</size>
         <input_file_ref idref="fl-59"/>
      </object_component>
      <object_component id="oc-236">
         <name>.text:sendchars</name>
         <load_address>0xbe92</load_address>
         <run_address>0xbe92</run_address>
         <size>0x2e</size>
         <input_file_ref idref="fl-2"/>
      </object_component>
      <object_component id="oc-21e">
         <name>.text</name>
         <load_address>0xbec0</load_address>
         <run_address>0xbec0</run_address>
         <size>0x2c</size>
         <input_file_ref idref="fl-1e"/>
      </object_component>
      <object_component id="oc-223">
         <name>.text</name>
         <load_address>0xbeec</load_address>
         <run_address>0xbeec</run_address>
         <size>0x2c</size>
         <input_file_ref idref="fl-1f"/>
      </object_component>
      <object_component id="oc-a8">
         <name>.text</name>
         <load_address>0xbf18</load_address>
         <run_address>0xbf18</run_address>
         <size>0x2c</size>
         <input_file_ref idref="fl-32"/>
      </object_component>
      <object_component id="oc-37e">
         <name>.text:__mspabi_negd</name>
         <load_address>0xbf44</load_address>
         <run_address>0xbf44</run_address>
         <size>0x2a</size>
         <input_file_ref idref="fl-63"/>
      </object_component>
      <object_component id="oc-438">
         <name>.text:__mspabi_fixdi</name>
         <load_address>0xbf6e</load_address>
         <run_address>0xbf6e</run_address>
         <size>0x28</size>
         <input_file_ref idref="fl-5d"/>
      </object_component>
      <object_component id="oc-19d">
         <name>.text</name>
         <load_address>0xbf96</load_address>
         <run_address>0xbf96</run_address>
         <size>0x26</size>
         <input_file_ref idref="fl-36"/>
      </object_component>
      <object_component id="oc-149">
         <name>.text:rampfunc</name>
         <load_address>0xbfbc</load_address>
         <run_address>0xbfbc</run_address>
         <size>0x24</size>
         <input_file_ref idref="fl-3"/>
      </object_component>
      <object_component id="oc-f8">
         <name>.text:_c_int00_noargs</name>
         <load_address>0xbfe0</load_address>
         <run_address>0xbfe0</run_address>
         <size>0x1c</size>
         <input_file_ref idref="fl-37"/>
      </object_component>
      <object_component id="oc-1a8">
         <name>.text:UART_printf</name>
         <load_address>0xbffc</load_address>
         <run_address>0xbffc</run_address>
         <size>0x1a</size>
         <input_file_ref idref="fl-2"/>
      </object_component>
      <object_component id="oc-298">
         <name>.text:_outs</name>
         <load_address>0xc016</load_address>
         <run_address>0xc016</run_address>
         <size>0x1a</size>
         <input_file_ref idref="fl-48"/>
      </object_component>
      <object_component id="oc-33f">
         <name>.text:memccpy</name>
         <load_address>0xc030</load_address>
         <run_address>0xc030</run_address>
         <size>0x1a</size>
         <input_file_ref idref="fl-51"/>
      </object_component>
      <object_component id="oc-45e">
         <name>.text:strchr</name>
         <load_address>0xc04a</load_address>
         <run_address>0xc04a</run_address>
         <size>0x1a</size>
         <input_file_ref idref="fl-53"/>
      </object_component>
      <object_component id="oc-291">
         <name>.text</name>
         <load_address>0xc064</load_address>
         <run_address>0xc064</run_address>
         <size>0x16</size>
         <input_file_ref idref="fl-20"/>
      </object_component>
      <object_component id="oc-e6">
         <name>.text:decompress:ZI:__TI_zero_init_nomemset:__TI_zero_init_nomemset</name>
         <load_address>0xc07a</load_address>
         <run_address>0xc07a</run_address>
         <size>0x14</size>
         <input_file_ref idref="fl-39"/>
      </object_component>
      <object_component id="oc-325">
         <name>.text:memset</name>
         <load_address>0xc08e</load_address>
         <run_address>0xc08e</run_address>
         <size>0x14</size>
         <input_file_ref idref="fl-52"/>
      </object_component>
      <object_component id="oc-2ce">
         <name>.text</name>
         <load_address>0xc0a2</load_address>
         <run_address>0xc0a2</run_address>
         <size>0x14</size>
         <input_file_ref idref="fl-4a"/>
      </object_component>
      <object_component id="oc-347">
         <name>.text:wcslen</name>
         <load_address>0xc0b6</load_address>
         <run_address>0xc0b6</run_address>
         <size>0x14</size>
         <input_file_ref idref="fl-56"/>
      </object_component>
      <object_component id="oc-29e">
         <name>.text:_outc</name>
         <load_address>0xc0ca</load_address>
         <run_address>0xc0ca</run_address>
         <size>0x12</size>
         <input_file_ref idref="fl-48"/>
      </object_component>
      <object_component id="oc-34">
         <name>.text:decompress:none:__TI_decompress_none</name>
         <load_address>0xc0dc</load_address>
         <run_address>0xc0dc</run_address>
         <size>0x12</size>
         <input_file_ref idref="fl-3e"/>
      </object_component>
      <object_component id="oc-416">
         <name>.text:l_lsr</name>
         <load_address>0xc0ee</load_address>
         <run_address>0xc0ee</run_address>
         <size>0x12</size>
         <input_file_ref idref="fl-35"/>
      </object_component>
      <object_component id="oc-c2">
         <name>.text:memcpy</name>
         <load_address>0xc100</load_address>
         <run_address>0xc100</run_address>
         <size>0x12</size>
         <input_file_ref idref="fl-47"/>
      </object_component>
      <object_component id="oc-4ab">
         <name>.text:l_asr</name>
         <load_address>0xc112</load_address>
         <run_address>0xc112</run_address>
         <size>0x10</size>
         <input_file_ref idref="fl-49"/>
      </object_component>
      <object_component id="oc-4a6">
         <name>.text:l_lsl</name>
         <load_address>0xc122</load_address>
         <run_address>0xc122</run_address>
         <size>0x10</size>
         <input_file_ref idref="fl-33"/>
      </object_component>
      <object_component id="oc-b2">
         <name>.text</name>
         <load_address>0xc132</load_address>
         <run_address>0xc132</run_address>
         <size>0x10</size>
         <input_file_ref idref="fl-23"/>
      </object_component>
      <object_component id="oc-2ec">
         <name>.text:strlen</name>
         <load_address>0xc142</load_address>
         <run_address>0xc142</run_address>
         <size>0xe</size>
         <input_file_ref idref="fl-54"/>
      </object_component>
      <object_component id="oc-464">
         <name>.text:__mspabi_fltid</name>
         <load_address>0xc150</load_address>
         <run_address>0xc150</run_address>
         <size>0xc</size>
         <input_file_ref idref="fl-5f"/>
      </object_component>
      <object_component id="oc-378">
         <name>.text:toupper</name>
         <load_address>0xc15c</load_address>
         <run_address>0xc15c</run_address>
         <size>0xc</size>
         <input_file_ref idref="fl-55"/>
      </object_component>
      <object_component id="oc-43f">
         <name>.text:abs</name>
         <load_address>0xc168</load_address>
         <run_address>0xc168</run_address>
         <size>0xa</size>
         <input_file_ref idref="fl-67"/>
      </object_component>
      <object_component id="oc-cf">
         <name>.text:_isr:__TI_ISR_TRAP</name>
         <load_address>0xc172</load_address>
         <run_address>0xc172</run_address>
         <size>0x8</size>
         <input_file_ref idref="fl-31"/>
      </object_component>
      <object_component id="oc-1af">
         <name>.text:abort</name>
         <load_address>0xc17a</load_address>
         <run_address>0xc17a</run_address>
         <size>0x6</size>
         <input_file_ref idref="fl-44"/>
      </object_component>
      <object_component id="oc-158">
         <name>.text:_system_pre_init</name>
         <load_address>0xc180</load_address>
         <run_address>0xc180</run_address>
         <size>0x4</size>
         <input_file_ref idref="fl-3c"/>
      </object_component>
      <object_component id="oc-24f">
         <name>.text:_system_post_cinit</name>
         <load_address>0xc184</load_address>
         <run_address>0xc184</run_address>
         <size>0x2</size>
         <input_file_ref idref="fl-3d"/>
      </object_component>
      <object_component id="oc-501">
         <name>.cinit..data.load</name>
         <load_address>0xc2ba</load_address>
         <run_address>0xc2ba</run_address>
         <size>0xc</size>
      </object_component>
      <object_component id="oc-4fe">
         <name>__TI_handler_table</name>
         <load_address>0xc2c6</load_address>
         <run_address>0xc2c6</run_address>
         <size>0x6</size>
      </object_component>
      <object_component id="oc-500">
         <name>.cinit..bss.load</name>
         <load_address>0xc2cc</load_address>
         <run_address>0xc2cc</run_address>
         <size>0x4</size>
      </object_component>
      <object_component id="oc-4ff">
         <name>__TI_cinit_table</name>
         <load_address>0xc2d0</load_address>
         <run_address>0xc2d0</run_address>
         <size>0x8</size>
      </object_component>
      <object_component id="oc-366">
         <name>.const:.string:_ctypes_</name>
         <load_address>0xc186</load_address>
         <run_address>0xc186</run_address>
         <size>0x101</size>
         <input_file_ref idref="fl-4f"/>
      </object_component>
      <object_component id="oc-332">
         <name>.const:.string</name>
         <load_address>0xc288</load_address>
         <run_address>0xc288</run_address>
         <size>0x26</size>
         <input_file_ref idref="fl-4d"/>
      </object_component>
      <object_component id="oc-1a7">
         <name>.const:.string</name>
         <load_address>0xc2ae</load_address>
         <run_address>0xc2ae</run_address>
         <size>0xc</size>
         <input_file_ref idref="fl-3"/>
      </object_component>
      <object_component id="oc-3a">
         <name>.int02</name>
         <load_address>0xffe4</load_address>
         <run_address>0xffe4</run_address>
         <size>0x2</size>
         <input_file_ref idref="fl-29"/>
      </object_component>
      <object_component id="oc-3b">
         <name>.int03</name>
         <load_address>0xffe6</load_address>
         <run_address>0xffe6</run_address>
         <size>0x2</size>
         <input_file_ref idref="fl-2a"/>
      </object_component>
      <object_component id="oc-3c">
         <name>.int05</name>
         <load_address>0xffea</load_address>
         <run_address>0xffea</run_address>
         <size>0x2</size>
         <input_file_ref idref="fl-2b"/>
      </object_component>
      <object_component id="oc-3d">
         <name>.int06</name>
         <load_address>0xffec</load_address>
         <run_address>0xffec</run_address>
         <size>0x2</size>
         <input_file_ref idref="fl-3"/>
      </object_component>
      <object_component id="oc-3e">
         <name>.int07</name>
         <load_address>0xffee</load_address>
         <run_address>0xffee</run_address>
         <size>0x2</size>
         <input_file_ref idref="fl-3"/>
      </object_component>
      <object_component id="oc-3f">
         <name>.int08</name>
         <load_address>0xfff0</load_address>
         <run_address>0xfff0</run_address>
         <size>0x2</size>
         <input_file_ref idref="fl-2c"/>
      </object_component>
      <object_component id="oc-40">
         <name>.int09</name>
         <load_address>0xfff2</load_address>
         <run_address>0xfff2</run_address>
         <size>0x2</size>
         <input_file_ref idref="fl-3"/>
      </object_component>
      <object_component id="oc-41">
         <name>.int10</name>
         <load_address>0xfff4</load_address>
         <run_address>0xfff4</run_address>
         <size>0x2</size>
         <input_file_ref idref="fl-2d"/>
      </object_component>
      <object_component id="oc-42">
         <name>.int12</name>
         <load_address>0xfff8</load_address>
         <run_address>0xfff8</run_address>
         <size>0x2</size>
         <input_file_ref idref="fl-2e"/>
      </object_component>
      <object_component id="oc-43">
         <name>.int13</name>
         <load_address>0xfffa</load_address>
         <run_address>0xfffa</run_address>
         <size>0x2</size>
         <input_file_ref idref="fl-2f"/>
      </object_component>
      <object_component id="oc-44">
         <name>.int14</name>
         <load_address>0xfffc</load_address>
         <run_address>0xfffc</run_address>
         <size>0x2</size>
         <input_file_ref idref="fl-30"/>
      </object_component>
      <object_component id="oc-a7">
         <name>.reset</name>
         <load_address>0xfffe</load_address>
         <run_address>0xfffe</run_address>
         <size>0x2</size>
         <input_file_ref idref="fl-37"/>
      </object_component>
      <object_component id="oc-143">
         <name>.debug_info</name>
         <load_address>0x0</load_address>
         <run_address>0x0</run_address>
         <size>0x2c2</size>
         <input_file_ref idref="fl-2"/>
      </object_component>
      <object_component id="oc-13d">
         <name>.debug_info</name>
         <load_address>0x2c2</load_address>
         <run_address>0x2c2</run_address>
         <size>0x182</size>
         <input_file_ref idref="fl-2"/>
      </object_component>
      <object_component id="oc-237">
         <name>.debug_info</name>
         <load_address>0x444</load_address>
         <run_address>0x444</run_address>
         <size>0x125</size>
         <input_file_ref idref="fl-2"/>
      </object_component>
      <object_component id="oc-1a9">
         <name>.debug_info</name>
         <load_address>0x569</load_address>
         <run_address>0x569</run_address>
         <size>0x14a</size>
         <input_file_ref idref="fl-2"/>
      </object_component>
      <object_component id="oc-198">
         <name>.debug_info</name>
         <load_address>0x6b3</load_address>
         <run_address>0x6b3</run_address>
         <size>0x31f</size>
         <input_file_ref idref="fl-2"/>
      </object_component>
      <object_component id="oc-189">
         <name>.debug_info</name>
         <load_address>0x9d2</load_address>
         <run_address>0x9d2</run_address>
         <size>0x26b</size>
         <input_file_ref idref="fl-2"/>
      </object_component>
      <object_component id="oc-bd">
         <name>.debug_info</name>
         <load_address>0xc3d</load_address>
         <run_address>0xc3d</run_address>
         <size>0x84</size>
         <input_file_ref idref="fl-2"/>
      </object_component>
      <object_component id="oc-1ee">
         <name>.debug_info</name>
         <load_address>0xcc1</load_address>
         <run_address>0xcc1</run_address>
         <size>0x275</size>
         <input_file_ref idref="fl-2"/>
      </object_component>
      <object_component id="oc-18e">
         <name>.debug_info</name>
         <load_address>0xf36</load_address>
         <run_address>0xf36</run_address>
         <size>0x2c</size>
         <input_file_ref idref="fl-2"/>
      </object_component>
      <object_component id="oc-140">
         <name>.debug_info</name>
         <load_address>0xf62</load_address>
         <run_address>0xf62</run_address>
         <size>0x201</size>
         <input_file_ref idref="fl-3"/>
      </object_component>
      <object_component id="oc-14a">
         <name>.debug_info</name>
         <load_address>0x1163</load_address>
         <run_address>0x1163</run_address>
         <size>0xfd</size>
         <input_file_ref idref="fl-3"/>
      </object_component>
      <object_component id="oc-15f">
         <name>.debug_info</name>
         <load_address>0x1260</load_address>
         <run_address>0x1260</run_address>
         <size>0x13a</size>
         <input_file_ref idref="fl-3"/>
      </object_component>
      <object_component id="oc-d5">
         <name>.debug_info</name>
         <load_address>0x139a</load_address>
         <run_address>0x139a</run_address>
         <size>0x104</size>
         <input_file_ref idref="fl-3"/>
      </object_component>
      <object_component id="oc-db">
         <name>.debug_info</name>
         <load_address>0x149e</load_address>
         <run_address>0x149e</run_address>
         <size>0x104</size>
         <input_file_ref idref="fl-3"/>
      </object_component>
      <object_component id="oc-e1">
         <name>.debug_info</name>
         <load_address>0x15a2</load_address>
         <run_address>0x15a2</run_address>
         <size>0x10b</size>
         <input_file_ref idref="fl-3"/>
      </object_component>
      <object_component id="oc-21f">
         <name>.debug_info</name>
         <load_address>0x16ad</load_address>
         <run_address>0x16ad</run_address>
         <size>0x118</size>
         <input_file_ref idref="fl-1e"/>
      </object_component>
      <object_component id="oc-224">
         <name>.debug_info</name>
         <load_address>0x17c5</load_address>
         <run_address>0x17c5</run_address>
         <size>0x12d</size>
         <input_file_ref idref="fl-1f"/>
      </object_component>
      <object_component id="oc-292">
         <name>.debug_info</name>
         <load_address>0x18f2</load_address>
         <run_address>0x18f2</run_address>
         <size>0x119</size>
         <input_file_ref idref="fl-20"/>
      </object_component>
      <object_component id="oc-1a3">
         <name>.debug_info</name>
         <load_address>0x1a0b</load_address>
         <run_address>0x1a0b</run_address>
         <size>0x130</size>
         <input_file_ref idref="fl-21"/>
      </object_component>
      <object_component id="oc-22b">
         <name>.debug_info</name>
         <load_address>0x1b3b</load_address>
         <run_address>0x1b3b</run_address>
         <size>0x11b</size>
         <input_file_ref idref="fl-22"/>
      </object_component>
      <object_component id="oc-b3">
         <name>.debug_info</name>
         <load_address>0x1c56</load_address>
         <run_address>0x1c56</run_address>
         <size>0x126</size>
         <input_file_ref idref="fl-23"/>
      </object_component>
      <object_component id="oc-21a">
         <name>.debug_info</name>
         <load_address>0x1d7c</load_address>
         <run_address>0x1d7c</run_address>
         <size>0x119</size>
         <input_file_ref idref="fl-24"/>
      </object_component>
      <object_component id="oc-206">
         <name>.debug_info</name>
         <load_address>0x1e95</load_address>
         <run_address>0x1e95</run_address>
         <size>0x125</size>
         <input_file_ref idref="fl-25"/>
      </object_component>
      <object_component id="oc-215">
         <name>.debug_info</name>
         <load_address>0x1fba</load_address>
         <run_address>0x1fba</run_address>
         <size>0x122</size>
         <input_file_ref idref="fl-26"/>
      </object_component>
      <object_component id="oc-20b">
         <name>.debug_info</name>
         <load_address>0x20dc</load_address>
         <run_address>0x20dc</run_address>
         <size>0x119</size>
         <input_file_ref idref="fl-27"/>
      </object_component>
      <object_component id="oc-210">
         <name>.debug_info</name>
         <load_address>0x21f5</load_address>
         <run_address>0x21f5</run_address>
         <size>0x12d</size>
         <input_file_ref idref="fl-28"/>
      </object_component>
      <object_component id="oc-d0">
         <name>.debug_info</name>
         <load_address>0x2322</load_address>
         <run_address>0x2322</run_address>
         <size>0x107</size>
         <input_file_ref idref="fl-31"/>
      </object_component>
      <object_component id="oc-a9">
         <name>.debug_info</name>
         <load_address>0x2429</load_address>
         <run_address>0x2429</run_address>
         <size>0x118</size>
         <input_file_ref idref="fl-32"/>
      </object_component>
      <object_component id="oc-4a7">
         <name>.debug_info</name>
         <load_address>0x2541</load_address>
         <run_address>0x2541</run_address>
         <size>0x118</size>
         <input_file_ref idref="fl-33"/>
      </object_component>
      <object_component id="oc-271">
         <name>.debug_info</name>
         <load_address>0x2659</load_address>
         <run_address>0x2659</run_address>
         <size>0x11e</size>
         <input_file_ref idref="fl-33"/>
      </object_component>
      <object_component id="oc-ae">
         <name>.debug_info</name>
         <load_address>0x2777</load_address>
         <run_address>0x2777</run_address>
         <size>0x118</size>
         <input_file_ref idref="fl-34"/>
      </object_component>
      <object_component id="oc-417">
         <name>.debug_info</name>
         <load_address>0x288f</load_address>
         <run_address>0x288f</run_address>
         <size>0x118</size>
         <input_file_ref idref="fl-35"/>
      </object_component>
      <object_component id="oc-276">
         <name>.debug_info</name>
         <load_address>0x29a7</load_address>
         <run_address>0x29a7</run_address>
         <size>0x11e</size>
         <input_file_ref idref="fl-35"/>
      </object_component>
      <object_component id="oc-19e">
         <name>.debug_info</name>
         <load_address>0x2ac5</load_address>
         <run_address>0x2ac5</run_address>
         <size>0x119</size>
         <input_file_ref idref="fl-36"/>
      </object_component>
      <object_component id="oc-a5">
         <name>.debug_info</name>
         <load_address>0x2bde</load_address>
         <run_address>0x2bde</run_address>
         <size>0xf5</size>
         <input_file_ref idref="fl-37"/>
      </object_component>
      <object_component id="oc-f9">
         <name>.debug_info</name>
         <load_address>0x2cd3</load_address>
         <run_address>0x2cd3</run_address>
         <size>0x16f</size>
         <input_file_ref idref="fl-37"/>
      </object_component>
      <object_component id="oc-256">
         <name>.debug_info</name>
         <load_address>0x2e42</load_address>
         <run_address>0x2e42</run_address>
         <size>0x472</size>
         <input_file_ref idref="fl-38"/>
      </object_component>
      <object_component id="oc-1bc">
         <name>.debug_info</name>
         <load_address>0x32b4</load_address>
         <run_address>0x32b4</run_address>
         <size>0x1d5</size>
         <input_file_ref idref="fl-38"/>
      </object_component>
      <object_component id="oc-2c4">
         <name>.debug_info</name>
         <load_address>0x3489</load_address>
         <run_address>0x3489</run_address>
         <size>0x39</size>
         <input_file_ref idref="fl-38"/>
      </object_component>
      <object_component id="oc-2d5">
         <name>.debug_info</name>
         <load_address>0x34c2</load_address>
         <run_address>0x34c2</run_address>
         <size>0x2c</size>
         <input_file_ref idref="fl-38"/>
      </object_component>
      <object_component id="oc-261">
         <name>.debug_info</name>
         <load_address>0x34ee</load_address>
         <run_address>0x34ee</run_address>
         <size>0x2c</size>
         <input_file_ref idref="fl-38"/>
      </object_component>
      <object_component id="oc-2c9">
         <name>.debug_info</name>
         <load_address>0x351a</load_address>
         <run_address>0x351a</run_address>
         <size>0xcd</size>
         <input_file_ref idref="fl-38"/>
      </object_component>
      <object_component id="oc-156">
         <name>.debug_info</name>
         <load_address>0x35e7</load_address>
         <run_address>0x35e7</run_address>
         <size>0x1b4</size>
         <input_file_ref idref="fl-39"/>
      </object_component>
      <object_component id="oc-e7">
         <name>.debug_info</name>
         <load_address>0x379b</load_address>
         <run_address>0x379b</run_address>
         <size>0x1c7</size>
         <input_file_ref idref="fl-39"/>
      </object_component>
      <object_component id="oc-151">
         <name>.debug_info</name>
         <load_address>0x3962</load_address>
         <run_address>0x3962</run_address>
         <size>0x46</size>
         <input_file_ref idref="fl-39"/>
      </object_component>
      <object_component id="oc-12f">
         <name>.debug_info</name>
         <load_address>0x39a8</load_address>
         <run_address>0x39a8</run_address>
         <size>0x2c</size>
         <input_file_ref idref="fl-39"/>
      </object_component>
      <object_component id="oc-159">
         <name>.debug_info</name>
         <load_address>0x39d4</load_address>
         <run_address>0x39d4</run_address>
         <size>0x148</size>
         <input_file_ref idref="fl-3c"/>
      </object_component>
      <object_component id="oc-250">
         <name>.debug_info</name>
         <load_address>0x3b1c</load_address>
         <run_address>0x3b1c</run_address>
         <size>0x145</size>
         <input_file_ref idref="fl-3d"/>
      </object_component>
      <object_component id="oc-ce">
         <name>.debug_info</name>
         <load_address>0x3c61</load_address>
         <run_address>0x3c61</run_address>
         <size>0x175</size>
         <input_file_ref idref="fl-3e"/>
      </object_component>
      <object_component id="oc-35">
         <name>.debug_info</name>
         <load_address>0x3dd6</load_address>
         <run_address>0x3dd6</run_address>
         <size>0x1df</size>
         <input_file_ref idref="fl-3e"/>
      </object_component>
      <object_component id="oc-c9">
         <name>.debug_info</name>
         <load_address>0x3fb5</load_address>
         <run_address>0x3fb5</run_address>
         <size>0x46</size>
         <input_file_ref idref="fl-3e"/>
      </object_component>
      <object_component id="oc-134">
         <name>.debug_info</name>
         <load_address>0x3ffb</load_address>
         <run_address>0x3ffb</run_address>
         <size>0x2c</size>
         <input_file_ref idref="fl-3e"/>
      </object_component>
      <object_component id="oc-12c">
         <name>.debug_info</name>
         <load_address>0x4027</load_address>
         <run_address>0x4027</run_address>
         <size>0x16b</size>
         <input_file_ref idref="fl-3f"/>
      </object_component>
      <object_component id="oc-2f">
         <name>.debug_info</name>
         <load_address>0x4192</load_address>
         <run_address>0x4192</run_address>
         <size>0x287</size>
         <input_file_ref idref="fl-3f"/>
      </object_component>
      <object_component id="oc-b8">
         <name>.debug_info</name>
         <load_address>0x4419</load_address>
         <run_address>0x4419</run_address>
         <size>0x60</size>
         <input_file_ref idref="fl-3f"/>
      </object_component>
      <object_component id="oc-17a">
         <name>.debug_info</name>
         <load_address>0x4479</load_address>
         <run_address>0x4479</run_address>
         <size>0x46</size>
         <input_file_ref idref="fl-3f"/>
      </object_component>
      <object_component id="oc-127">
         <name>.debug_info</name>
         <load_address>0x44bf</load_address>
         <run_address>0x44bf</run_address>
         <size>0x39</size>
         <input_file_ref idref="fl-3f"/>
      </object_component>
      <object_component id="oc-288">
         <name>.debug_info</name>
         <load_address>0x44f8</load_address>
         <run_address>0x44f8</run_address>
         <size>0x197</size>
         <input_file_ref idref="fl-40"/>
      </object_component>
      <object_component id="oc-1fa">
         <name>.debug_info</name>
         <load_address>0x468f</load_address>
         <run_address>0x468f</run_address>
         <size>0x27f</size>
         <input_file_ref idref="fl-40"/>
      </object_component>
      <object_component id="oc-283">
         <name>.debug_info</name>
         <load_address>0x490e</load_address>
         <run_address>0x490e</run_address>
         <size>0x94</size>
         <input_file_ref idref="fl-40"/>
      </object_component>
      <object_component id="oc-27b">
         <name>.debug_info</name>
         <load_address>0x49a2</load_address>
         <run_address>0x49a2</run_address>
         <size>0x160</size>
         <input_file_ref idref="fl-41"/>
      </object_component>
      <object_component id="oc-1f4">
         <name>.debug_info</name>
         <load_address>0x4b02</load_address>
         <run_address>0x4b02</run_address>
         <size>0x1d8</size>
         <input_file_ref idref="fl-41"/>
      </object_component>
      <object_component id="oc-2e4">
         <name>.debug_info</name>
         <load_address>0x4cda</load_address>
         <run_address>0x4cda</run_address>
         <size>0x167</size>
         <input_file_ref idref="fl-42"/>
      </object_component>
      <object_component id="oc-280">
         <name>.debug_info</name>
         <load_address>0x4e41</load_address>
         <run_address>0x4e41</run_address>
         <size>0x5c4</size>
         <input_file_ref idref="fl-42"/>
      </object_component>
      <object_component id="oc-28a">
         <name>.debug_info</name>
         <load_address>0x5405</load_address>
         <run_address>0x5405</run_address>
         <size>0x15a</size>
         <input_file_ref idref="fl-43"/>
      </object_component>
      <object_component id="oc-203">
         <name>.debug_info</name>
         <load_address>0x555f</load_address>
         <run_address>0x555f</run_address>
         <size>0x1cd</size>
         <input_file_ref idref="fl-43"/>
      </object_component>
      <object_component id="oc-1b1">
         <name>.debug_info</name>
         <load_address>0x572c</load_address>
         <run_address>0x572c</run_address>
         <size>0x117</size>
         <input_file_ref idref="fl-44"/>
      </object_component>
      <object_component id="oc-12e">
         <name>.debug_info</name>
         <load_address>0x5843</load_address>
         <run_address>0x5843</run_address>
         <size>0x176</size>
         <input_file_ref idref="fl-47"/>
      </object_component>
      <object_component id="oc-c4">
         <name>.debug_info</name>
         <load_address>0x59b9</load_address>
         <run_address>0x59b9</run_address>
         <size>0x16f</size>
         <input_file_ref idref="fl-47"/>
      </object_component>
      <object_component id="oc-2ab">
         <name>.debug_info</name>
         <load_address>0x5b28</load_address>
         <run_address>0x5b28</run_address>
         <size>0x20b</size>
         <input_file_ref idref="fl-48"/>
      </object_component>
      <object_component id="oc-234">
         <name>.debug_info</name>
         <load_address>0x5d33</load_address>
         <run_address>0x5d33</run_address>
         <size>0x1ef</size>
         <input_file_ref idref="fl-48"/>
      </object_component>
      <object_component id="oc-29c">
         <name>.debug_info</name>
         <load_address>0x5f22</load_address>
         <run_address>0x5f22</run_address>
         <size>0x190</size>
         <input_file_ref idref="fl-48"/>
      </object_component>
      <object_component id="oc-2a2">
         <name>.debug_info</name>
         <load_address>0x60b2</load_address>
         <run_address>0x60b2</run_address>
         <size>0x165</size>
         <input_file_ref idref="fl-48"/>
      </object_component>
      <object_component id="oc-353">
         <name>.debug_info</name>
         <load_address>0x6217</load_address>
         <run_address>0x6217</run_address>
         <size>0x2c</size>
         <input_file_ref idref="fl-48"/>
      </object_component>
      <object_component id="oc-4ac">
         <name>.debug_info</name>
         <load_address>0x6243</load_address>
         <run_address>0x6243</run_address>
         <size>0x118</size>
         <input_file_ref idref="fl-49"/>
      </object_component>
      <object_component id="oc-2df">
         <name>.debug_info</name>
         <load_address>0x635b</load_address>
         <run_address>0x635b</run_address>
         <size>0x11e</size>
         <input_file_ref idref="fl-49"/>
      </object_component>
      <object_component id="oc-2cf">
         <name>.debug_info</name>
         <load_address>0x6479</load_address>
         <run_address>0x6479</run_address>
         <size>0x119</size>
         <input_file_ref idref="fl-4a"/>
      </object_component>
      <object_component id="oc-3c2">
         <name>.debug_info</name>
         <load_address>0x6592</load_address>
         <run_address>0x6592</run_address>
         <size>0x188</size>
         <input_file_ref idref="fl-4c"/>
      </object_component>
      <object_component id="oc-30b">
         <name>.debug_info</name>
         <load_address>0x671a</load_address>
         <run_address>0x671a</run_address>
         <size>0x538</size>
         <input_file_ref idref="fl-4d"/>
      </object_component>
      <object_component id="oc-2f3">
         <name>.debug_info</name>
         <load_address>0x6c52</load_address>
         <run_address>0x6c52</run_address>
         <size>0x23d</size>
         <input_file_ref idref="fl-4d"/>
      </object_component>
      <object_component id="oc-36c">
         <name>.debug_info</name>
         <load_address>0x6e8f</load_address>
         <run_address>0x6e8f</run_address>
         <size>0x1a8</size>
         <input_file_ref idref="fl-4d"/>
      </object_component>
      <object_component id="oc-372">
         <name>.debug_info</name>
         <load_address>0x7037</load_address>
         <run_address>0x7037</run_address>
         <size>0x27c</size>
         <input_file_ref idref="fl-4d"/>
      </object_component>
      <object_component id="oc-334">
         <name>.debug_info</name>
         <load_address>0x72b3</load_address>
         <run_address>0x72b3</run_address>
         <size>0x240</size>
         <input_file_ref idref="fl-4d"/>
      </object_component>
      <object_component id="oc-3cc">
         <name>.debug_info</name>
         <load_address>0x74f3</load_address>
         <run_address>0x74f3</run_address>
         <size>0x3c0</size>
         <input_file_ref idref="fl-4d"/>
      </object_component>
      <object_component id="oc-3d2">
         <name>.debug_info</name>
         <load_address>0x78b3</load_address>
         <run_address>0x78b3</run_address>
         <size>0x1b2</size>
         <input_file_ref idref="fl-4d"/>
      </object_component>
      <object_component id="oc-3d8">
         <name>.debug_info</name>
         <load_address>0x7a65</load_address>
         <run_address>0x7a65</run_address>
         <size>0x210</size>
         <input_file_ref idref="fl-4d"/>
      </object_component>
      <object_component id="oc-385">
         <name>.debug_info</name>
         <load_address>0x7c75</load_address>
         <run_address>0x7c75</run_address>
         <size>0x262</size>
         <input_file_ref idref="fl-4d"/>
      </object_component>
      <object_component id="oc-3df">
         <name>.debug_info</name>
         <load_address>0x7ed7</load_address>
         <run_address>0x7ed7</run_address>
         <size>0x3d7</size>
         <input_file_ref idref="fl-4d"/>
      </object_component>
      <object_component id="oc-3e5">
         <name>.debug_info</name>
         <load_address>0x82ae</load_address>
         <run_address>0x82ae</run_address>
         <size>0x1fb</size>
         <input_file_ref idref="fl-4d"/>
      </object_component>
      <object_component id="oc-38b">
         <name>.debug_info</name>
         <load_address>0x84a9</load_address>
         <run_address>0x84a9</run_address>
         <size>0x227</size>
         <input_file_ref idref="fl-4d"/>
      </object_component>
      <object_component id="oc-391">
         <name>.debug_info</name>
         <load_address>0x86d0</load_address>
         <run_address>0x86d0</run_address>
         <size>0x36b</size>
         <input_file_ref idref="fl-4d"/>
      </object_component>
      <object_component id="oc-3f9">
         <name>.debug_info</name>
         <load_address>0x8a3b</load_address>
         <run_address>0x8a3b</run_address>
         <size>0x44e</size>
         <input_file_ref idref="fl-4d"/>
      </object_component>
      <object_component id="oc-397">
         <name>.debug_info</name>
         <load_address>0x8e89</load_address>
         <run_address>0x8e89</run_address>
         <size>0x275</size>
         <input_file_ref idref="fl-4d"/>
      </object_component>
      <object_component id="oc-33a">
         <name>.debug_info</name>
         <load_address>0x90fe</load_address>
         <run_address>0x90fe</run_address>
         <size>0x362</size>
         <input_file_ref idref="fl-4d"/>
      </object_component>
      <object_component id="oc-2f9">
         <name>.debug_info</name>
         <load_address>0x9460</load_address>
         <run_address>0x9460</run_address>
         <size>0x2fa</size>
         <input_file_ref idref="fl-4d"/>
      </object_component>
      <object_component id="oc-2ff">
         <name>.debug_info</name>
         <load_address>0x975a</load_address>
         <run_address>0x975a</run_address>
         <size>0x262</size>
         <input_file_ref idref="fl-4d"/>
      </object_component>
      <object_component id="oc-305">
         <name>.debug_info</name>
         <load_address>0x99bc</load_address>
         <run_address>0x99bc</run_address>
         <size>0x25f</size>
         <input_file_ref idref="fl-4d"/>
      </object_component>
      <object_component id="oc-2a5">
         <name>.debug_info</name>
         <load_address>0x9c1b</load_address>
         <run_address>0x9c1b</run_address>
         <size>0x32f</size>
         <input_file_ref idref="fl-4d"/>
      </object_component>
      <object_component id="oc-30c">
         <name>.debug_info</name>
         <load_address>0x9f4a</load_address>
         <run_address>0x9f4a</run_address>
         <size>0x86</size>
         <input_file_ref idref="fl-4d"/>
      </object_component>
      <object_component id="oc-358">
         <name>.debug_info</name>
         <load_address>0x9fd0</load_address>
         <run_address>0x9fd0</run_address>
         <size>0x39</size>
         <input_file_ref idref="fl-4d"/>
      </object_component>
      <object_component id="oc-409">
         <name>.debug_info</name>
         <load_address>0xa009</load_address>
         <run_address>0xa009</run_address>
         <size>0x94</size>
         <input_file_ref idref="fl-4d"/>
      </object_component>
      <object_component id="oc-3ae">
         <name>.debug_info</name>
         <load_address>0xa09d</load_address>
         <run_address>0xa09d</run_address>
         <size>0x46</size>
         <input_file_ref idref="fl-4d"/>
      </object_component>
      <object_component id="oc-35d">
         <name>.debug_info</name>
         <load_address>0xa0e3</load_address>
         <run_address>0xa0e3</run_address>
         <size>0x46</size>
         <input_file_ref idref="fl-4d"/>
      </object_component>
      <object_component id="oc-36a">
         <name>.debug_info</name>
         <load_address>0xa129</load_address>
         <run_address>0xa129</run_address>
         <size>0x186</size>
         <input_file_ref idref="fl-4e"/>
      </object_component>
      <object_component id="oc-32d">
         <name>.debug_info</name>
         <load_address>0xa2af</load_address>
         <run_address>0xa2af</run_address>
         <size>0x185</size>
         <input_file_ref idref="fl-4e"/>
      </object_component>
      <object_component id="oc-3b7">
         <name>.debug_info</name>
         <load_address>0xa434</load_address>
         <run_address>0xa434</run_address>
         <size>0xee</size>
         <input_file_ref idref="fl-4f"/>
      </object_component>
      <object_component id="oc-367">
         <name>.debug_info</name>
         <load_address>0xa522</load_address>
         <run_address>0xa522</run_address>
         <size>0xfa</size>
         <input_file_ref idref="fl-4f"/>
      </object_component>
      <object_component id="oc-471">
         <name>.debug_info</name>
         <load_address>0xa61c</load_address>
         <run_address>0xa61c</run_address>
         <size>0x168</size>
         <input_file_ref idref="fl-50"/>
      </object_component>
      <object_component id="oc-427">
         <name>.debug_info</name>
         <load_address>0xa784</load_address>
         <run_address>0xa784</run_address>
         <size>0x1f6</size>
         <input_file_ref idref="fl-50"/>
      </object_component>
      <object_component id="oc-3a4">
         <name>.debug_info</name>
         <load_address>0xa97a</load_address>
         <run_address>0xa97a</run_address>
         <size>0x163</size>
         <input_file_ref idref="fl-51"/>
      </object_component>
      <object_component id="oc-341">
         <name>.debug_info</name>
         <load_address>0xaadd</load_address>
         <run_address>0xaadd</run_address>
         <size>0x1ab</size>
         <input_file_ref idref="fl-51"/>
      </object_component>
      <object_component id="oc-365">
         <name>.debug_info</name>
         <load_address>0xac88</load_address>
         <run_address>0xac88</run_address>
         <size>0x162</size>
         <input_file_ref idref="fl-52"/>
      </object_component>
      <object_component id="oc-326">
         <name>.debug_info</name>
         <load_address>0xadea</load_address>
         <run_address>0xadea</run_address>
         <size>0x25a</size>
         <input_file_ref idref="fl-52"/>
      </object_component>
      <object_component id="oc-491">
         <name>.debug_info</name>
         <load_address>0xb044</load_address>
         <run_address>0xb044</run_address>
         <size>0x167</size>
         <input_file_ref idref="fl-53"/>
      </object_component>
      <object_component id="oc-45f">
         <name>.debug_info</name>
         <load_address>0xb1ab</load_address>
         <run_address>0xb1ab</run_address>
         <size>0x24d</size>
         <input_file_ref idref="fl-53"/>
      </object_component>
      <object_component id="oc-324">
         <name>.debug_info</name>
         <load_address>0xb3f8</load_address>
         <run_address>0xb3f8</run_address>
         <size>0x157</size>
         <input_file_ref idref="fl-54"/>
      </object_component>
      <object_component id="oc-2ed">
         <name>.debug_info</name>
         <load_address>0xb54f</load_address>
         <run_address>0xb54f</run_address>
         <size>0x215</size>
         <input_file_ref idref="fl-54"/>
      </object_component>
      <object_component id="oc-3c9">
         <name>.debug_info</name>
         <load_address>0xb764</load_address>
         <run_address>0xb764</run_address>
         <size>0x183</size>
         <input_file_ref idref="fl-55"/>
      </object_component>
      <object_component id="oc-379">
         <name>.debug_info</name>
         <load_address>0xb8e7</load_address>
         <run_address>0xb8e7</run_address>
         <size>0x149</size>
         <input_file_ref idref="fl-55"/>
      </object_component>
      <object_component id="oc-3ab">
         <name>.debug_info</name>
         <load_address>0xba30</load_address>
         <run_address>0xba30</run_address>
         <size>0x15c</size>
         <input_file_ref idref="fl-56"/>
      </object_component>
      <object_component id="oc-348">
         <name>.debug_info</name>
         <load_address>0xbb8c</load_address>
         <run_address>0xbb8c</run_address>
         <size>0x14f</size>
         <input_file_ref idref="fl-56"/>
      </object_component>
      <object_component id="oc-402">
         <name>.debug_info</name>
         <load_address>0xbcdb</load_address>
         <run_address>0xbcdb</run_address>
         <size>0x39</size>
         <input_file_ref idref="fl-56"/>
      </object_component>
      <object_component id="oc-3a6">
         <name>.debug_info</name>
         <load_address>0xbd14</load_address>
         <run_address>0xbd14</run_address>
         <size>0x39</size>
         <input_file_ref idref="fl-56"/>
      </object_component>
      <object_component id="oc-452">
[...]
         <name>__mspabi_slli_15</name>
         <value>0xbf24</value>
         <object_component_ref idref="oc-a8"/>
      </symbol>
      <symbol id="sm-21b">
         <name>__mspabi_slli_14</name>
         <value>0xbf26</value>
         <object_component_ref idref="oc-a8"/>
      </symbol>
      <symbol id="sm-21c">
         <name>__mspabi_slli_13</name>
         <value>0xbf28</value>
         <object_component_ref idref="oc-a8"/>
      </symbol>
      <symbol id="sm-21d">
         <name>__mspabi_slli_12</name>
         <value>0xbf2a</value>
         <object_component_ref idref="oc-a8"/>
      </symbol>
      <symbol id="sm-21e">
         <name>__mspabi_slli_11</name>
         <value>0xbf2c</value>
         <object_component_ref idref="oc-a8"/>
      </symbol>
      <symbol id="sm-21f">
         <name>__mspabi_slli_10</name>
         <value>0xbf2e</value>
         <object_component_ref idref="oc-a8"/>
      </symbol>
      <symbol id="sm-22f">
         <name>__mspabi_slll_9</name>
         <value>0xbda6</value>
         <object_component_ref idref="oc-270"/>
      </symbol>
      <symbol id="sm-230">
         <name>__mspabi_slll_8</name>
         <value>0xbdaa</value>
         <object_component_ref idref="oc-270"/>
      </symbol>
      <symbol id="sm-231">
         <name>__mspabi_slll_7</name>
         <value>0xbdae</value>
         <object_component_ref idref="oc-270"/>
      </symbol>
      <symbol id="sm-232">
         <name>__mspabi_slll_6</name>
         <value>0xbdb2</value>
         <object_component_ref idref="oc-270"/>
      </symbol>
      <symbol id="sm-233">
         <name>__mspabi_slll_5</name>
         <value>0xbdb6</value>
         <object_component_ref idref="oc-270"/>
      </symbol>
      <symbol id="sm-234">
         <name>__mspabi_slll_4</name>
         <value>0xbdba</value>
         <object_component_ref idref="oc-270"/>
      </symbol>
      <symbol id="sm-235">
         <name>__mspabi_slll_3</name>
         <value>0xbdbe</value>
         <object_component_ref idref="oc-270"/>
      </symbol>
      <symbol id="sm-236">
         <name>__mspabi_slll_2</name>
         <value>0xbdc2</value>
         <object_component_ref idref="oc-270"/>
      </symbol>
      <symbol id="sm-237">
         <name>__mspabi_slll_1</name>
         <value>0xbdc6</value>
         <object_component_ref idref="oc-270"/>
      </symbol>
      <symbol id="sm-238">
         <name>__mspabi_slll</name>
         <value>0xc122</value>
         <object_component_ref idref="oc-4a6"/>
      </symbol>
      <symbol id="sm-239">
         <name>__mspabi_slll_15</name>
         <value>0xbd8e</value>
         <object_component_ref idref="oc-270"/>
      </symbol>
      <symbol id="sm-23a">
         <name>__mspabi_slll_14</name>
         <value>0xbd92</value>
         <object_component_ref idref="oc-270"/>
      </symbol>
      <symbol id="sm-23b">
         <name>__mspabi_slll_13</name>
         <value>0xbd96</value>
         <object_component_ref idref="oc-270"/>
      </symbol>
      <symbol id="sm-23c">
         <name>__mspabi_slll_12</name>
         <value>0xbd9a</value>
         <object_component_ref idref="oc-270"/>
      </symbol>
      <symbol id="sm-23d">
         <name>__mspabi_slll_11</name>
         <value>0xbd9e</value>
         <object_component_ref idref="oc-270"/>
      </symbol>
      <symbol id="sm-23e">
         <name>__mspabi_slll_10</name>
         <value>0xbda2</value>
         <object_component_ref idref="oc-270"/>
      </symbol>
      <symbol id="sm-246">
         <name>__mspabi_srli_8</name>
         <value>0xbbd8</value>
         <object_component_ref idref="oc-ad"/>
      </symbol>
      <symbol id="sm-247">
         <name>__mspabi_srli_9</name>
         <value>0xbbd4</value>
         <object_component_ref idref="oc-ad"/>
      </symbol>
      <symbol id="sm-248">
         <name>__mspabi_srli_6</name>
         <value>0xbbe0</value>
         <object_component_ref idref="oc-ad"/>
      </symbol>
      <symbol id="sm-249">
         <name>__mspabi_srli_7</name>
         <value>0xbbdc</value>
         <object_component_ref idref="oc-ad"/>
      </symbol>
      <symbol id="sm-24a">
         <name>__mspabi_srli_4</name>
         <value>0xbbe8</value>
         <object_component_ref idref="oc-ad"/>
      </symbol>
      <symbol id="sm-24b">
         <name>__mspabi_srli_5</name>
         <value>0xbbe4</value>
         <object_component_ref idref="oc-ad"/>
      </symbol>
      <symbol id="sm-24c">
         <name>__mspabi_srli_2</name>
         <value>0xbbf0</value>
         <object_component_ref idref="oc-ad"/>
      </symbol>
      <symbol id="sm-24d">
         <name>__mspabi_srli_3</name>
         <value>0xbbec</value>
         <object_component_ref idref="oc-ad"/>
      </symbol>
      <symbol id="sm-24e">
         <name>__mspabi_srli_1</name>
         <value>0xbbf4</value>
         <object_component_ref idref="oc-ad"/>
      </symbol>
      <symbol id="sm-24f">
         <name>__mspabi_srli</name>
         <value>0xbbae</value>
         <object_component_ref idref="oc-ad"/>
      </symbol>
      <symbol id="sm-250">
         <name>__mspabi_srli_15</name>
         <value>0xbbbc</value>
         <object_component_ref idref="oc-ad"/>
      </symbol>
      <symbol id="sm-251">
         <name>__mspabi_srli_14</name>
         <value>0xbbc0</value>
         <object_component_ref idref="oc-ad"/>
      </symbol>
      <symbol id="sm-252">
         <name>__mspabi_srli_13</name>
         <value>0xbbc4</value>
         <object_component_ref idref="oc-ad"/>
      </symbol>
      <symbol id="sm-253">
         <name>__mspabi_srli_12</name>
         <value>0xbbc8</value>
         <object_component_ref idref="oc-ad"/>
      </symbol>
      <symbol id="sm-254">
         <name>__mspabi_srli_11</name>
         <value>0xbbcc</value>
         <object_component_ref idref="oc-ad"/>
      </symbol>
      <symbol id="sm-255">
         <name>__mspabi_srli_10</name>
         <value>0xbbd0</value>
         <object_component_ref idref="oc-ad"/>
      </symbol>
      <symbol id="sm-265">
         <name>__mspabi_srll_8</name>
         <value>0xba30</value>
         <object_component_ref idref="oc-275"/>
      </symbol>
      <symbol id="sm-266">
         <name>__mspabi_srll_9</name>
         <value>0xba2a</value>
         <object_component_ref idref="oc-275"/>
      </symbol>
      <symbol id="sm-267">
         <name>__mspabi_srll_6</name>
         <value>0xba3c</value>
         <object_component_ref idref="oc-275"/>
      </symbol>
      <symbol id="sm-268">
         <name>__mspabi_srll_7</name>
         <value>0xba36</value>
         <object_component_ref idref="oc-275"/>
      </symbol>
      <symbol id="sm-269">
         <name>__mspabi_srll_4</name>
         <value>0xba48</value>
         <object_component_ref idref="oc-275"/>
      </symbol>
      <symbol id="sm-26a">
         <name>__mspabi_srll_5</name>
         <value>0xba42</value>
         <object_component_ref idref="oc-275"/>
      </symbol>
      <symbol id="sm-26b">
         <name>__mspabi_srll_2</name>
         <value>0xba54</value>
         <object_component_ref idref="oc-275"/>
      </symbol>
      <symbol id="sm-26c">
         <name>__mspabi_srll_3</name>
         <value>0xba4e</value>
         <object_component_ref idref="oc-275"/>
      </symbol>
      <symbol id="sm-26d">
         <name>__mspabi_srll_1</name>
         <value>0xba5a</value>
         <object_component_ref idref="oc-275"/>
      </symbol>
      <symbol id="sm-26e">
         <name>__mspabi_srll_15</name>
         <value>0xba06</value>
         <object_component_ref idref="oc-275"/>
      </symbol>
      <symbol id="sm-26f">
         <name>__mspabi_srll_14</name>
         <value>0xba0c</value>
         <object_component_ref idref="oc-275"/>
      </symbol>
      <symbol id="sm-270">
         <name>__mspabi_srll_13</name>
         <value>0xba12</value>
         <object_component_ref idref="oc-275"/>
      </symbol>
      <symbol id="sm-271">
         <name>__mspabi_srll_12</name>
         <value>0xba18</value>
         <object_component_ref idref="oc-275"/>
      </symbol>
      <symbol id="sm-272">
         <name>__mspabi_srll_11</name>
         <value>0xba1e</value>
         <object_component_ref idref="oc-275"/>
      </symbol>
      <symbol id="sm-273">
         <name>__mspabi_srll_10</name>
         <value>0xba24</value>
         <object_component_ref idref="oc-275"/>
      </symbol>
      <symbol id="sm-274">
         <name>__mspabi_srll</name>
         <value>0xc0ee</value>
         <object_component_ref idref="oc-416"/>
      </symbol>
      <symbol id="sm-27e">
         <name>__mspabi_mpyl_sw</name>
         <value>0xbf96</value>
         <object_component_ref idref="oc-19d"/>
      </symbol>
      <symbol id="sm-27f">
         <name>__mspabi_mpyl</name>
         <value>0xbf96</value>
         <object_component_ref idref="oc-19d"/>
      </symbol>
      <symbol id="sm-28f">
         <name>_stack</name>
         <value>0x5b0</value>
         <object_component_ref idref="oc-a4"/>
      </symbol>
      <symbol id="sm-290">
         <name>_c_int00_noargs</name>
         <value>0xbfe0</value>
         <object_component_ref idref="oc-f8"/>
      </symbol>
      <symbol id="sm-291">
         <name>_reset_vector</name>
         <value>0xfffe</value>
         <object_component_ref idref="oc-a7"/>
      </symbol>
      <symbol id="sm-2b3">
         <name>__TI_auto_init_nobinit_nopinit</name>
         <value>0xbcce</value>
         <object_component_ref idref="oc-1bb"/>
      </symbol>
      <symbol id="sm-2cb">
         <name>__TI_zero_init_nomemset</name>
         <value>0xc07a</value>
         <object_component_ref idref="oc-e6"/>
      </symbol>
      <symbol id="sm-2d6">
         <name>_system_pre_init</name>
         <value>0xc180</value>
         <object_component_ref idref="oc-158"/>
      </symbol>
      <symbol id="sm-2df">
         <name>_system_post_cinit</name>
         <value>0xc184</value>
         <object_component_ref idref="oc-24f"/>
      </symbol>
      <symbol id="sm-2f5">
         <name>__TI_decompress_none</name>
         <value>0xc0dc</value>
         <object_component_ref idref="oc-34"/>
      </symbol>
      <symbol id="sm-318">
         <name>__TI_decompress_lzss</name>
         <value>0xb7c0</value>
         <object_component_ref idref="oc-2e"/>
      </symbol>
      <symbol id="sm-33e">
         <name>__mspabi_divd</name>
         <value>0x9944</value>
         <object_component_ref idref="oc-1f9"/>
      </symbol>
      <symbol id="sm-353">
         <name>__mspabi_fltuld</name>
         <value>0xb6b2</value>
         <object_component_ref idref="oc-1f3"/>
      </symbol>
      <symbol id="sm-36e">
         <name>__TI_frcdivd</name>
         <value>0x8000</value>
         <object_component_ref idref="oc-27c"/>
      </symbol>
      <symbol id="sm-381">
         <name>__mspabi_cvtdf</name>
         <value>0xb626</value>
         <object_component_ref idref="oc-1ff"/>
      </symbol>
      <symbol id="sm-38b">
         <name>C$$EXIT</name>
         <value>0xc17a</value>
         <object_component_ref idref="oc-1af"/>
      </symbol>
      <symbol id="sm-38c">
         <name>abort</name>
         <value>0xc17a</value>
         <object_component_ref idref="oc-1af"/>
      </symbol>
      <symbol id="sm-39c">
         <name>memcpy</name>
         <value>0xc100</value>
         <object_component_ref idref="oc-c2"/>
      </symbol>
      <symbol id="sm-3bd">
         <name>vsprintf</name>
         <value>0xbe02</value>
         <object_component_ref idref="oc-230"/>
      </symbol>
      <symbol id="sm-3cd">
         <name>__mspabi_sral</name>
         <value>0xc112</value>
         <object_component_ref idref="oc-4ab"/>
      </symbol>
      <symbol id="sm-3ce">
         <name>__mspabi_sral_15</name>
         <value>0xbd50</value>
         <object_component_ref idref="oc-2de"/>
      </symbol>
      <symbol id="sm-3cf">
         <name>__mspabi_sral_14</name>
         <value>0xbd54</value>
         <object_component_ref idref="oc-2de"/>
      </symbol>
      <symbol id="sm-3d0">
         <name>__mspabi_sral_13</name>
         <value>0xbd58</value>
         <object_component_ref idref="oc-2de"/>
      </symbol>
      <symbol id="sm-3d1">
         <name>__mspabi_sral_12</name>
         <value>0xbd5c</value>
         <object_component_ref idref="oc-2de"/>
      </symbol>
      <symbol id="sm-3d2">
         <name>__mspabi_sral_11</name>
         <value>0xbd60</value>
         <object_component_ref idref="oc-2de"/>
      </symbol>
      <symbol id="sm-3d3">
         <name>__mspabi_sral_10</name>
         <value>0xbd64</value>
         <object_component_ref idref="oc-2de"/>
      </symbol>
      <symbol id="sm-3d4">
         <name>__mspabi_sral_8</name>
         <value>0xbd6c</value>
         <object_component_ref idref="oc-2de"/>
      </symbol>
      <symbol id="sm-3d5">
         <name>__mspabi_sral_9</name>
         <value>0xbd68</value>
         <object_component_ref idref="oc-2de"/>
      </symbol>
      <symbol id="sm-3d6">
         <name>__mspabi_sral_6</name>
         <value>0xbd74</value>
         <object_component_ref idref="oc-2de"/>
      </symbol>
      <symbol id="sm-3d7">
         <name>__mspabi_sral_7</name>
         <value>0xbd70</value>
         <object_component_ref idref="oc-2de"/>
      </symbol>
      <symbol id="sm-3d8">
         <name>__mspabi_sral_4</name>
         <value>0xbd7c</value>
         <object_component_ref idref="oc-2de"/>
      </symbol>
      <symbol id="sm-3d9">
         <name>__mspabi_sral_5</name>
         <value>0xbd78</value>
         <object_component_ref idref="oc-2de"/>
      </symbol>
      <symbol id="sm-3da">
         <name>__mspabi_sral_2</name>
         <value>0xbd84</value>
         <object_component_ref idref="oc-2de"/>
      </symbol>
      <symbol id="sm-3db">
         <name>__mspabi_sral_3</name>
         <value>0xbd80</value>
         <object_component_ref idref="oc-2de"/>
      </symbol>
      <symbol id="sm-3dc">
         <name>__mspabi_sral_1</name>
         <value>0xbd88</value>
         <object_component_ref idref="oc-2de"/>
      </symbol>
      <symbol id="sm-3e6">
         <name>__mspabi_mpyi_sw</name>
         <value>0xc0a2</value>
         <object_component_ref idref="oc-2ce"/>
      </symbol>
      <symbol id="sm-3e7">
         <name>__mspabi_mpyi</name>
         <value>0xc0a2</value>
         <object_component_ref idref="oc-2ce"/>
      </symbol>
      <symbol id="sm-3f5">
         <name>__mspabi_srlll</name>
         <value>0xbc44</value>
         <object_component_ref idref="oc-3c1"/>
      </symbol>
      <symbol id="sm-5c6">
         <name>__TI_printfi</name>
         <value>0x8ad2</value>
         <object_component_ref idref="oc-2a4"/>
      </symbol>
      <symbol id="sm-5d9">
         <name>atoi</name>
         <value>0xbb0e</value>
         <object_component_ref idref="oc-32b"/>
      </symbol>
      <symbol id="sm-5e3">
         <name>_ctypes_</name>
         <value>0xc186</value>
         <object_component_ref idref="oc-366"/>
      </symbol>
      <symbol id="sm-5f2">
         <name>ltoa</name>
         <value>0xb73c</value>
         <object_component_ref idref="oc-426"/>
      </symbol>
      <symbol id="sm-601">
         <name>memccpy</name>
         <value>0xc030</value>
         <object_component_ref idref="oc-33f"/>
      </symbol>
      <symbol id="sm-60f">
         <name>memset</name>
         <value>0xc08e</value>
         <object_component_ref idref="oc-325"/>
      </symbol>
      <symbol id="sm-61e">
         <name>strchr</name>
         <value>0xc04a</value>
         <object_component_ref idref="oc-45e"/>
      </symbol>
      <symbol id="sm-62b">
         <name>strlen</name>
         <value>0xc142</value>
         <object_component_ref idref="oc-2ec"/>
      </symbol>
      <symbol id="sm-638">
         <name>toupper</name>
         <value>0xc15c</value>
         <object_component_ref idref="oc-378"/>
      </symbol>
      <symbol id="sm-650">
         <name>wcslen</name>
         <value>0xc0b6</value>
         <object_component_ref idref="oc-347"/>
      </symbol>
      <symbol id="sm-66c">
         <name>frexpl</name>
         <value>0xb26c</value>
         <object_component_ref idref="oc-3f2"/>
      </symbol>
      <symbol id="sm-66d">
         <name>frexp</name>
         <value>0xb26c</value>
         <object_component_ref idref="oc-3f2"/>
      </symbol>
      <symbol id="sm-685">
         <name>scalbn</name>
         <value>0xa648</value>
         <object_component_ref idref="oc-458"/>
      </symbol>
      <symbol id="sm-686">
         <name>scalbnl</name>
         <value>0xa648</value>
         <object_component_ref idref="oc-458"/>
      </symbol>
      <symbol id="sm-687">
         <name>ldexpl</name>
         <value>0xa648</value>
         <object_component_ref idref="oc-458"/>
      </symbol>
      <symbol id="sm-688">
         <name>ldexp</name>
         <value>0xa648</value>
         <object_component_ref idref="oc-458"/>
      </symbol>
      <symbol id="sm-691">
         <name>copysign</name>
         <value>0xbe64</value>
         <object_component_ref idref="oc-488"/>
      </symbol>
      <symbol id="sm-692">
         <name>copysignl</name>
         <value>0xbe64</value>
         <object_component_ref idref="oc-488"/>
      </symbol>
      <symbol id="sm-6c5">
         <name>__mspabi_divull</name>
         <value>0x8478</value>
         <object_component_ref idref="oc-3bb"/>
      </symbol>
      <symbol id="sm-6e7">
         <name>__mspabi_addd</name>
         <value>0x87d8</value>
         <object_component_ref idref="oc-474"/>
      </symbol>
      <symbol id="sm-701">
         <name>__mspabi_cmpd</name>
         <value>0xae6e</value>
         <object_component_ref idref="oc-39c"/>
      </symbol>
      <symbol id="sm-70e">
         <name>__mspabi_fixdi</name>
         <value>0xbf6e</value>
         <object_component_ref idref="oc-438"/>
      </symbol>
      <symbol id="sm-71d">
         <name>__mspabi_fixdli</name>
         <value>0xb92c</value>
         <object_component_ref idref="oc-420"/>
      </symbol>
      <symbol id="sm-726">
         <name>__mspabi_fltid</name>
         <value>0xc150</value>
         <object_component_ref idref="oc-464"/>
      </symbol>
      <symbol id="sm-73d">
         <name>__mspabi_fltlid</name>
         <value>0xb31c</value>
         <object_component_ref idref="oc-42c"/>
      </symbol>
      <symbol id="sm-75e">
         <name>__TI_frcaddd</name>
         <value>0x924e</value>
         <object_component_ref idref="oc-497"/>
      </symbol>
      <symbol id="sm-780">
         <name>__mspabi_mpyd</name>
         <value>0x8fe0</value>
         <object_component_ref idref="oc-3eb"/>
      </symbol>
      <symbol id="sm-789">
         <name>__mspabi_negd</name>
         <value>0xbf44</value>
         <object_component_ref idref="oc-37e"/>
      </symbol>
      <symbol id="sm-79c">
         <name>__TI_renormd</name>
         <value>0xb1ae</value>
         <object_component_ref idref="oc-4b0"/>
      </symbol>
      <symbol id="sm-7a5">
         <name>__mspabi_subd</name>
         <value>0xbe36</value>
         <object_component_ref idref="oc-432"/>
      </symbol>
      <symbol id="sm-7ac">
         <name>errno</name>
         <value>0x298</value>
         <object_component_ref idref="oc-34d"/>
      </symbol>
      <symbol id="sm-7b6">
         <name>abs</name>
         <value>0xc168</value>
         <object_component_ref idref="oc-43f"/>
      </symbol>
      <symbol id="sm-7c3">
         <name>__mspabi_sllll</name>
         <value>0xbc8a</value>
         <object_component_ref idref="oc-410"/>
      </symbol>
      <symbol id="sm-7d3">
         <name>__TI_frcmpyd</name>
         <value>0x8d5a</value>
         <object_component_ref idref="oc-449"/>
      </symbol>
   </symbol_table>
   <title>Link successful</title>
</link_info>
