******************************************************************************
                  MSP430 Linker PC v18.1.1                     
******************************************************************************
>> Linked Fri Aug 17 14:48:51 2018

OUTPUT FILE NAME:   <Lab1.out>
ENTRY POINT SYMBOL: "_c_int00_noargs"  address: 0000c06c


MEMORY CONFIGURATION

         name            origin    length      used     unused   attr    fill
----------------------  --------  ---------  --------  --------  ----  --------
  SFR                   00000000   00000010  00000000  00000010  RWIX
  PERIPHERALS_8BIT      00000010   000000f0  00000000  000000f0  RWIX
  PERIPHERALS_16BIT     00000100   00000100  00000000  00000100  RWIX
  RAM                   00000200   00000400  000000f0  00000310  RWIX
  INFOD                 00001000   00000040  00000000  00000040  RWIX
  INFOC                 00001040   00000040  00000000  00000040  RWIX
  INFOB                 00001080   00000040  00000000  00000040  RWIX
  INFOA                 000010c0   00000040  00000000  00000040  RWIX
  FLASH                 00008000   00007fde  0000436c  00003c72  RWIX
  INT00                 0000ffe0   00000002  00000000  00000002  RWIX
  INT01                 0000ffe2   00000002  00000000  00000002  RWIX
  INT02                 0000ffe4   00000002  00000002  00000000  RWIX
  INT03                 0000ffe6   00000002  00000002  00000000  RWIX
  INT04                 0000ffe8   00000002  00000000  00000002  RWIX
  INT05                 0000ffea   00000002  00000002  00000000  RWIX
  INT06                 0000ffec   00000002  00000002  00000000  RWIX
  INT07                 0000ffee   00000002  00000002  00000000  RWIX
  INT08                 0000fff0   00000002  00000002  00000000  RWIX
  INT09                 0000fff2   00000002  00000002  00000000  RWIX
  INT10                 0000fff4   00000002  00000002  00000000  RWIX
  INT11                 0000fff6   00000002  00000000  00000002  RWIX
  INT12                 0000fff8   00000002  00000002  00000000  RWIX
  INT13                 0000fffa   00000002  00000002  00000000  RWIX
  INT14                 0000fffc   00000002  00000002  00000000  RWIX
  RESET                 0000fffe   00000002  00000002  00000000  RWIX


SECTION ALLOCATION MAP

 output                                  attributes/
section   page    origin      length       input sections
--------  ----  ----------  ----------   ----------------
.bss       0    00000200    00000082     UNINITIALIZED
                  00000200    00000034     (.common:rxbuff)
                  00000234    00000034     (.common:txbuff)
                  00000268    0000001a     (.common:printbuff)

.data      0    00000282    0000001e     UNINITIALIZED
                  00000282    00000016     user_Lab1ex3.obj (.data)
                  00000298    00000006     UARTFuncs.obj (.data)
                  0000029e    00000002     rts430_eabi.lib : errno.c.obj (.data)

.stack     0    000005b0    00000050     UNINITIALIZED
                  000005b0    00000002     rts430_eabi.lib : boot.c.obj (.stack)
                  000005b2    0000004e     --HOLE--

.text      0    00008000    00004212     
                  00008000    00000478     rts430_eabi.lib : frcdivd.c.obj (.text:__TI_frcdivd)
                  00008478    00000360                     : div64u.c.obj (.text:__mspabi_divull)
                  000087d8    000002fa                     : addd.c.obj (.text:__mspabi_addd)
                  00008ad2    00000288                     : _printfi.c.obj (.text:__TI_printfi)
                  00008d5a    00000286                     : frcmpyd.c.obj (.text:__TI_frcmpyd)
                  00008fe0    0000026e                     : mpyd.c.obj (.text:__mspabi_mpyd)
                  0000924e    00000260                     : frcaddd.c.obj (.text:__TI_frcaddd)
                  000094ae    00000252                     : _printfi.c.obj (.text:_setfield)
                  00009700    00000244                     : _printfi.c.obj (.text:acvt)
                  00009944    00000238                     : divd.c.obj (.text:__mspabi_divd)
                  00009b7c    00000224                     : _printfi.c.obj (.text:_pproc_fgea)
                  00009da0    000001ec                     : _printfi.c.obj (.text:_getarg_diouxp)
                  00009f8c    000001de                     : _printfi.c.obj (.text:ecvt)
                  0000a16a    000001c4                     : _printfi.c.obj (.text:fcvt)
                  0000a32e    000001a6                     : _printfi.c.obj (.text:_pconv_e)
                  0000a4d4    00000174                     : _printfi.c.obj (.text:_pconv_a)
                  0000a648    0000016a                     : s_scalbn.c.obj (.text:scalbn)
                  0000a7b2    0000014c                     : _printfi.c.obj (.text:_pproc_diouxp)
                  0000a8fe    00000132                     : fs_add.asm.obj (.text)
                  0000aa30    0000012e                     : _printfi.c.obj (.text:_ltostr)
                  0000ab5e    00000120     UARTFuncs.obj (.text:Init_UART)
                  0000ac7e    000000f8     rts430_eabi.lib : _printfi.c.obj (.text:_pconv_g)
                  0000ad76    000000f8                     : _printfi.c.obj (.text:_pproc_fwp)
                  0000ae6e    000000dc                     : cmpd.c.obj (.text:__mspabi_cmpd)
                  0000af4a    000000d8     user_Lab1ex3.obj (.text:main)
                  0000b022    000000c4     rts430_eabi.lib : _printfi.c.obj (.text:_pproc_wstr)
                  0000b0e6    000000c4                     : fs_mpy.asm.obj (.text)
                  0000b1aa    000000be                     : renormd.c.obj (.text:__TI_renormd)
                  0000b268    000000b0                     : s_frexp.c.obj (.text:frexp)
                  0000b318    000000ac                     : fltlid.c.obj (.text:__mspabi_fltlid)
                  0000b3c4    000000ac                     : _printfi.c.obj (.text:_pproc_str)
                  0000b470    00000092                     : _printfi.c.obj (.text:_mcpy)
                  0000b502    00000090     user_Lab1ex3.obj (.text:Timer_A)
                  0000b592    0000008e     rts430_eabi.lib : _printfi.c.obj (.text:_ecpy)
                  0000b620    0000008c                     : cvtdf.c.obj (.text:__mspabi_cvtdf)
                  0000b6ac    0000008a                     : fltuld.c.obj (.text:__mspabi_fltuld)
                  0000b736    00000088     user_Lab1ex3.obj (.text:Port_2)
                  0000b7be    00000084     rts430_eabi.lib : ltoa.c.obj (.text:ltoa)
                  0000b842    00000082     user_Lab1ex3.obj (.text:USCI0TX_ISR)
                  0000b8c4    0000007c     rts430_eabi.lib : copy_decompress_lzss.c.obj (.text:decompress:lzss:__TI_decompress_lzss)
                  0000b940    0000007a                     : _printfi.c.obj (.text:_pconv_f)
                  0000b9ba    00000076     user_Lab1ex3.obj (.text:USCI0RX_ISR)
                  0000ba30    00000072     rts430_eabi.lib : fixdli.c.obj (.text:__mspabi_fixdli)
                  0000baa2    00000068                     : fs_toi.asm.obj (.text)
                  0000bb0a    0000005c                     : lsr32.asm.obj (.text:l_lsr_const)
                  0000bb66    00000058                     : div32u.asm.obj (.text)
                  0000bbbe    00000052                     : atoi.c.obj (.text:atoi)
                  0000bc10    0000004e                     : _printfi.c.obj (.text:_fcpy)
                  0000bc5e    0000004c                     : lsr16.asm.obj (.text)
                  0000bcaa    0000004a                     : fs_cmp.asm.obj (.text)
                  0000bcf4    00000046                     : lsr64.c.obj (.text:__mspabi_srlll)
                  0000bd3a    00000044                     : lsl64.c.obj (.text:__mspabi_sllll)
                  0000bd7e    00000042                     : autoinit.c.obj (.text:__TI_auto_init_nobinit_nopinit:__TI_auto_init_nobinit_nopinit)
                  0000bdc0    00000040                     : div32s.asm.obj (.text)
                  0000be00    0000003e                     : asr32.asm.obj (.text:l_asr_const)
                  0000be3e    0000003e                     : lsl32.asm.obj (.text:l_lsl_const)
                  0000be7c    00000036                     : fs_itof.asm.obj (.text)
                  0000beb2    00000034                     : vsprintf.c.obj (.text:vsprintf)
                  0000bee6    0000002e                     : subd.c.obj (.text:__mspabi_subd)
                  0000bf14    0000002e                     : s_copysign.c.obj (.text:copysign)
                  0000bf42    0000002e     UARTFuncs.obj (.text:sendchars)
                  0000bf70    0000002c     rts430_eabi.lib : asr16.asm.obj (.text)
                  0000bf9c    0000002c                     : div16s.asm.obj (.text)
                  0000bfc8    0000002c                     : lsl16.asm.obj (.text)
                  0000bff4    0000002a                     : negd.c.obj (.text:__mspabi_negd)
                  0000c01e    00000028                     : fixdi.c.obj (.text:__mspabi_fixdi)
                  0000c046    00000026                     : mult32.asm.obj (.text)
                  0000c06c    0000001c                     : boot.c.obj (.text:_c_int00_noargs)
                  0000c088    0000001a     UARTFuncs.obj (.text:UART_printf)
                  0000c0a2    0000001a     rts430_eabi.lib : vsprintf.c.obj (.text:_outs)
                  0000c0bc    0000001a                     : memccpy.c.obj (.text:memccpy)
                  0000c0d6    0000001a                     : strchr.c.obj (.text:strchr)
                  0000c0f0    00000016                     : div16u.asm.obj (.text)
                  0000c106    00000014                     : copy_zero_init.c.obj (.text:decompress:ZI:__TI_zero_init_nomemset:__TI_zero_init_nomemset)
                  0000c11a    00000014                     : memset.c.obj (.text:memset)
                  0000c12e    00000014                     : mult16.asm.obj (.text)
                  0000c142    00000014                     : wcslen.c.obj (.text:wcslen)
                  0000c156    00000012                     : vsprintf.c.obj (.text:_outc)
                  0000c168    00000012                     : copy_decompress_none.c.obj (.text:decompress:none:__TI_decompress_none)
                  0000c17a    00000012                     : lsr32.asm.obj (.text:l_lsr)
                  0000c18c    00000012                     : memcpy.c.obj (.text:memcpy)
                  0000c19e    00000010                     : asr32.asm.obj (.text:l_asr)
                  0000c1ae    00000010                     : lsl32.asm.obj (.text:l_lsl)
                  0000c1be    00000010                     : epilog.asm.obj (.text)
                  0000c1ce    0000000e                     : strlen.c.obj (.text:strlen)
                  0000c1dc    0000000c                     : fltid.c.obj (.text:__mspabi_fltid)
                  0000c1e8    0000000c                     : toupper.c.obj (.text:toupper)
                  0000c1f4    0000000a                     : abs.c.obj (.text:abs)
                  0000c1fe    00000008                     : isr_trap.asm.obj (.text:_isr:__TI_ISR_TRAP)
                  0000c206    00000006                     : exit.c.obj (.text:abort)
                  0000c20c    00000004                     : pre_init.c.obj (.text:_system_pre_init)
                  0000c210    00000002                     : startup.c.obj (.text:_system_post_cinit)

.const     0    0000c212    00000136     
                  0000c212    00000101     rts430_eabi.lib : ctype.c.obj (.const:.string:_ctypes_)
                  0000c313    00000001     --HOLE-- [fill = 0]
                  0000c314    00000026                     : _printfi.c.obj (.const:.string)
                  0000c33a    0000000e     user_Lab1ex3.obj (.const:.string)

.cinit     0    0000c348    00000024     
                  0000c348    00000012     (.cinit..data.load) [load image, compression = lzss]
                  0000c35a    00000006     (__TI_handler_table)
                  0000c360    00000004     (.cinit..bss.load) [load image, compression = zero_init]
                  0000c364    00000008     (__TI_cinit_table)

.init_array 
*          0    00008000    00000000     UNINITIALIZED

PORT1      0    0000ffe4    00000002     
                  0000ffe4    00000002     rts430_eabi.lib : int02.asm.obj (.int02)

PORT2      0    0000ffe6    00000002     
                  0000ffe6    00000002     user_Lab1ex3.obj (.int03)

ADC10      0    0000ffea    00000002     
                  0000ffea    00000002     rts430_eabi.lib : int05.asm.obj (.int05)

USCIAB0TX 
*          0    0000ffec    00000002     
                  0000ffec    00000002     user_Lab1ex3.obj (.int06)

USCIAB0RX 
*          0    0000ffee    00000002     
                  0000ffee    00000002     user_Lab1ex3.obj (.int07)

TIMERA1    0    0000fff0    00000002     
                  0000fff0    00000002     rts430_eabi.lib : int08.asm.obj (.int08)

TIMERA0    0    0000fff2    00000002     
                  0000fff2    00000002     user_Lab1ex3.obj (.int09)

WDT        0    0000fff4    00000002     
                  0000fff4    00000002     rts430_eabi.lib : int10.asm.obj (.int10)

TIMERB1    0    0000fff8    00000002     
                  0000fff8    00000002     rts430_eabi.lib : int12.asm.obj (.int12)

TIMERB0    0    0000fffa    00000002     
                  0000fffa    00000002     rts430_eabi.lib : int13.asm.obj (.int13)

NMI        0    0000fffc    00000002     
                  0000fffc    00000002     rts430_eabi.lib : int14.asm.obj (.int14)

.reset     0    0000fffe    00000002     
                  0000fffe    00000002     rts430_eabi.lib : boot.c.obj (.reset)

MODULE SUMMARY

       Module                       code    ro data   rw data
       ------                       ----    -------   -------
    .\
       user_Lab1ex3.obj             744     22        22     
       UARTFuncs.obj                360     0         136    
    +--+----------------------------+-------+---------+---------+
       Total:                       1104    22        158    
                                                             
    C:\CCStudio_v8\ccsv8\tools\compiler\ti-cgt-msp430_18.1.1.LTS\lib\rts430_eabi.lib
       _printfi.c.obj               6572    38        0      
       frcdivd.c.obj                1144    0         0      
       div64u.c.obj                 864     0         0      
       addd.c.obj                   762     0         0      
       frcmpyd.c.obj                646     0         0      
       mpyd.c.obj                   622     0         0      
       frcaddd.c.obj                608     0         0      
       divd.c.obj                   568     0         0      
       s_scalbn.c.obj               362     0         0      
       fs_add.asm.obj               306     0         0      
       ctype.c.obj                  0       257       0      
       cmpd.c.obj                   220     0         0      
       fs_mpy.asm.obj               196     0         0      
       renormd.c.obj                190     0         0      
       s_frexp.c.obj                176     0         0      
       fltlid.c.obj                 172     0         0      
       cvtdf.c.obj                  140     0         0      
       fltuld.c.obj                 138     0         0      
       ltoa.c.obj                   132     0         0      
       copy_decompress_lzss.c.obj   124     0         0      
       fixdli.c.obj                 114     0         0      
       lsr32.asm.obj                110     0         0      
       fs_toi.asm.obj               104     0         0      
       vsprintf.c.obj               96      0         0      
       div32u.asm.obj               88      0         0      
       atoi.c.obj                   82      0         0      
       asr32.asm.obj                78      0         0      
       lsl32.asm.obj                78      0         0      
       lsr16.asm.obj                76      0         0      
       fs_cmp.asm.obj               74      0         0      
       lsr64.c.obj                  70      0         0      
       lsl64.c.obj                  68      0         0      
       autoinit.c.obj               66      0         0      
       div32s.asm.obj               64      0         0      
       fs_itof.asm.obj              54      0         0      
       s_copysign.c.obj             46      0         0      
       subd.c.obj                   46      0         0      
       asr16.asm.obj                44      0         0      
       div16s.asm.obj               44      0         0      
       lsl16.asm.obj                44      0         0      
       negd.c.obj                   42      0         0      
       fixdi.c.obj                  40      0         0      
       mult32.asm.obj               38      0         0      
       boot.c.obj                   28      2         0      
       memccpy.c.obj                26      0         0      
       strchr.c.obj                 26      0         0      
       div16u.asm.obj               22      0         0      
       copy_zero_init.c.obj         20      0         0      
       memset.c.obj                 20      0         0      
       mult16.asm.obj               20      0         0      
       wcslen.c.obj                 20      0         0      
       copy_decompress_none.c.obj   18      0         0      
       memcpy.c.obj                 18      0         0      
       epilog.asm.obj               16      0         0      
       strlen.c.obj                 14      0         0      
       fltid.c.obj                  12      0         0      
       toupper.c.obj                12      0         0      
       abs.c.obj                    10      0         0      
       isr_trap.asm.obj             8       0         0      
       exit.c.obj                   6       0         0      
       pre_init.c.obj               4       0         0      
       errno.c.obj                  0       0         2      
       int02.asm.obj                0       2         0      
       int05.asm.obj                0       2         0      
       int08.asm.obj                0       2         0      
       int10.asm.obj                0       2         0      
       int12.asm.obj                0       2         0      
       int13.asm.obj                0       2         0      
       int14.asm.obj                0       2         0      
       startup.c.obj                2       0         0      
    +--+----------------------------+-------+---------+---------+
       Total:                       15810   311       2      
                                                             
       Stack:                       0       0         80     
       Linker Generated:            0       36        0      
    +--+----------------------------+-------+---------+---------+
       Grand Total:                 16914   369       240    


LINKER GENERATED COPY TABLES

__TI_cinit_table @ 0000c364 records: 2, size/record: 4, table size: 8
	.data: load addr=0000c348, load size=00000012 bytes, run addr=00000282, run size=0000001e bytes, compression=lzss
	.bss: load addr=0000c360, load size=00000004 bytes, run addr=00000200, run size=00000082 bytes, compression=zero_init


LINKER GENERATED HANDLER TABLE

__TI_handler_table @ 0000c35a records: 3, size/record: 2, table size: 6
	index: 0, handler: __TI_zero_init
	index: 1, handler: __TI_decompress_lzss
	index: 2, handler: __TI_decompress_none


GLOBAL SYMBOLS: SORTED ALPHABETICALLY BY Name 

address   name                          
-------   ----                          
0000004a  ADC10AE0                      
0000004b  ADC10AE1                      
000001b0  ADC10CTL0                     
000001b2  ADC10CTL1                     
00000048  ADC10DTC0                     
00000049  ADC10DTC1                     
000001b4  ADC10MEM                      
000001bc  ADC10SA                       
00000057  BCSCTL1                       
00000058  BCSCTL2                       
00000053  BCSCTL3                       
0000c206  C$$EXIT                       
000010fb  CALBC1_12MHZ                  
000010f9  CALBC1_16MHZ                  
000010ff  CALBC1_1MHZ                   
000010fd  CALBC1_8MHZ                   
000010fa  CALDCO_12MHZ                  
000010f8  CALDCO_16MHZ                  
000010fe  CALDCO_1MHZ                   
000010fc  CALDCO_8MHZ                   
00000056  DCOCTL                        
00000128  FCTL1                         
0000012a  FCTL2                         
0000012c  FCTL3                         
00000000  IE1                           
00000001  IE2                           
00000002  IFG1                          
00000003  IFG2                          
0000ab5e  Init_UART                     
00000296  LEDtime                       
00000022  P1DIR                         
00000025  P1IE                          
00000024  P1IES                         
00000023  P1IFG                         
00000020  P1IN                          
00000021  P1OUT                         
00000027  P1REN                         
00000026  P1SEL                         
0000002a  P2DIR                         
0000002d  P2IE                          
0000002c  P2IES                         
0000002b  P2IFG                         
00000028  P2IN                          
00000029  P2OUT                         
0000002f  P2REN                         
0000002e  P2SEL                         
0000001a  P3DIR                         
00000018  P3IN                          
00000019  P3OUT                         
00000010  P3REN                         
0000001b  P3SEL                         
0000001e  P4DIR                         
0000001c  P4IN                          
0000001d  P4OUT                         
00000011  P4REN                         
0000001f  P4SEL                         
0000b736  Port_2                        
00000172  TACCR0                        
00000174  TACCR1                        
00000176  TACCR2                        
00000162  TACCTL0                       
00000164  TACCTL1                       
00000166  TACCTL2                       
00000160  TACTL                         
0000012e  TAIV                          
00000170  TAR                           
00000192  TBCCR0                        
00000194  TBCCR1                        
00000196  TBCCR2                        
00000182  TBCCTL0                       
00000184  TBCCTL1                       
00000186  TBCCTL2                       
00000180  TBCTL                         
0000011e  TBIV                          
00000190  TBR                           
0000b502  Timer_A                       
0000029d  UART_flag                     
0000c088  UART_printf                   
0000005d  UCA0ABCTL                     
00000062  UCA0BR0                       
00000063  UCA0BR1                       
00000060  UCA0CTL0                      
00000061  UCA0CTL1                      
0000005f  UCA0IRRCTL                    
0000005e  UCA0IRTCTL                    
00000064  UCA0MCTL                      
00000066  UCA0RXBUF                     
00000065  UCA0STAT                      
00000067  UCA0TXBUF                     
0000006a  UCB0BR0                       
0000006b  UCB0BR1                       
00000068  UCB0CTL0                      
00000069  UCB0CTL1                      
0000006c  UCB0I2CIE                     
00000118  UCB0I2COA                     
0000011a  UCB0I2CSA                     
0000006e  UCB0RXBUF                     
0000006d  UCB0STAT                      
0000006f  UCB0TXBUF                     
0000b9ba  USCI0RX_ISR                   
0000b842  USCI0TX_ISR                   
00000120  WDTCTL                        
00000600  __STACK_END                   
00000050  __STACK_SIZE                  
0000c364  __TI_CINIT_Base               
0000c36c  __TI_CINIT_Limit              
0000c35a  __TI_Handler_Table_Base       
0000c360  __TI_Handler_Table_Limit      
0000c1fe  __TI_ISR_TRAP                 
0000bd7e  __TI_auto_init_nobinit_nopinit
0000b8c4  __TI_decompress_lzss          
0000c168  __TI_decompress_none          
0000924e  __TI_frcaddd                  
00008000  __TI_frcdivd                  
00008d5a  __TI_frcmpyd                  
0000ffe4  __TI_int02                    
0000ffe6  __TI_int03                    
0000ffea  __TI_int05                    
0000ffec  __TI_int06                    
0000ffee  __TI_int07                    
0000fff0  __TI_int08                    
0000fff2  __TI_int09                    
0000fff4  __TI_int10                    
0000fff8  __TI_int12                    
0000fffa  __TI_int13                    
0000fffc  __TI_int14                    
ffffffff  __TI_pprof_out_hndl           
00008ad2  __TI_printfi                  
ffffffff  __TI_prof_data_size           
ffffffff  __TI_prof_data_start          
0000b1aa  __TI_renormd                  
0000c106  __TI_zero_init_nomemset       
ffffffff  __c_args__                    
000087d8  __mspabi_addd                 
0000a904  __mspabi_addf                 
0000ae6e  __mspabi_cmpd                 
0000bcaa  __mspabi_cmpf                 
0000b620  __mspabi_cvtdf                
00009944  __mspabi_divd                 
0000bf9c  __mspabi_divi                 
0000bdc0  __mspabi_divli                
0000c0f0  __mspabi_divu                 
0000bb66  __mspabi_divul                
00008478  __mspabi_divull               
0000c01e  __mspabi_fixdi                
0000ba30  __mspabi_fixdli               
0000baa2  __mspabi_fixfi                
0000c1dc  __mspabi_fltid                
0000be7c  __mspabi_fltif                
0000b318  __mspabi_fltlid               
0000b6ac  __mspabi_fltuld               
0000c1ca  __mspabi_func_epilog_1        
0000c1c8  __mspabi_func_epilog_2        
0000c1c6  __mspabi_func_epilog_3        
0000c1c4  __mspabi_func_epilog_4        
0000c1c2  __mspabi_func_epilog_5        
0000c1c0  __mspabi_func_epilog_6        
0000c1be  __mspabi_func_epilog_7        
00008fe0  __mspabi_mpyd                 
0000b0e6  __mspabi_mpyf                 
0000c12e  __mspabi_mpyi                 
0000c12e  __mspabi_mpyi_sw              
0000c046  __mspabi_mpyl                 
0000c046  __mspabi_mpyl_sw              
0000bff4  __mspabi_negd                 
0000bf9c  __mspabi_remi                 
0000bdc0  __mspabi_remli                
0000c0f0  __mspabi_remu                 
0000bb66  __mspabi_remul                
0000bfc8  __mspabi_slli                 
0000bff0  __mspabi_slli_1               
0000bfde  __mspabi_slli_10              
0000bfdc  __mspabi_slli_11              
0000bfda  __mspabi_slli_12              
0000bfd8  __mspabi_slli_13              
0000bfd6  __mspabi_slli_14              
0000bfd4  __mspabi_slli_15              
0000bfee  __mspabi_slli_2               
0000bfec  __mspabi_slli_3               
0000bfea  __mspabi_slli_4               
0000bfe8  __mspabi_slli_5               
0000bfe6  __mspabi_slli_6               
0000bfe4  __mspabi_slli_7               
0000bfe2  __mspabi_slli_8               
0000bfe0  __mspabi_slli_9               
0000c1ae  __mspabi_slll                 
0000be76  __mspabi_slll_1               
0000be52  __mspabi_slll_10              
0000be4e  __mspabi_slll_11              
0000be4a  __mspabi_slll_12              
0000be46  __mspabi_slll_13              
0000be42  __mspabi_slll_14              
0000be3e  __mspabi_slll_15              
0000be72  __mspabi_slll_2               
0000be6e  __mspabi_slll_3               
0000be6a  __mspabi_slll_4               
0000be66  __mspabi_slll_5               
0000be62  __mspabi_slll_6               
0000be5e  __mspabi_slll_7               
0000be5a  __mspabi_slll_8               
0000be56  __mspabi_slll_9               
0000bd3a  __mspabi_sllll                
0000bf70  __mspabi_srai                 
0000bf98  __mspabi_srai_1               
0000bf86  __mspabi_srai_10              
0000bf84  __mspabi_srai_11              
0000bf82  __mspabi_srai_12              
0000bf80  __mspabi_srai_13              
0000bf7e  __mspabi_srai_14              
0000bf7c  __mspabi_srai_15              
0000bf96  __mspabi_srai_2               
0000bf94  __mspabi_srai_3               
0000bf92  __mspabi_srai_4               
0000bf90  __mspabi_srai_5               
0000bf8e  __mspabi_srai_6               
0000bf8c  __mspabi_srai_7               
0000bf8a  __mspabi_srai_8               
0000bf88  __mspabi_srai_9               
0000c19e  __mspabi_sral                 
0000be38  __mspabi_sral_1               
0000be14  __mspabi_sral_10              
0000be10  __mspabi_sral_11              
0000be0c  __mspabi_sral_12              
0000be08  __mspabi_sral_13              
0000be04  __mspabi_sral_14              
0000be00  __mspabi_sral_15              
0000be34  __mspabi_sral_2               
0000be30  __mspabi_sral_3               
0000be2c  __mspabi_sral_4               
0000be28  __mspabi_sral_5               
0000be24  __mspabi_sral_6               
0000be20  __mspabi_sral_7               
0000be1c  __mspabi_sral_8               
0000be18  __mspabi_sral_9               
0000bc5e  __mspabi_srli                 
0000bca4  __mspabi_srli_1               
0000bc80  __mspabi_srli_10              
0000bc7c  __mspabi_srli_11              
0000bc78  __mspabi_srli_12              
0000bc74  __mspabi_srli_13              
0000bc70  __mspabi_srli_14              
0000bc6c  __mspabi_srli_15              
0000bca0  __mspabi_srli_2               
0000bc9c  __mspabi_srli_3               
0000bc98  __mspabi_srli_4               
0000bc94  __mspabi_srli_5               
0000bc90  __mspabi_srli_6               
0000bc8c  __mspabi_srli_7               
0000bc88  __mspabi_srli_8               
0000bc84  __mspabi_srli_9               
0000c17a  __mspabi_srll                 
0000bb5e  __mspabi_srll_1               
0000bb28  __mspabi_srll_10              
0000bb22  __mspabi_srll_11              
0000bb1c  __mspabi_srll_12              
0000bb16  __mspabi_srll_13              
0000bb10  __mspabi_srll_14              
0000bb0a  __mspabi_srll_15              
0000bb58  __mspabi_srll_2               
0000bb52  __mspabi_srll_3               
0000bb4c  __mspabi_srll_4               
0000bb46  __mspabi_srll_5               
0000bb40  __mspabi_srll_6               
0000bb3a  __mspabi_srll_7               
0000bb34  __mspabi_srll_8               
0000bb2e  __mspabi_srll_9               
0000bcf4  __mspabi_srlll                
0000bee6  __mspabi_subd                 
0000a8fe  __mspabi_subf                 
0000c06c  _c_int00_noargs               
0000c212  _ctypes_                      
0000fffe  _reset_vector                 
000005b0  _stack                        
0000c210  _system_post_cinit            
0000c20c  _system_pre_init              
0000c206  abort                         
0000c1f4  abs                           
0000bbbe  atoi                          
0000bf14  copysign                      
0000bf14  copysignl                     
0000029a  currentindex                  
00000298  donesending                   
0000029e  errno                         
0000028a  fastcnt                       
0000b268  frexp                         
0000b268  frexpl                        
0000a648  ldexp                         
0000a648  ldexpl                        
0000b7be  ltoa                          
0000af4a  main                          
0000c0bc  memccpy                       
0000c18c  memcpy                        
0000c11a  memset                        
00000282  msgindex                      
00000285  newmsg                        
00000286  newprint                      
00000268  printbuff                     
0000029c  printf_flag                   
0000028c  pttrnTime                     
00000200  rxbuff                        
0000028e  s1                            
00000290  s2                            
00000292  s3                            
00000294  s4                            
0000a648  scalbn                        
0000a648  scalbnl                       
0000bf42  sendchars                     
0000029b  senddone                      
00000284  started                       
0000c0d6  strchr                        
0000c1ce  strlen                        
00000288  timecnt                       
0000c1e8  toupper                       
00000234  txbuff                        
00000299  txcount                       
00000283  txindex                       
0000beb2  vsprintf                      
0000c142  wcslen                        


GLOBAL SYMBOLS: SORTED BY Symbol Address 

address   name                          
-------   ----                          
00000000  IE1                           
00000001  IE2                           
00000002  IFG1                          
00000003  IFG2                          
00000010  P3REN                         
00000011  P4REN                         
00000018  P3IN                          
00000019  P3OUT                         
0000001a  P3DIR                         
0000001b  P3SEL                         
0000001c  P4IN                          
0000001d  P4OUT                         
0000001e  P4DIR                         
0000001f  P4SEL                         
00000020  P1IN                          
00000021  P1OUT                         
00000022  P1DIR                         
00000023  P1IFG                         
00000024  P1IES                         
00000025  P1IE                          
00000026  P1SEL                         
00000027  P1REN                         
00000028  P2IN                          
00000029  P2OUT                         
0000002a  P2DIR                         
0000002b  P2IFG                         
0000002c  P2IES                         
0000002d  P2IE                          
0000002e  P2SEL                         
0000002f  P2REN                         
00000048  ADC10DTC0                     
00000049  ADC10DTC1                     
0000004a  ADC10AE0                      
0000004b  ADC10AE1                      
00000050  __STACK_SIZE                  
00000053  BCSCTL3                       
00000056  DCOCTL                        
00000057  BCSCTL1                       
00000058  BCSCTL2                       
0000005d  UCA0ABCTL                     
0000005e  UCA0IRTCTL                    
0000005f  UCA0IRRCTL                    
00000060  UCA0CTL0                      
00000061  UCA0CTL1                      
00000062  UCA0BR0                       
00000063  UCA0BR1                       
00000064  UCA0MCTL                      
00000065  UCA0STAT                      
00000066  UCA0RXBUF                     
00000067  UCA0TXBUF                     
00000068  UCB0CTL0                      
00000069  UCB0CTL1                      
0000006a  UCB0BR0                       
0000006b  UCB0BR1                       
0000006c  UCB0I2CIE                     
0000006d  UCB0STAT                      
0000006e  UCB0RXBUF                     
0000006f  UCB0TXBUF                     
00000118  UCB0I2COA                     
0000011a  UCB0I2CSA                     
0000011e  TBIV                          
00000120  WDTCTL                        
00000128  FCTL1                         
0000012a  FCTL2                         
0000012c  FCTL3                         
0000012e  TAIV                          
00000160  TACTL                         
00000162  TACCTL0                       
00000164  TACCTL1                       
00000166  TACCTL2                       
00000170  TAR                           
00000172  TACCR0                        
00000174  TACCR1                        
00000176  TACCR2                        
00000180  TBCTL                         
00000182  TBCCTL0                       
00000184  TBCCTL1                       
00000186  TBCCTL2                       
00000190  TBR                           
00000192  TBCCR0                        
00000194  TBCCR1                        
00000196  TBCCR2                        
000001b0  ADC10CTL0                     
000001b2  ADC10CTL1                     
000001b4  ADC10MEM                      
000001bc  ADC10SA                       
00000200  rxbuff                        
00000234  txbuff                        
00000268  printbuff                     
00000282  msgindex                      
00000283  txindex                       
00000284  started                       
00000285  newmsg                        
00000286  newprint                      
00000288  timecnt                       
0000028a  fastcnt                       
0000028c  pttrnTime                     
0000028e  s1                            
00000290  s2                            
00000292  s3                            
00000294  s4                            
00000296  LEDtime                       
00000298  donesending                   
00000299  txcount                       
0000029a  currentindex                  
0000029b  senddone                      
0000029c  printf_flag                   
0000029d  UART_flag                     
0000029e  errno                         
000005b0  _stack                        
00000600  __STACK_END                   
000010f8  CALDCO_16MHZ                  
000010f9  CALBC1_16MHZ                  
000010fa  CALDCO_12MHZ                  
000010fb  CALBC1_12MHZ                  
000010fc  CALDCO_8MHZ                   
000010fd  CALBC1_8MHZ                   
000010fe  CALDCO_1MHZ                   
000010ff  CALBC1_1MHZ                   
00008000  __TI_frcdivd                  
00008478  __mspabi_divull               
000087d8  __mspabi_addd                 
00008ad2  __TI_printfi                  
00008d5a  __TI_frcmpyd                  
00008fe0  __mspabi_mpyd                 
0000924e  __TI_frcaddd                  
00009944  __mspabi_divd                 
0000a648  ldexp                         
0000a648  ldexpl                        
0000a648  scalbn                        
0000a648  scalbnl                       
0000a8fe  __mspabi_subf                 
0000a904  __mspabi_addf                 
0000ab5e  Init_UART                     
0000ae6e  __mspabi_cmpd                 
0000af4a  main                          
0000b0e6  __mspabi_mpyf                 
0000b1aa  __TI_renormd                  
0000b268  frexp                         
0000b268  frexpl                        
0000b318  __mspabi_fltlid               
0000b502  Timer_A                       
0000b620  __mspabi_cvtdf                
0000b6ac  __mspabi_fltuld               
0000b736  Port_2                        
0000b7be  ltoa                          
0000b842  USCI0TX_ISR                   
0000b8c4  __TI_decompress_lzss          
0000b9ba  USCI0RX_ISR                   
0000ba30  __mspabi_fixdli               
0000baa2  __mspabi_fixfi                
0000bb0a  __mspabi_srll_15              
0000bb10  __mspabi_srll_14              
0000bb16  __mspabi_srll_13              
0000bb1c  __mspabi_srll_12              
0000bb22  __mspabi_srll_11              
0000bb28  __mspabi_srll_10              
0000bb2e  __mspabi_srll_9               
0000bb34  __mspabi_srll_8               
0000bb3a  __mspabi_srll_7               
0000bb40  __mspabi_srll_6               
0000bb46  __mspabi_srll_5               
0000bb4c  __mspabi_srll_4               
0000bb52  __mspabi_srll_3               
0000bb58  __mspabi_srll_2               
0000bb5e  __mspabi_srll_1               
0000bb66  __mspabi_divul                
0000bb66  __mspabi_remul                
0000bbbe  atoi                          
0000bc5e  __mspabi_srli                 
0000bc6c  __mspabi_srli_15              
0000bc70  __mspabi_srli_14              
0000bc74  __mspabi_srli_13              
0000bc78  __mspabi_srli_12              
0000bc7c  __mspabi_srli_11              
0000bc80  __mspabi_srli_10              
0000bc84  __mspabi_srli_9               
0000bc88  __mspabi_srli_8               
0000bc8c  __mspabi_srli_7               
0000bc90  __mspabi_srli_6               
0000bc94  __mspabi_srli_5               
0000bc98  __mspabi_srli_4               
0000bc9c  __mspabi_srli_3               
0000bca0  __mspabi_srli_2               
0000bca4  __mspabi_srli_1               
0000bcaa  __mspabi_cmpf                 
0000bcf4  __mspabi_srlll                
0000bd3a  __mspabi_sllll                
0000bd7e  __TI_auto_init_nobinit_nopinit
0000bdc0  __mspabi_divli                
0000bdc0  __mspabi_remli                
0000be00  __mspabi_sral_15              
0000be04  __mspabi_sral_14              
0000be08  __mspabi_sral_13              
0000be0c  __mspabi_sral_12              
0000be10  __mspabi_sral_11              
0000be14  __mspabi_sral_10              
0000be18  __mspabi_sral_9               
0000be1c  __mspabi_sral_8               
0000be20  __mspabi_sral_7               
0000be24  __mspabi_sral_6               
0000be28  __mspabi_sral_5               
0000be2c  __mspabi_sral_4               
0000be30  __mspabi_sral_3               
0000be34  __mspabi_sral_2               
0000be38  __mspabi_sral_1               
0000be3e  __mspabi_slll_15              
0000be42  __mspabi_slll_14              
0000be46  __mspabi_slll_13              
0000be4a  __mspabi_slll_12              
0000be4e  __mspabi_slll_11              
0000be52  __mspabi_slll_10              
0000be56  __mspabi_slll_9               
0000be5a  __mspabi_slll_8               
0000be5e  __mspabi_slll_7               
0000be62  __mspabi_slll_6               
0000be66  __mspabi_slll_5               
0000be6a  __mspabi_slll_4               
0000be6e  __mspabi_slll_3               
0000be72  __mspabi_slll_2               
0000be76  __mspabi_slll_1               
0000be7c  __mspabi_fltif                
0000beb2  vsprintf                      
0000bee6  __mspabi_subd                 
0000bf14  copysign                      
0000bf14  copysignl                     
0000bf42  sendchars                     
0000bf70  __mspabi_srai                 
0000bf7c  __mspabi_srai_15              
0000bf7e  __mspabi_srai_14              
0000bf80  __mspabi_srai_13              
0000bf82  __mspabi_srai_12              
0000bf84  __mspabi_srai_11              
0000bf86  __mspabi_srai_10              
0000bf88  __mspabi_srai_9               
0000bf8a  __mspabi_srai_8               
0000bf8c  __mspabi_srai_7               
0000bf8e  __mspabi_srai_6               
0000bf90  __mspabi_srai_5               
0000bf92  __mspabi_srai_4               
0000bf94  __mspabi_srai_3               
0000bf96  __mspabi_srai_2               
0000bf98  __mspabi_srai_1               
0000bf9c  __mspabi_divi                 
0000bf9c  __mspabi_remi                 
0000bfc8  __mspabi_slli                 
0000bfd4  __mspabi_slli_15              
0000bfd6  __mspabi_slli_14              
0000bfd8  __mspabi_slli_13              
0000bfda  __mspabi_slli_12              
0000bfdc  __mspabi_slli_11              
0000bfde  __mspabi_slli_10              
0000bfe0  __mspabi_slli_9               
0000bfe2  __mspabi_slli_8               
0000bfe4  __mspabi_slli_7               
0000bfe6  __mspabi_slli_6               
0000bfe8  __mspabi_slli_5               
0000bfea  __mspabi_slli_4               
0000bfec  __mspabi_slli_3               
0000bfee  __mspabi_slli_2               
0000bff0  __mspabi_slli_1               
0000bff4  __mspabi_negd                 
0000c01e  __mspabi_fixdi                
0000c046  __mspabi_mpyl                 
0000c046  __mspabi_mpyl_sw              
0000c06c  _c_int00_noargs               
0000c088  UART_printf                   
0000c0bc  memccpy                       
0000c0d6  strchr                        
0000c0f0  __mspabi_divu                 
0000c0f0  __mspabi_remu                 
0000c106  __TI_zero_init_nomemset       
0000c11a  memset                        
0000c12e  __mspabi_mpyi                 
0000c12e  __mspabi_mpyi_sw              
0000c142  wcslen                        
0000c168  __TI_decompress_none          
0000c17a  __mspabi_srll                 
0000c18c  memcpy                        
0000c19e  __mspabi_sral                 
0000c1ae  __mspabi_slll                 
0000c1be  __mspabi_func_epilog_7        
0000c1c0  __mspabi_func_epilog_6        
0000c1c2  __mspabi_func_epilog_5        
0000c1c4  __mspabi_func_epilog_4        
0000c1c6  __mspabi_func_epilog_3        
0000c1c8  __mspabi_func_epilog_2        
0000c1ca  __mspabi_func_epilog_1        
0000c1ce  strlen                        
0000c1dc  __mspabi_fltid                
0000c1e8  toupper                       
0000c1f4  abs                           
0000c1fe  __TI_ISR_TRAP                 
0000c206  C$$EXIT                       
0000c206  abort                         
0000c20c  _system_pre_init              
0000c210  _system_post_cinit            
0000c212  _ctypes_                      
0000c35a  __TI_Handler_Table_Base       
0000c360  __TI_Handler_Table_Limit      
0000c364  __TI_CINIT_Base               
0000c36c  __TI_CINIT_Limit              
0000ffe4  __TI_int02                    
0000ffe6  __TI_int03                    
0000ffea  __TI_int05                    
0000ffec  __TI_int06                    
0000ffee  __TI_int07                    
0000fff0  __TI_int08                    
0000fff2  __TI_int09                    
0000fff4  __TI_int10                    
0000fff8  __TI_int12                    
0000fffa  __TI_int13                    
0000fffc  __TI_int14                    
0000fffe  _reset_vector                 
ffffffff  __TI_pprof_out_hndl           
ffffffff  __TI_prof_data_size           
ffffffff  __TI_prof_data_start          
ffffffff  __c_args__                    

[318 symbols]
