<?xml version="1.0" encoding="ISO-8859-1" ?>
<link_info>
   <banner>MSP430 Linker PC v18.1.1.LTS</banner>
   <copyright>Copyright (c) 2003-2017 Texas Instruments Incorporated</copyright>
   <link_time>0x5b7726a3</link_time>
   <link_errors>0x0</link_errors>
   <output_file>Lab1.out</output_file>
   <entry_point>
      <name>_c_int00_noargs</name>
      <address>0xc06c</address>
   </entry_point>
   <input_file_list>
      <input_file id="fl-2">
         <path>.\</path>
         <kind>object</kind>
         <file>UARTFuncs.obj</file>
         <name>UARTFuncs.obj</name>
      </input_file>
      <input_file id="fl-3">
         <path>.\</path>
         <kind>object</kind>
         <file>user_Lab1ex3.obj</file>
         <name>user_Lab1ex3.obj</name>
      </input_file>
      <input_file id="fl-8">
         <kind>object</kind>
         <file>&lt;internal&gt;</file>
         <name>&lt;internal&gt;</name>
      </input_file>
      <input_file id="fl-1e">
         <path>C:\CCStudio_v8\ccsv8\tools\compiler\ti-cgt-msp430_18.1.1.LTS\lib\</path>
         <kind>archive</kind>
         <file>rts430_eabi.lib</file>
         <name>asr16.asm.obj</name>
      </input_file>
      <input_file id="fl-1f">
         <path>C:\CCStudio_v8\ccsv8\tools\compiler\ti-cgt-msp430_18.1.1.LTS\lib\</path>
         <kind>archive</kind>
         <file>rts430_eabi.lib</file>
         <name>div16s.asm.obj</name>
      </input_file>
      <input_file id="fl-20">
         <path>C:\CCStudio_v8\ccsv8\tools\compiler\ti-cgt-msp430_18.1.1.LTS\lib\</path>
         <kind>archive</kind>
         <file>rts430_eabi.lib</file>
         <name>div16u.asm.obj</name>
      </input_file>
      <input_file id="fl-21">
         <path>C:\CCStudio_v8\ccsv8\tools\compiler\ti-cgt-msp430_18.1.1.LTS\lib\</path>
         <kind>archive</kind>
         <file>rts430_eabi.lib</file>
         <name>epilog.asm.obj</name>
      </input_file>
      <input_file id="fl-22">
         <path>C:\CCStudio_v8\ccsv8\tools\compiler\ti-cgt-msp430_18.1.1.LTS\lib\</path>
         <kind>archive</kind>
         <file>rts430_eabi.lib</file>
         <name>fs_add.asm.obj</name>
      </input_file>
      <input_file id="fl-23">
         <path>C:\CCStudio_v8\ccsv8\tools\compiler\ti-cgt-msp430_18.1.1.LTS\lib\</path>
         <kind>archive</kind>
         <file>rts430_eabi.lib</file>
         <name>fs_cmp.asm.obj</name>
      </input_file>
      <input_file id="fl-24">
         <path>C:\CCStudio_v8\ccsv8\tools\compiler\ti-cgt-msp430_18.1.1.LTS\lib\</path>
         <kind>archive</kind>
         <file>rts430_eabi.lib</file>
         <name>fs_itof.asm.obj</name>
      </input_file>
      <input_file id="fl-25">
         <path>C:\CCStudio_v8\ccsv8\tools\compiler\ti-cgt-msp430_18.1.1.LTS\lib\</path>
         <kind>archive</kind>
         <file>rts430_eabi.lib</file>
         <name>fs_mpy.asm.obj</name>
      </input_file>
      <input_file id="fl-26">
         <path>C:\CCStudio_v8\ccsv8\tools\compiler\ti-cgt-msp430_18.1.1.LTS\lib\</path>
         <kind>archive</kind>
         <file>rts430_eabi.lib</file>
         <name>fs_toi.asm.obj</name>
      </input_file>
      <input_file id="fl-27">
         <path>C:\CCStudio_v8\ccsv8\tools\compiler\ti-cgt-msp430_18.1.1.LTS\lib\</path>
         <kind>archive</kind>
         <file>rts430_eabi.lib</file>
         <name>int02.asm.obj</name>
      </input_file>
      <input_file id="fl-28">
         <path>C:\CCStudio_v8\ccsv8\tools\compiler\ti-cgt-msp430_18.1.1.LTS\lib\</path>
         <kind>archive</kind>
         <file>rts430_eabi.lib</file>
         <name>int05.asm.obj</name>
      </input_file>
      <input_file id="fl-29">
         <path>C:\CCStudio_v8\ccsv8\tools\compiler\ti-cgt-msp430_18.1.1.LTS\lib\</path>
         <kind>archive</kind>
         <file>rts430_eabi.lib</file>
         <name>int08.asm.obj</name>
      </input_file>
      <input_file id="fl-2a">
         <path>C:\CCStudio_v8\ccsv8\tools\compiler\ti-cgt-msp430_18.1.1.LTS\lib\</path>
         <kind>archive</kind>
         <file>rts430_eabi.lib</file>
         <name>int10.asm.obj</name>
      </input_file>
      <input_file id="fl-2b">
         <path>C:\CCStudio_v8\ccsv8\tools\compiler\ti-cgt-msp430_18.1.1.LTS\lib\</path>
         <kind>archive</kind>
         <file>rts430_eabi.lib</file>
         <name>int12.asm.obj</name>
      </input_file>
      <input_file id="fl-2c">
         <path>C:\CCStudio_v8\ccsv8\tools\compiler\ti-cgt-msp430_18.1.1.LTS\lib\</path>
         <kind>archive</kind>
         <file>rts430_eabi.lib</file>
         <name>int13.asm.obj</name>
      </input_file>
      <input_file id="fl-2d">
         <path>C:\CCStudio_v8\ccsv8\tools\compiler\ti-cgt-msp430_18.1.1.LTS\lib\</path>
         <kind>archive</kind>
         <file>rts430_eabi.lib</file>
         <name>int14.asm.obj</name>
      </input_file>
      <input_file id="fl-2e">
         <path>C:\CCStudio_v8\ccsv8\tools\compiler\ti-cgt-msp430_18.1.1.LTS\lib\</path>
         <kind>archive</kind>
         <file>rts430_eabi.lib</file>
         <name>isr_trap.asm.obj</name>
      </input_file>
      <input_file id="fl-2f">
         <path>C:\CCStudio_v8\ccsv8\tools\compiler\ti-cgt-msp430_18.1.1.LTS\lib\</path>
         <kind>archive</kind>
         <file>rts430_eabi.lib</file>
         <name>lsl16.asm.obj</name>
      </input_file>
      <input_file id="fl-30">
         <path>C:\CCStudio_v8\ccsv8\tools\compiler\ti-cgt-msp430_18.1.1.LTS\lib\</path>
         <kind>archive</kind>
         <file>rts430_eabi.lib</file>
         <name>lsl32.asm.obj</name>
      </input_file>
      <input_file id="fl-31">
         <path>C:\CCStudio_v8\ccsv8\tools\compiler\ti-cgt-msp430_18.1.1.LTS\lib\</path>
         <kind>archive</kind>
         <file>rts430_eabi.lib</file>
         <name>lsr16.asm.obj</name>
      </input_file>
      <input_file id="fl-32">
         <path>C:\CCStudio_v8\ccsv8\tools\compiler\ti-cgt-msp430_18.1.1.LTS\lib\</path>
         <kind>archive</kind>
         <file>rts430_eabi.lib</file>
         <name>lsr32.asm.obj</name>
      </input_file>
      <input_file id="fl-33">
         <path>C:\CCStudio_v8\ccsv8\tools\compiler\ti-cgt-msp430_18.1.1.LTS\lib\</path>
         <kind>archive</kind>
         <file>rts430_eabi.lib</file>
         <name>boot.c.obj</name>
      </input_file>
      <input_file id="fl-34">
         <path>C:\CCStudio_v8\ccsv8\tools\compiler\ti-cgt-msp430_18.1.1.LTS\lib\</path>
         <kind>archive</kind>
         <file>rts430_eabi.lib</file>
         <name>autoinit.c.obj</name>
      </input_file>
      <input_file id="fl-35">
         <path>C:\CCStudio_v8\ccsv8\tools\compiler\ti-cgt-msp430_18.1.1.LTS\lib\</path>
         <kind>archive</kind>
         <file>rts430_eabi.lib</file>
         <name>copy_zero_init.c.obj</name>
      </input_file>
      <input_file id="fl-36">
         <path>C:\CCStudio_v8\ccsv8\tools\compiler\ti-cgt-msp430_18.1.1.LTS\lib\</path>
         <kind>archive</kind>
         <file>rts430_eabi.lib</file>
         <name>cpy_tbl.c.obj</name>
      </input_file>
      <input_file id="fl-37">
         <path>C:\CCStudio_v8\ccsv8\tools\compiler\ti-cgt-msp430_18.1.1.LTS\lib\</path>
         <kind>archive</kind>
         <file>rts430_eabi.lib</file>
         <name>mpu_init.c.obj</name>
      </input_file>
      <input_file id="fl-38">
         <path>C:\CCStudio_v8\ccsv8\tools\compiler\ti-cgt-msp430_18.1.1.LTS\lib\</path>
         <kind>archive</kind>
         <file>rts430_eabi.lib</file>
         <name>pre_init.c.obj</name>
      </input_file>
      <input_file id="fl-39">
         <path>C:\CCStudio_v8\ccsv8\tools\compiler\ti-cgt-msp430_18.1.1.LTS\lib\</path>
         <kind>archive</kind>
         <file>rts430_eabi.lib</file>
         <name>startup.c.obj</name>
      </input_file>
      <input_file id="fl-3a">
         <path>C:\CCStudio_v8\ccsv8\tools\compiler\ti-cgt-msp430_18.1.1.LTS\lib\</path>
         <kind>archive</kind>
         <file>rts430_eabi.lib</file>
         <name>copy_decompress_none.c.obj</name>
      </input_file>
      <input_file id="fl-3b">
         <path>C:\CCStudio_v8\ccsv8\tools\compiler\ti-cgt-msp430_18.1.1.LTS\lib\</path>
         <kind>archive</kind>
         <file>rts430_eabi.lib</file>
         <name>copy_decompress_lzss.c.obj</name>
      </input_file>
      <input_file id="fl-3c">
         <path>C:\CCStudio_v8\ccsv8\tools\compiler\ti-cgt-msp430_18.1.1.LTS\lib\</path>
         <kind>archive</kind>
         <file>rts430_eabi.lib</file>
         <name>divd.c.obj</name>
      </input_file>
      <input_file id="fl-3d">
         <path>C:\CCStudio_v8\ccsv8\tools\compiler\ti-cgt-msp430_18.1.1.LTS\lib\</path>
         <kind>archive</kind>
         <file>rts430_eabi.lib</file>
         <name>fltuld.c.obj</name>
      </input_file>
      <input_file id="fl-3e">
         <path>C:\CCStudio_v8\ccsv8\tools\compiler\ti-cgt-msp430_18.1.1.LTS\lib\</path>
         <kind>archive</kind>
         <file>rts430_eabi.lib</file>
         <name>frcdivd.c.obj</name>
      </input_file>
      <input_file id="fl-3f">
         <path>C:\CCStudio_v8\ccsv8\tools\compiler\ti-cgt-msp430_18.1.1.LTS\lib\</path>
         <kind>archive</kind>
         <file>rts430_eabi.lib</file>
         <name>cvtdf.c.obj</name>
      </input_file>
      <input_file id="fl-40">
         <path>C:\CCStudio_v8\ccsv8\tools\compiler\ti-cgt-msp430_18.1.1.LTS\lib\</path>
         <kind>archive</kind>
         <file>rts430_eabi.lib</file>
         <name>exit.c.obj</name>
      </input_file>
      <input_file id="fl-41">
         <path>C:\CCStudio_v8\ccsv8\tools\compiler\ti-cgt-msp430_18.1.1.LTS\lib\</path>
         <kind>archive</kind>
         <file>rts430_eabi.lib</file>
         <name>_lock.c.obj</name>
      </input_file>
      <input_file id="fl-42">
         <path>C:\CCStudio_v8\ccsv8\tools\compiler\ti-cgt-msp430_18.1.1.LTS\lib\</path>
         <kind>archive</kind>
         <file>rts430_eabi.lib</file>
         <name>args_main.c.obj</name>
      </input_file>
      <input_file id="fl-43">
         <path>C:\CCStudio_v8\ccsv8\tools\compiler\ti-cgt-msp430_18.1.1.LTS\lib\</path>
         <kind>archive</kind>
         <file>rts430_eabi.lib</file>
         <name>memcpy.c.obj</name>
      </input_file>
      <input_file id="fl-44">
         <path>C:\CCStudio_v8\ccsv8\tools\compiler\ti-cgt-msp430_18.1.1.LTS\lib\</path>
         <kind>archive</kind>
         <file>rts430_eabi.lib</file>
         <name>vsprintf.c.obj</name>
      </input_file>
      <input_file id="fl-45">
         <path>C:\CCStudio_v8\ccsv8\tools\compiler\ti-cgt-msp430_18.1.1.LTS\lib\</path>
         <kind>archive</kind>
         <file>rts430_eabi.lib</file>
         <name>asr32.asm.obj</name>
      </input_file>
      <input_file id="fl-46">
         <path>C:\CCStudio_v8\ccsv8\tools\compiler\ti-cgt-msp430_18.1.1.LTS\lib\</path>
         <kind>archive</kind>
         <file>rts430_eabi.lib</file>
         <name>mult16.asm.obj</name>
      </input_file>
      <input_file id="fl-47">
         <path>C:\CCStudio_v8\ccsv8\tools\compiler\ti-cgt-msp430_18.1.1.LTS\lib\</path>
         <kind>archive</kind>
         <file>rts430_eabi.lib</file>
         <name>mult32.asm.obj</name>
      </input_file>
      <input_file id="fl-48">
         <path>C:\CCStudio_v8\ccsv8\tools\compiler\ti-cgt-msp430_18.1.1.LTS\lib\</path>
         <kind>archive</kind>
         <file>rts430_eabi.lib</file>
         <name>exit_gvars.c.obj</name>
      </input_file>
      <input_file id="fl-49">
         <path>C:\CCStudio_v8\ccsv8\tools\compiler\ti-cgt-msp430_18.1.1.LTS\lib\</path>
         <kind>archive</kind>
         <file>rts430_eabi.lib</file>
         <name>lsr64.c.obj</name>
      </input_file>
      <input_file id="fl-4a">
         <path>C:\CCStudio_v8\ccsv8\tools\compiler\ti-cgt-msp430_18.1.1.LTS\lib\</path>
         <kind>archive</kind>
         <file>rts430_eabi.lib</file>
         <name>_printfi.c.obj</name>
      </input_file>
      <input_file id="fl-4b">
         <path>C:\CCStudio_v8\ccsv8\tools\compiler\ti-cgt-msp430_18.1.1.LTS\lib\</path>
         <kind>archive</kind>
         <file>rts430_eabi.lib</file>
         <name>atoi.c.obj</name>
      </input_file>
      <input_file id="fl-4c">
         <path>C:\CCStudio_v8\ccsv8\tools\compiler\ti-cgt-msp430_18.1.1.LTS\lib\</path>
         <kind>archive</kind>
         <file>rts430_eabi.lib</file>
         <name>ctype.c.obj</name>
      </input_file>
      <input_file id="fl-4d">
         <path>C:\CCStudio_v8\ccsv8\tools\compiler\ti-cgt-msp430_18.1.1.LTS\lib\</path>
         <kind>archive</kind>
         <file>rts430_eabi.lib</file>
         <name>ltoa.c.obj</name>
      </input_file>
      <input_file id="fl-4e">
         <path>C:\CCStudio_v8\ccsv8\tools\compiler\ti-cgt-msp430_18.1.1.LTS\lib\</path>
         <kind>archive</kind>
         <file>rts430_eabi.lib</file>
         <name>memccpy.c.obj</name>
      </input_file>
      <input_file id="fl-4f">
         <path>C:\CCStudio_v8\ccsv8\tools\compiler\ti-cgt-msp430_18.1.1.LTS\lib\</path>
         <kind>archive</kind>
         <file>rts430_eabi.lib</file>
         <name>memset.c.obj</name>
      </input_file>
      <input_file id="fl-50">
         <path>C:\CCStudio_v8\ccsv8\tools\compiler\ti-cgt-msp430_18.1.1.LTS\lib\</path>
         <kind>archive</kind>
         <file>rts430_eabi.lib</file>
         <name>strchr.c.obj</name>
      </input_file>
      <input_file id="fl-51">
         <path>C:\CCStudio_v8\ccsv8\tools\compiler\ti-cgt-msp430_18.1.1.LTS\lib\</path>
         <kind>archive</kind>
         <file>rts430_eabi.lib</file>
         <name>strlen.c.obj</name>
      </input_file>
      <input_file id="fl-52">
         <path>C:\CCStudio_v8\ccsv8\tools\compiler\ti-cgt-msp430_18.1.1.LTS\lib\</path>
         <kind>archive</kind>
         <file>rts430_eabi.lib</file>
         <name>toupper.c.obj</name>
      </input_file>
      <input_file id="fl-53">
         <path>C:\CCStudio_v8\ccsv8\tools\compiler\ti-cgt-msp430_18.1.1.LTS\lib\</path>
         <kind>archive</kind>
         <file>rts430_eabi.lib</file>
         <name>wcslen.c.obj</name>
      </input_file>
      <input_file id="fl-54">
         <path>C:\CCStudio_v8\ccsv8\tools\compiler\ti-cgt-msp430_18.1.1.LTS\lib\</path>
         <kind>archive</kind>
         <file>rts430_eabi.lib</file>
         <name>s_frexp.c.obj</name>
      </input_file>
      <input_file id="fl-55">
         <path>C:\CCStudio_v8\ccsv8\tools\compiler\ti-cgt-msp430_18.1.1.LTS\lib\</path>
         <kind>archive</kind>
         <file>rts430_eabi.lib</file>
         <name>s_scalbn.c.obj</name>
      </input_file>
      <input_file id="fl-56">
         <path>C:\CCStudio_v8\ccsv8\tools\compiler\ti-cgt-msp430_18.1.1.LTS\lib\</path>
         <kind>archive</kind>
         <file>rts430_eabi.lib</file>
         <name>s_copysign.c.obj</name>
      </input_file>
      <input_file id="fl-57">
         <path>C:\CCStudio_v8\ccsv8\tools\compiler\ti-cgt-msp430_18.1.1.LTS\lib\</path>
         <kind>archive</kind>
         <file>rts430_eabi.lib</file>
         <name>div32s.asm.obj</name>
      </input_file>
      <input_file id="fl-58">
         <path>C:\CCStudio_v8\ccsv8\tools\compiler\ti-cgt-msp430_18.1.1.LTS\lib\</path>
         <kind>archive</kind>
         <file>rts430_eabi.lib</file>
         <name>div32u.asm.obj</name>
      </input_file>
      <input_file id="fl-59">
         <path>C:\CCStudio_v8\ccsv8\tools\compiler\ti-cgt-msp430_18.1.1.LTS\lib\</path>
         <kind>archive</kind>
         <file>rts430_eabi.lib</file>
         <name>div64u.c.obj</name>
      </input_file>
      <input_file id="fl-5a">
         <path>C:\CCStudio_v8\ccsv8\tools\compiler\ti-cgt-msp430_18.1.1.LTS\lib\</path>
         <kind>archive</kind>
         <file>rts430_eabi.lib</file>
         <name>addd.c.obj</name>
      </input_file>
      <input_file id="fl-5b">
         <path>C:\CCStudio_v8\ccsv8\tools\compiler\ti-cgt-msp430_18.1.1.LTS\lib\</path>
         <kind>archive</kind>
         <file>rts430_eabi.lib</file>
         <name>cmpd.c.obj</name>
      </input_file>
      <input_file id="fl-5c">
         <path>C:\CCStudio_v8\ccsv8\tools\compiler\ti-cgt-msp430_18.1.1.LTS\lib\</path>
         <kind>archive</kind>
         <file>rts430_eabi.lib</file>
         <name>fixdi.c.obj</name>
      </input_file>
      <input_file id="fl-5d">
         <path>C:\CCStudio_v8\ccsv8\tools\compiler\ti-cgt-msp430_18.1.1.LTS\lib\</path>
         <kind>archive</kind>
         <file>rts430_eabi.lib</file>
         <name>fixdli.c.obj</name>
      </input_file>
      <input_file id="fl-5e">
         <path>C:\CCStudio_v8\ccsv8\tools\compiler\ti-cgt-msp430_18.1.1.LTS\lib\</path>
         <kind>archive</kind>
         <file>rts430_eabi.lib</file>
         <name>fltid.c.obj</name>
      </input_file>
      <input_file id="fl-5f">
         <path>C:\CCStudio_v8\ccsv8\tools\compiler\ti-cgt-msp430_18.1.1.LTS\lib\</path>
         <kind>archive</kind>
         <file>rts430_eabi.lib</file>
         <name>fltlid.c.obj</name>
      </input_file>
      <input_file id="fl-60">
         <path>C:\CCStudio_v8\ccsv8\tools\compiler\ti-cgt-msp430_18.1.1.LTS\lib\</path>
         <kind>archive</kind>
         <file>rts430_eabi.lib</file>
         <name>frcaddd.c.obj</name>
      </input_file>
      <input_file id="fl-61">
         <path>C:\CCStudio_v8\ccsv8\tools\compiler\ti-cgt-msp430_18.1.1.LTS\lib\</path>
         <kind>archive</kind>
         <file>rts430_eabi.lib</file>
         <name>mpyd.c.obj</name>
      </input_file>
      <input_file id="fl-62">
         <path>C:\CCStudio_v8\ccsv8\tools\compiler\ti-cgt-msp430_18.1.1.LTS\lib\</path>
         <kind>archive</kind>
         <file>rts430_eabi.lib</file>
         <name>negd.c.obj</name>
      </input_file>
      <input_file id="fl-63">
         <path>C:\CCStudio_v8\ccsv8\tools\compiler\ti-cgt-msp430_18.1.1.LTS\lib\</path>
         <kind>archive</kind>
         <file>rts430_eabi.lib</file>
         <name>renormd.c.obj</name>
      </input_file>
      <input_file id="fl-64">
         <path>C:\CCStudio_v8\ccsv8\tools\compiler\ti-cgt-msp430_18.1.1.LTS\lib\</path>
         <kind>archive</kind>
         <file>rts430_eabi.lib</file>
         <name>subd.c.obj</name>
      </input_file>
      <input_file id="fl-65">
         <path>C:\CCStudio_v8\ccsv8\tools\compiler\ti-cgt-msp430_18.1.1.LTS\lib\</path>
         <kind>archive</kind>
         <file>rts430_eabi.lib</file>
         <name>errno.c.obj</name>
      </input_file>
      <input_file id="fl-66">
         <path>C:\CCStudio_v8\ccsv8\tools\compiler\ti-cgt-msp430_18.1.1.LTS\lib\</path>
         <kind>archive</kind>
         <file>rts430_eabi.lib</file>
         <name>abs.c.obj</name>
      </input_file>
      <input_file id="fl-67">
         <path>C:\CCStudio_v8\ccsv8\tools\compiler\ti-cgt-msp430_18.1.1.LTS\lib\</path>
         <kind>archive</kind>
         <file>rts430_eabi.lib</file>
         <name>lsl64.c.obj</name>
      </input_file>
      <input_file id="fl-68">
         <path>C:\CCStudio_v8\ccsv8\tools\compiler\ti-cgt-msp430_18.1.1.LTS\lib\</path>
         <kind>archive</kind>
         <file>rts430_eabi.lib</file>
         <name>frcmpyd.c.obj</name>
      </input_file>
   </input_file_list>
   <object_component_list>
      <object_component id="oc-149">
         <name>.common:txbuff</name>
         <uninitialized>true</uninitialized>
         <run_address>0x234</run_address>
         <size>0x34</size>
      </object_component>
      <object_component id="oc-14e">
         <name>.common:rxbuff</name>
         <uninitialized>true</uninitialized>
         <run_address>0x200</run_address>
         <size>0x34</size>
      </object_component>
      <object_component id="oc-14c">
         <name>.common:printbuff</name>
         <uninitialized>true</uninitialized>
         <run_address>0x268</run_address>
         <size>0x1a</size>
      </object_component>
      <object_component id="oc-146">
         <name>.data</name>
         <load_address>0x298</load_address>
         <run_address>0x298</run_address>
         <size>0x6</size>
         <input_file_ref idref="fl-2"/>
      </object_component>
      <object_component id="oc-142">
         <name>.data</name>
         <load_address>0x282</load_address>
         <run_address>0x282</run_address>
         <size>0x16</size>
         <input_file_ref idref="fl-3"/>
      </object_component>
      <object_component id="oc-341">
         <name>.data</name>
         <load_address>0x29e</load_address>
         <run_address>0x29e</run_address>
         <size>0x2</size>
         <input_file_ref idref="fl-65"/>
      </object_component>
      <object_component id="oc-a4">
         <name>.stack</name>
         <uninitialized>true</uninitialized>
         <run_address>0x5b0</run_address>
         <size>0x2</size>
         <input_file_ref idref="fl-33"/>
      </object_component>
      <object_component id="oc-502">
         <name>.stack</name>
         <uninitialized>true</uninitialized>
         <run_address>0x5b0</run_address>
         <size>0x0</size>
      </object_component>
      <object_component id="oc-26b">
         <name>.text:__TI_frcdivd</name>
         <load_address>0x8000</load_address>
         <run_address>0x8000</run_address>
         <size>0x478</size>
         <input_file_ref idref="fl-3e"/>
      </object_component>
      <object_component id="oc-3af">
         <name>.text:__mspabi_divull</name>
         <load_address>0x8478</load_address>
         <run_address>0x8478</run_address>
         <size>0x360</size>
         <input_file_ref idref="fl-59"/>
      </object_component>
      <object_component id="oc-473">
         <name>.text:__mspabi_addd</name>
         <load_address>0x87d8</load_address>
         <run_address>0x87d8</run_address>
         <size>0x2fa</size>
         <input_file_ref idref="fl-5a"/>
      </object_component>
      <object_component id="oc-292">
         <name>.text:__TI_printfi</name>
         <load_address>0x8ad2</load_address>
         <run_address>0x8ad2</run_address>
         <size>0x288</size>
         <input_file_ref idref="fl-4a"/>
      </object_component>
      <object_component id="oc-443">
         <name>.text:__TI_frcmpyd</name>
         <load_address>0x8d5a</load_address>
         <run_address>0x8d5a</run_address>
         <size>0x286</size>
         <input_file_ref idref="fl-68"/>
      </object_component>
      <object_component id="oc-3e4">
         <name>.text:__mspabi_mpyd</name>
         <load_address>0x8fe0</load_address>
         <run_address>0x8fe0</run_address>
         <size>0x26e</size>
         <input_file_ref idref="fl-61"/>
      </object_component>
      <object_component id="oc-497">
         <name>.text:__TI_frcaddd</name>
         <load_address>0x924e</load_address>
         <run_address>0x924e</run_address>
         <size>0x260</size>
         <input_file_ref idref="fl-60"/>
      </object_component>
      <object_component id="oc-2eb">
         <name>.text:_setfield</name>
         <load_address>0x94ae</load_address>
         <run_address>0x94ae</run_address>
         <size>0x252</size>
         <input_file_ref idref="fl-4a"/>
      </object_component>
      <object_component id="oc-3f1">
         <name>.text:acvt</name>
         <load_address>0x9700</load_address>
         <run_address>0x9700</run_address>
         <size>0x244</size>
         <input_file_ref idref="fl-4a"/>
      </object_component>
      <object_component id="oc-1ef">
         <name>.text:__mspabi_divd</name>
         <load_address>0x9944</load_address>
         <run_address>0x9944</run_address>
         <size>0x238</size>
         <input_file_ref idref="fl-3c"/>
      </object_component>
      <object_component id="oc-32d">
         <name>.text:_pproc_fgea</name>
         <load_address>0x9b7c</load_address>
         <run_address>0x9b7c</run_address>
         <size>0x224</size>
         <input_file_ref idref="fl-4a"/>
      </object_component>
      <object_component id="oc-35f">
         <name>.text:_getarg_diouxp</name>
         <load_address>0x9da0</load_address>
         <run_address>0x9da0</run_address>
         <size>0x1ec</size>
         <input_file_ref idref="fl-4a"/>
      </object_component>
      <object_component id="oc-3c4">
         <name>.text:ecvt</name>
         <load_address>0x9f8c</load_address>
         <run_address>0x9f8c</run_address>
         <size>0x1de</size>
         <input_file_ref idref="fl-4a"/>
      </object_component>
      <object_component id="oc-3d7">
         <name>.text:fcvt</name>
         <load_address>0xa16a</load_address>
         <run_address>0xa16a</run_address>
         <size>0x1c4</size>
         <input_file_ref idref="fl-4a"/>
      </object_component>
      <object_component id="oc-384">
         <name>.text:_pconv_e</name>
         <load_address>0xa32e</load_address>
         <run_address>0xa32e</run_address>
         <size>0x1a6</size>
         <input_file_ref idref="fl-4a"/>
      </object_component>
      <object_component id="oc-38a">
         <name>.text:_pconv_a</name>
         <load_address>0xa4d4</load_address>
         <run_address>0xa4d4</run_address>
         <size>0x174</size>
         <input_file_ref idref="fl-4a"/>
      </object_component>
      <object_component id="oc-452">
         <name>.text:scalbn</name>
         <load_address>0xa648</load_address>
         <run_address>0xa648</run_address>
         <size>0x16a</size>
         <input_file_ref idref="fl-55"/>
      </object_component>
      <object_component id="oc-327">
         <name>.text:_pproc_diouxp</name>
         <load_address>0xa7b2</load_address>
         <run_address>0xa7b2</run_address>
         <size>0x14c</size>
         <input_file_ref idref="fl-4a"/>
      </object_component>
      <object_component id="oc-20f">
         <name>.text</name>
         <load_address>0xa8fe</load_address>
         <run_address>0xa8fe</run_address>
         <size>0x132</size>
         <input_file_ref idref="fl-22"/>
      </object_component>
      <object_component id="oc-365">
         <name>.text:_ltostr</name>
         <load_address>0xaa30</load_address>
         <run_address>0xaa30</run_address>
         <size>0x12e</size>
         <input_file_ref idref="fl-4a"/>
      </object_component>
      <object_component id="oc-197">
         <name>.text:Init_UART</name>
         <load_address>0xab5e</load_address>
         <run_address>0xab5e</run_address>
         <size>0x120</size>
         <input_file_ref idref="fl-2"/>
      </object_component>
      <object_component id="oc-378">
         <name>.text:_pconv_g</name>
         <load_address>0xac7e</load_address>
         <run_address>0xac7e</run_address>
         <size>0xf8</size>
         <input_file_ref idref="fl-4a"/>
      </object_component>
      <object_component id="oc-2e5">
         <name>.text:_pproc_fwp</name>
         <load_address>0xad76</load_address>
         <run_address>0xad76</run_address>
         <size>0xf8</size>
         <input_file_ref idref="fl-4a"/>
      </object_component>
      <object_component id="oc-390">
         <name>.text:__mspabi_cmpd</name>
         <load_address>0xae6e</load_address>
         <run_address>0xae6e</run_address>
         <size>0xdc</size>
         <input_file_ref idref="fl-5b"/>
      </object_component>
      <object_component id="oc-15f">
         <name>.text:main</name>
         <load_address>0xaf4a</load_address>
         <run_address>0xaf4a</run_address>
         <size>0xd8</size>
         <input_file_ref idref="fl-3"/>
      </object_component>
      <object_component id="oc-2f7">
         <name>.text:_pproc_wstr</name>
         <load_address>0xb022</load_address>
         <run_address>0xb022</run_address>
         <size>0xc4</size>
         <input_file_ref idref="fl-4a"/>
      </object_component>
      <object_component id="oc-200">
         <name>.text</name>
         <load_address>0xb0e6</load_address>
         <run_address>0xb0e6</run_address>
         <size>0xc4</size>
         <input_file_ref idref="fl-25"/>
      </object_component>
      <object_component id="oc-4b0">
         <name>.text:__TI_renormd</name>
         <load_address>0xb1aa</load_address>
         <run_address>0xb1aa</run_address>
         <size>0xbe</size>
         <input_file_ref idref="fl-63"/>
      </object_component>
      <object_component id="oc-3eb">
         <name>.text:frexp</name>
         <load_address>0xb268</load_address>
         <run_address>0xb268</run_address>
         <size>0xb0</size>
         <input_file_ref idref="fl-54"/>
      </object_component>
      <object_component id="oc-426">
         <name>.text:__mspabi_fltlid</name>
         <load_address>0xb318</load_address>
         <run_address>0xb318</run_address>
         <size>0xac</size>
         <input_file_ref idref="fl-5f"/>
      </object_component>
      <object_component id="oc-2f1">
         <name>.text:_pproc_str</name>
         <load_address>0xb3c4</load_address>
         <run_address>0xb3c4</run_address>
         <size>0xac</size>
         <input_file_ref idref="fl-4a"/>
      </object_component>
      <object_component id="oc-3d0">
         <name>.text:_mcpy</name>
         <load_address>0xb470</load_address>
         <run_address>0xb470</run_address>
         <size>0x92</size>
         <input_file_ref idref="fl-4a"/>
      </object_component>
      <object_component id="oc-e6">
         <name>.text:Timer_A</name>
         <load_address>0xb502</load_address>
         <run_address>0xb502</run_address>
         <size>0x90</size>
         <input_file_ref idref="fl-3"/>
      </object_component>
      <object_component id="oc-3ca">
         <name>.text:_ecpy</name>
         <load_address>0xb592</load_address>
         <run_address>0xb592</run_address>
         <size>0x8e</size>
         <input_file_ref idref="fl-4a"/>
      </object_component>
      <object_component id="oc-1f5">
         <name>.text:__mspabi_cvtdf</name>
         <load_address>0xb620</load_address>
         <run_address>0xb620</run_address>
         <size>0x8c</size>
         <input_file_ref idref="fl-3f"/>
      </object_component>
      <object_component id="oc-1e9">
         <name>.text:__mspabi_fltuld</name>
         <load_address>0xb6ac</load_address>
         <run_address>0xb6ac</run_address>
         <size>0x8a</size>
         <input_file_ref idref="fl-3d"/>
      </object_component>
      <object_component id="oc-d4">
         <name>.text:Port_2</name>
         <load_address>0xb736</load_address>
         <run_address>0xb736</run_address>
         <size>0x88</size>
         <input_file_ref idref="fl-3"/>
      </object_component>
      <object_component id="oc-420">
         <name>.text:ltoa</name>
         <load_address>0xb7be</load_address>
         <run_address>0xb7be</run_address>
         <size>0x84</size>
         <input_file_ref idref="fl-4d"/>
      </object_component>
      <object_component id="oc-da">
         <name>.text:USCI0TX_ISR</name>
         <load_address>0xb842</load_address>
         <run_address>0xb842</run_address>
         <size>0x82</size>
         <input_file_ref idref="fl-3"/>
      </object_component>
      <object_component id="oc-2e">
         <name>.text:decompress:lzss:__TI_decompress_lzss</name>
         <load_address>0xb8c4</load_address>
         <run_address>0xb8c4</run_address>
         <size>0x7c</size>
         <input_file_ref idref="fl-3b"/>
      </object_component>
      <object_component id="oc-37e">
         <name>.text:_pconv_f</name>
         <load_address>0xb940</load_address>
         <run_address>0xb940</run_address>
         <size>0x7a</size>
         <input_file_ref idref="fl-4a"/>
      </object_component>
      <object_component id="oc-e0">
         <name>.text:USCI0RX_ISR</name>
         <load_address>0xb9ba</load_address>
         <run_address>0xb9ba</run_address>
         <size>0x76</size>
         <input_file_ref idref="fl-3"/>
      </object_component>
      <object_component id="oc-41a">
         <name>.text:__mspabi_fixdli</name>
         <load_address>0xba30</load_address>
         <run_address>0xba30</run_address>
         <size>0x72</size>
         <input_file_ref idref="fl-5d"/>
      </object_component>
      <object_component id="oc-205">
         <name>.text</name>
         <load_address>0xbaa2</load_address>
         <run_address>0xbaa2</run_address>
         <size>0x68</size>
         <input_file_ref idref="fl-26"/>
      </object_component>
      <object_component id="oc-264">
         <name>.text:l_lsr_const</name>
         <load_address>0xbb0a</load_address>
         <run_address>0xbb0a</run_address>
         <size>0x5c</size>
         <input_file_ref idref="fl-32"/>
      </object_component>
      <object_component id="oc-3b5">
         <name>.text</name>
         <load_address>0xbb66</load_address>
         <run_address>0xbb66</run_address>
         <size>0x58</size>
         <input_file_ref idref="fl-58"/>
      </object_component>
      <object_component id="oc-31f">
         <name>.text:atoi</name>
         <load_address>0xbbbe</load_address>
         <run_address>0xbbbe</run_address>
         <size>0x52</size>
         <input_file_ref idref="fl-4b"/>
      </object_component>
      <object_component id="oc-3dd">
         <name>.text:_fcpy</name>
         <load_address>0xbc10</load_address>
         <run_address>0xbc10</run_address>
         <size>0x4e</size>
         <input_file_ref idref="fl-4a"/>
      </object_component>
      <object_component id="oc-ad">
         <name>.text</name>
         <load_address>0xbc5e</load_address>
         <run_address>0xbc5e</run_address>
         <size>0x4c</size>
         <input_file_ref idref="fl-31"/>
      </object_component>
      <object_component id="oc-1fb">
         <name>.text</name>
         <load_address>0xbcaa</load_address>
         <run_address>0xbcaa</run_address>
         <size>0x4a</size>
         <input_file_ref idref="fl-23"/>
      </object_component>
      <object_component id="oc-3ba">
         <name>.text:__mspabi_srlll</name>
         <load_address>0xbcf4</load_address>
         <run_address>0xbcf4</run_address>
         <size>0x46</size>
         <input_file_ref idref="fl-49"/>
      </object_component>
      <object_component id="oc-409">
         <name>.text:__mspabi_sllll</name>
         <load_address>0xbd3a</load_address>
         <run_address>0xbd3a</run_address>
         <size>0x44</size>
         <input_file_ref idref="fl-67"/>
      </object_component>
      <object_component id="oc-1b1">
         <name>.text:__TI_auto_init_nobinit_nopinit:__TI_auto_init_nobinit_nopinit</name>
         <load_address>0xbd7e</load_address>
         <run_address>0xbd7e</run_address>
         <size>0x42</size>
         <input_file_ref idref="fl-34"/>
      </object_component>
      <object_component id="oc-46a">
         <name>.text</name>
         <load_address>0xbdc0</load_address>
         <run_address>0xbdc0</run_address>
         <size>0x40</size>
         <input_file_ref idref="fl-57"/>
      </object_component>
      <object_component id="oc-2d1">
         <name>.text:l_asr_const</name>
         <load_address>0xbe00</load_address>
         <run_address>0xbe00</run_address>
         <size>0x3e</size>
         <input_file_ref idref="fl-45"/>
      </object_component>
      <object_component id="oc-25f">
         <name>.text:l_lsl_const</name>
         <load_address>0xbe3e</load_address>
         <run_address>0xbe3e</run_address>
         <size>0x3e</size>
         <input_file_ref idref="fl-30"/>
      </object_component>
      <object_component id="oc-20a">
         <name>.text</name>
         <load_address>0xbe7c</load_address>
         <run_address>0xbe7c</run_address>
         <size>0x36</size>
         <input_file_ref idref="fl-24"/>
      </object_component>
      <object_component id="oc-21f">
         <name>.text:vsprintf</name>
         <load_address>0xbeb2</load_address>
         <run_address>0xbeb2</run_address>
         <size>0x34</size>
         <input_file_ref idref="fl-44"/>
      </object_component>
      <object_component id="oc-42c">
         <name>.text:__mspabi_subd</name>
         <load_address>0xbee6</load_address>
         <run_address>0xbee6</run_address>
         <size>0x2e</size>
         <input_file_ref idref="fl-64"/>
      </object_component>
      <object_component id="oc-487">
         <name>.text:copysign</name>
         <load_address>0xbf14</load_address>
         <run_address>0xbf14</run_address>
         <size>0x2e</size>
         <input_file_ref idref="fl-56"/>
      </object_component>
      <object_component id="oc-225">
         <name>.text:sendchars</name>
         <load_address>0xbf42</load_address>
         <run_address>0xbf42</run_address>
         <size>0x2e</size>
         <input_file_ref idref="fl-2"/>
      </object_component>
      <object_component id="oc-214">
         <name>.text</name>
         <load_address>0xbf70</load_address>
         <run_address>0xbf70</run_address>
         <size>0x2c</size>
         <input_file_ref idref="fl-1e"/>
      </object_component>
      <object_component id="oc-219">
         <name>.text</name>
         <load_address>0xbf9c</load_address>
         <run_address>0xbf9c</run_address>
         <size>0x2c</size>
         <input_file_ref idref="fl-1f"/>
      </object_component>
      <object_component id="oc-a8">
         <name>.text</name>
         <load_address>0xbfc8</load_address>
         <run_address>0xbfc8</run_address>
         <size>0x2c</size>
         <input_file_ref idref="fl-2f"/>
      </object_component>
      <object_component id="oc-372">
         <name>.text:__mspabi_negd</name>
         <load_address>0xbff4</load_address>
         <run_address>0xbff4</run_address>
         <size>0x2a</size>
         <input_file_ref idref="fl-62"/>
      </object_component>
      <object_component id="oc-432">
         <name>.text:__mspabi_fixdi</name>
         <load_address>0xc01e</load_address>
         <run_address>0xc01e</run_address>
         <size>0x28</size>
         <input_file_ref idref="fl-5c"/>
      </object_component>
      <object_component id="oc-2cc">
         <name>.text</name>
         <load_address>0xc046</load_address>
         <run_address>0xc046</run_address>
         <size>0x26</size>
         <input_file_ref idref="fl-47"/>
      </object_component>
      <object_component id="oc-fe">
         <name>.text:_c_int00_noargs</name>
         <load_address>0xc06c</load_address>
         <run_address>0xc06c</run_address>
         <size>0x1c</size>
         <input_file_ref idref="fl-33"/>
      </object_component>
      <object_component id="oc-19e">
         <name>.text:UART_printf</name>
         <load_address>0xc088</load_address>
         <run_address>0xc088</run_address>
         <size>0x1a</size>
         <input_file_ref idref="fl-2"/>
      </object_component>
      <object_component id="oc-286">
         <name>.text:_outs</name>
         <load_address>0xc0a2</load_address>
         <run_address>0xc0a2</run_address>
         <size>0x1a</size>
         <input_file_ref idref="fl-44"/>
      </object_component>
      <object_component id="oc-333">
         <name>.text:memccpy</name>
         <load_address>0xc0bc</load_address>
         <run_address>0xc0bc</run_address>
         <size>0x1a</size>
         <input_file_ref idref="fl-4e"/>
      </object_component>
      <object_component id="oc-458">
         <name>.text:strchr</name>
         <load_address>0xc0d6</load_address>
         <run_address>0xc0d6</run_address>
         <size>0x1a</size>
         <input_file_ref idref="fl-50"/>
      </object_component>
      <object_component id="oc-280">
         <name>.text</name>
         <load_address>0xc0f0</load_address>
         <run_address>0xc0f0</run_address>
         <size>0x16</size>
         <input_file_ref idref="fl-20"/>
      </object_component>
      <object_component id="oc-ec">
         <name>.text:decompress:ZI:__TI_zero_init_nomemset:__TI_zero_init_nomemset</name>
         <load_address>0xc106</load_address>
         <run_address>0xc106</run_address>
         <size>0x14</size>
         <input_file_ref idref="fl-35"/>
      </object_component>
      <object_component id="oc-319">
         <name>.text:memset</name>
         <load_address>0xc11a</load_address>
         <run_address>0xc11a</run_address>
         <size>0x14</size>
         <input_file_ref idref="fl-4f"/>
      </object_component>
      <object_component id="oc-2bc">
         <name>.text</name>
         <load_address>0xc12e</load_address>
         <run_address>0xc12e</run_address>
         <size>0x14</size>
         <input_file_ref idref="fl-46"/>
      </object_component>
      <object_component id="oc-33b">
         <name>.text:wcslen</name>
         <load_address>0xc142</load_address>
         <run_address>0xc142</run_address>
         <size>0x14</size>
         <input_file_ref idref="fl-53"/>
      </object_component>
      <object_component id="oc-28c">
         <name>.text:_outc</name>
         <load_address>0xc156</load_address>
         <run_address>0xc156</run_address>
         <size>0x12</size>
         <input_file_ref idref="fl-44"/>
      </object_component>
      <object_component id="oc-34">
         <name>.text:decompress:none:__TI_decompress_none</name>
         <load_address>0xc168</load_address>
         <run_address>0xc168</run_address>
         <size>0x12</size>
         <input_file_ref idref="fl-3a"/>
      </object_component>
      <object_component id="oc-40f">
         <name>.text:l_lsr</name>
         <load_address>0xc17a</load_address>
         <run_address>0xc17a</run_address>
         <size>0x12</size>
         <input_file_ref idref="fl-32"/>
      </object_component>
      <object_component id="oc-c2">
         <name>.text:memcpy</name>
         <load_address>0xc18c</load_address>
         <run_address>0xc18c</run_address>
         <size>0x12</size>
         <input_file_ref idref="fl-43"/>
      </object_component>
      <object_component id="oc-4ab">
         <name>.text:l_asr</name>
         <load_address>0xc19e</load_address>
         <run_address>0xc19e</run_address>
         <size>0x10</size>
         <input_file_ref idref="fl-45"/>
      </object_component>
      <object_component id="oc-4a6">
         <name>.text:l_lsl</name>
         <load_address>0xc1ae</load_address>
         <run_address>0xc1ae</run_address>
         <size>0x10</size>
         <input_file_ref idref="fl-30"/>
      </object_component>
      <object_component id="oc-b2">
         <name>.text</name>
         <load_address>0xc1be</load_address>
         <run_address>0xc1be</run_address>
         <size>0x10</size>
         <input_file_ref idref="fl-21"/>
      </object_component>
      <object_component id="oc-2df">
         <name>.text:strlen</name>
         <load_address>0xc1ce</load_address>
         <run_address>0xc1ce</run_address>
         <size>0xe</size>
         <input_file_ref idref="fl-51"/>
      </object_component>
      <object_component id="oc-45e">
         <name>.text:__mspabi_fltid</name>
         <load_address>0xc1dc</load_address>
         <run_address>0xc1dc</run_address>
         <size>0xc</size>
         <input_file_ref idref="fl-5e"/>
      </object_component>
      <object_component id="oc-36c">
         <name>.text:toupper</name>
         <load_address>0xc1e8</load_address>
         <run_address>0xc1e8</run_address>
         <size>0xc</size>
         <input_file_ref idref="fl-52"/>
      </object_component>
      <object_component id="oc-439">
         <name>.text:abs</name>
         <load_address>0xc1f4</load_address>
         <run_address>0xc1f4</run_address>
         <size>0xa</size>
         <input_file_ref idref="fl-66"/>
      </object_component>
      <object_component id="oc-cf">
         <name>.text:_isr:__TI_ISR_TRAP</name>
         <load_address>0xc1fe</load_address>
         <run_address>0xc1fe</run_address>
         <size>0x8</size>
         <input_file_ref idref="fl-2e"/>
      </object_component>
      <object_component id="oc-1a5">
         <name>.text:abort</name>
         <load_address>0xc206</load_address>
         <run_address>0xc206</run_address>
         <size>0x6</size>
         <input_file_ref idref="fl-40"/>
      </object_component>
      <object_component id="oc-159">
         <name>.text:_system_pre_init</name>
         <load_address>0xc20c</load_address>
         <run_address>0xc20c</run_address>
         <size>0x4</size>
         <input_file_ref idref="fl-38"/>
      </object_component>
      <object_component id="oc-23e">
         <name>.text:_system_post_cinit</name>
         <load_address>0xc210</load_address>
         <run_address>0xc210</run_address>
         <size>0x2</size>
         <input_file_ref idref="fl-39"/>
      </object_component>
      <object_component id="oc-501">
         <name>.cinit..data.load</name>
         <load_address>0xc348</load_address>
         <run_address>0xc348</run_address>
         <size>0x12</size>
      </object_component>
      <object_component id="oc-4fe">
         <name>__TI_handler_table</name>
         <load_address>0xc35a</load_address>
         <run_address>0xc35a</run_address>
         <size>0x6</size>
      </object_component>
      <object_component id="oc-500">
         <name>.cinit..bss.load</name>
         <load_address>0xc360</load_address>
         <run_address>0xc360</run_address>
         <size>0x4</size>
      </object_component>
      <object_component id="oc-4ff">
         <name>__TI_cinit_table</name>
         <load_address>0xc364</load_address>
         <run_address>0xc364</run_address>
         <size>0x8</size>
      </object_component>
      <object_component id="oc-35a">
         <name>.const:.string:_ctypes_</name>
         <load_address>0xc212</load_address>
         <run_address>0xc212</run_address>
         <size>0x101</size>
         <input_file_ref idref="fl-4c"/>
      </object_component>
      <object_component id="oc-326">
         <name>.const:.string</name>
         <load_address>0xc314</load_address>
         <run_address>0xc314</run_address>
         <size>0x26</size>
         <input_file_ref idref="fl-4a"/>
      </object_component>
      <object_component id="oc-19d">
         <name>.const:.string</name>
         <load_address>0xc33a</load_address>
         <run_address>0xc33a</run_address>
         <size>0xe</size>
         <input_file_ref idref="fl-3"/>
      </object_component>
      <object_component id="oc-3a">
         <name>.int02</name>
         <load_address>0xffe4</load_address>
         <run_address>0xffe4</run_address>
         <size>0x2</size>
         <input_file_ref idref="fl-27"/>
      </object_component>
      <object_component id="oc-3b">
         <name>.int03</name>
         <load_address>0xffe6</load_address>
         <run_address>0xffe6</run_address>
         <size>0x2</size>
         <input_file_ref idref="fl-3"/>
      </object_component>
      <object_component id="oc-3c">
         <name>.int05</name>
         <load_address>0xffea</load_address>
         <run_address>0xffea</run_address>
         <size>0x2</size>
         <input_file_ref idref="fl-28"/>
      </object_component>
      <object_component id="oc-3d">
         <name>.int06</name>
         <load_address>0xffec</load_address>
         <run_address>0xffec</run_address>
         <size>0x2</size>
         <input_file_ref idref="fl-3"/>
      </object_component>
      <object_component id="oc-3e">
         <name>.int07</name>
         <load_address>0xffee</load_address>
         <run_address>0xffee</run_address>
         <size>0x2</size>
         <input_file_ref idref="fl-3"/>
      </object_component>
      <object_component id="oc-3f">
         <name>.int08</name>
         <load_address>0xfff0</load_address>
         <run_address>0xfff0</run_address>
         <size>0x2</size>
         <input_file_ref idref="fl-29"/>
      </object_component>
      <object_component id="oc-40">
         <name>.int09</name>
         <load_address>0xfff2</load_address>
         <run_address>0xfff2</run_address>
         <size>0x2</size>
         <input_file_ref idref="fl-3"/>
      </object_component>
      <object_component id="oc-41">
         <name>.int10</name>
         <load_address>0xfff4</load_address>
         <run_address>0xfff4</run_address>
         <size>0x2</size>
         <input_file_ref idref="fl-2a"/>
      </object_component>
      <object_component id="oc-42">
         <name>.int12</name>
         <load_address>0xfff8</load_address>
         <run_address>0xfff8</run_address>
         <size>0x2</size>
         <input_file_ref idref="fl-2b"/>
      </object_component>
      <object_component id="oc-43">
         <name>.int13</name>
         <load_address>0xfffa</load_address>
         <run_address>0xfffa</run_address>
         <size>0x2</size>
         <input_file_ref idref="fl-2c"/>
      </object_component>
      <object_component id="oc-44">
         <name>.int14</name>
         <load_address>0xfffc</load_address>
         <run_address>0xfffc</run_address>
         <size>0x2</size>
         <input_file_ref idref="fl-2d"/>
      </object_component>
      <object_component id="oc-a7">
         <name>.reset</name>
         <load_address>0xfffe</load_address>
         <run_address>0xfffe</run_address>
         <size>0x2</size>
         <input_file_ref idref="fl-33"/>
      </object_component>
      <object_component id="oc-14a">
         <name>.debug_info</name>
         <load_address>0x0</load_address>
         <run_address>0x0</run_address>
         <size>0x2af</size>
         <input_file_ref idref="fl-2"/>
      </object_component>
      <object_component id="oc-147">
         <name>.debug_info</name>
         <load_address>0x2af</load_address>
         <run_address>0x2af</run_address>
         <size>0x16f</size>
         <input_file_ref idref="fl-2"/>
      </object_component>
      <object_component id="oc-226">
         <name>.debug_info</name>
         <load_address>0x41e</load_address>
         <run_address>0x41e</run_address>
         <size>0x112</size>
         <input_file_ref idref="fl-2"/>
      </object_component>
      <object_component id="oc-19f">
         <name>.debug_info</name>
         <load_address>0x530</load_address>
         <run_address>0x530</run_address>
         <size>0x137</size>
         <input_file_ref idref="fl-2"/>
      </object_component>
      <object_component id="oc-198">
         <name>.debug_info</name>
         <load_address>0x667</load_address>
         <run_address>0x667</run_address>
         <size>0x30c</size>
         <input_file_ref idref="fl-2"/>
      </object_component>
      <object_component id="oc-18a">
         <name>.debug_info</name>
         <load_address>0x973</load_address>
         <run_address>0x973</run_address>
         <size>0x26b</size>
         <input_file_ref idref="fl-2"/>
      </object_component>
      <object_component id="oc-bd">
         <name>.debug_info</name>
         <load_address>0xbde</load_address>
         <run_address>0xbde</run_address>
         <size>0x84</size>
         <input_file_ref idref="fl-2"/>
      </object_component>
      <object_component id="oc-1e4">
         <name>.debug_info</name>
         <load_address>0xc62</load_address>
         <run_address>0xc62</run_address>
         <size>0x275</size>
         <input_file_ref idref="fl-2"/>
      </object_component>
      <object_component id="oc-18f">
         <name>.debug_info</name>
         <load_address>0xed7</load_address>
         <run_address>0xed7</run_address>
         <size>0x2c</size>
         <input_file_ref idref="fl-2"/>
      </object_component>
      <object_component id="oc-143">
         <name>.debug_info</name>
         <load_address>0xf03</load_address>
         <run_address>0xf03</run_address>
         <size>0x209</size>
         <input_file_ref idref="fl-3"/>
      </object_component>
      <object_component id="oc-160">
         <name>.debug_info</name>
         <load_address>0x110c</load_address>
         <run_address>0x110c</run_address>
         <size>0x107</size>
         <input_file_ref idref="fl-3"/>
      </object_component>
      <object_component id="oc-dc">
         <name>.debug_info</name>
         <load_address>0x1213</load_address>
         <run_address>0x1213</run_address>
         <size>0xfa</size>
         <input_file_ref idref="fl-3"/>
      </object_component>
      <object_component id="oc-e3">
         <name>.debug_info</name>
         <load_address>0x130d</load_address>
         <run_address>0x130d</run_address>
         <size>0xfb</size>
         <input_file_ref idref="fl-3"/>
      </object_component>
      <object_component id="oc-e8">
         <name>.debug_info</name>
         <load_address>0x1408</load_address>
         <run_address>0x1408</run_address>
         <size>0xf2</size>
         <input_file_ref idref="fl-3"/>
      </object_component>
      <object_component id="oc-d5">
         <name>.debug_info</name>
         <load_address>0x14fa</load_address>
         <run_address>0x14fa</run_address>
         <size>0xf0</size>
         <input_file_ref idref="fl-3"/>
      </object_component>
      <object_component id="oc-216">
         <name>.debug_info</name>
         <load_address>0x15ea</load_address>
         <run_address>0x15ea</run_address>
         <size>0x118</size>
         <input_file_ref idref="fl-1e"/>
      </object_component>
      <object_component id="oc-21c">
         <name>.debug_info</name>
         <load_address>0x1702</load_address>
         <run_address>0x1702</run_address>
         <size>0x12d</size>
         <input_file_ref idref="fl-1f"/>
      </object_component>
      <object_component id="oc-282">
         <name>.debug_info</name>
         <load_address>0x182f</load_address>
         <run_address>0x182f</run_address>
         <size>0x119</size>
         <input_file_ref idref="fl-20"/>
      </object_component>
      <object_component id="oc-b5">
         <name>.debug_info</name>
         <load_address>0x1948</load_address>
         <run_address>0x1948</run_address>
         <size>0x126</size>
         <input_file_ref idref="fl-21"/>
      </object_component>
      <object_component id="oc-212">
         <name>.debug_info</name>
         <load_address>0x1a6e</load_address>
         <run_address>0x1a6e</run_address>
         <size>0x119</size>
         <input_file_ref idref="fl-22"/>
      </object_component>
      <object_component id="oc-1fc">
         <name>.debug_info</name>
         <load_address>0x1b87</load_address>
         <run_address>0x1b87</run_address>
         <size>0x125</size>
         <input_file_ref idref="fl-23"/>
      </object_component>
      <object_component id="oc-20b">
         <name>.debug_info</name>
         <load_address>0x1cac</load_address>
         <run_address>0x1cac</run_address>
         <size>0x122</size>
         <input_file_ref idref="fl-24"/>
      </object_component>
      <object_component id="oc-202">
         <name>.debug_info</name>
         <load_address>0x1dce</load_address>
         <run_address>0x1dce</run_address>
         <size>0x119</size>
         <input_file_ref idref="fl-25"/>
      </object_component>
      <object_component id="oc-206">
         <name>.debug_info</name>
         <load_address>0x1ee7</load_address>
         <run_address>0x1ee7</run_address>
         <size>0x12d</size>
         <input_file_ref idref="fl-26"/>
      </object_component>
      <object_component id="oc-d0">
         <name>.debug_info</name>
         <load_address>0x2014</load_address>
         <run_address>0x2014</run_address>
         <size>0x107</size>
         <input_file_ref idref="fl-2e"/>
      </object_component>
      <object_component id="oc-a9">
         <name>.debug_info</name>
         <load_address>0x211b</load_address>
         <run_address>0x211b</run_address>
         <size>0x118</size>
         <input_file_ref idref="fl-2f"/>
      </object_component>
      <object_component id="oc-4a9">
         <name>.debug_info</name>
         <load_address>0x2233</load_address>
         <run_address>0x2233</run_address>
         <size>0x118</size>
         <input_file_ref idref="fl-30"/>
      </object_component>
      <object_component id="oc-261">
         <name>.debug_info</name>
         <load_address>0x234b</load_address>
         <run_address>0x234b</run_address>
         <size>0x11e</size>
         <input_file_ref idref="fl-30"/>
      </object_component>
      <object_component id="oc-af">
         <name>.debug_info</name>
         <load_address>0x2469</load_address>
         <run_address>0x2469</run_address>
         <size>0x118</size>
         <input_file_ref idref="fl-31"/>
      </object_component>
      <object_component id="oc-411">
         <name>.debug_info</name>
         <load_address>0x2581</load_address>
         <run_address>0x2581</run_address>
         <size>0x118</size>
         <input_file_ref idref="fl-32"/>
      </object_component>
      <object_component id="oc-265">
         <name>.debug_info</name>
         <load_address>0x2699</load_address>
         <run_address>0x2699</run_address>
         <size>0x11e</size>
         <input_file_ref idref="fl-32"/>
      </object_component>
      <object_component id="oc-a5">
         <name>.debug_info</name>
         <load_address>0x27b7</load_address>
         <run_address>0x27b7</run_address>
         <size>0xf5</size>
         <input_file_ref idref="fl-33"/>
      </object_component>
      <object_component id="oc-100">
         <name>.debug_info</name>
         <load_address>0x28ac</load_address>
         <run_address>0x28ac</run_address>
         <size>0x16f</size>
         <input_file_ref idref="fl-33"/>
      </object_component>
      <object_component id="oc-245">
         <name>.debug_info</name>
         <load_address>0x2a1b</load_address>
         <run_address>0x2a1b</run_address>
         <size>0x472</size>
         <input_file_ref idref="fl-34"/>
      </object_component>
      <object_component id="oc-1b3">
         <name>.debug_info</name>
         <load_address>0x2e8d</load_address>
         <run_address>0x2e8d</run_address>
         <size>0x1d5</size>
         <input_file_ref idref="fl-34"/>
      </object_component>
      <object_component id="oc-2b2">
         <name>.debug_info</name>
         <load_address>0x3062</load_address>
         <run_address>0x3062</run_address>
         <size>0x39</size>
         <input_file_ref idref="fl-34"/>
      </object_component>
      <object_component id="oc-2c3">
         <name>.debug_info</name>
         <load_address>0x309b</load_address>
         <run_address>0x309b</run_address>
         <size>0x2c</size>
         <input_file_ref idref="fl-34"/>
      </object_component>
      <object_component id="oc-250">
         <name>.debug_info</name>
         <load_address>0x30c7</load_address>
         <run_address>0x30c7</run_address>
         <size>0x2c</size>
         <input_file_ref idref="fl-34"/>
      </object_component>
      <object_component id="oc-2b7">
         <name>.debug_info</name>
         <load_address>0x30f3</load_address>
         <run_address>0x30f3</run_address>
         <size>0xcd</size>
         <input_file_ref idref="fl-34"/>
      </object_component>
      <object_component id="oc-157">
         <name>.debug_info</name>
         <load_address>0x31c0</load_address>
         <run_address>0x31c0</run_address>
         <size>0x1b4</size>
         <input_file_ref idref="fl-35"/>
      </object_component>
      <object_component id="oc-ee">
         <name>.debug_info</name>
         <load_address>0x3374</load_address>
         <run_address>0x3374</run_address>
         <size>0x1c7</size>
         <input_file_ref idref="fl-35"/>
      </object_component>
      <object_component id="oc-152">
         <name>.debug_info</name>
         <load_address>0x353b</load_address>
         <run_address>0x353b</run_address>
         <size>0x46</size>
         <input_file_ref idref="fl-35"/>
      </object_component>
      <object_component id="oc-135">
         <name>.debug_info</name>
         <load_address>0x3581</load_address>
         <run_address>0x3581</run_address>
         <size>0x2c</size>
         <input_file_ref idref="fl-35"/>
      </object_component>
      <object_component id="oc-15a">
         <name>.debug_info</name>
         <load_address>0x35ad</load_address>
         <run_address>0x35ad</run_address>
         <size>0x148</size>
         <input_file_ref idref="fl-38"/>
      </object_component>
      <object_component id="oc-242">
         <name>.debug_info</name>
         <load_address>0x36f5</load_address>
         <run_address>0x36f5</run_address>
         <size>0x145</size>
         <input_file_ref idref="fl-39"/>
      </object_component>
      <object_component id="oc-ce">
         <name>.debug_info</name>
         <load_address>0x383a</load_address>
         <run_address>0x383a</run_address>
         <size>0x175</size>
         <input_file_ref idref="fl-3a"/>
      </object_component>
      <object_component id="oc-38">
         <name>.debug_info</name>
         <load_address>0x39af</load_address>
         <run_address>0x39af</run_address>
         <size>0x1df</size>
         <input_file_ref idref="fl-3a"/>
      </object_component>
      <object_component id="oc-c9">
         <name>.debug_info</name>
         <load_address>0x3b8e</load_address>
         <run_address>0x3b8e</run_address>
         <size>0x46</size>
         <input_file_ref idref="fl-3a"/>
      </object_component>
      <object_component id="oc-13a">
         <name>.debug_info</name>
         <load_address>0x3bd4</load_address>
         <run_address>0x3bd4</run_address>
         <size>0x2c</size>
         <input_file_ref idref="fl-3a"/>
      </object_component>
      <object_component id="oc-132">
         <name>.debug_info</name>
         <load_address>0x3c00</load_address>
         <run_address>0x3c00</run_address>
         <size>0x16b</size>
         <input_file_ref idref="fl-3b"/>
      </object_component>
      <object_component id="oc-30">
         <name>.debug_info</name>
         <load_address>0x3d6b</load_address>
         <run_address>0x3d6b</run_address>
         <size>0x287</size>
         <input_file_ref idref="fl-3b"/>
      </object_component>
      <object_component id="oc-b8">
         <name>.debug_info</name>
         <load_address>0x3ff2</load_address>
         <run_address>0x3ff2</run_address>
         <size>0x60</size>
         <input_file_ref idref="fl-3b"/>
      </object_component>
      <object_component id="oc-17b">
         <name>.debug_info</name>
         <load_address>0x4052</load_address>
         <run_address>0x4052</run_address>
         <size>0x46</size>
         <input_file_ref idref="fl-3b"/>
      </object_component>
      <object_component id="oc-12d">
         <name>.debug_info</name>
         <load_address>0x4098</load_address>
         <run_address>0x4098</run_address>
         <size>0x39</size>
         <input_file_ref idref="fl-3b"/>
      </object_component>
      <object_component id="oc-277">
         <name>.debug_info</name>
         <load_address>0x40d1</load_address>
         <run_address>0x40d1</run_address>
         <size>0x197</size>
         <input_file_ref idref="fl-3c"/>
      </object_component>
      <object_component id="oc-1f0">
         <name>.debug_info</name>
         <load_address>0x4268</load_address>
         <run_address>0x4268</run_address>
         <size>0x27f</size>
         <input_file_ref idref="fl-3c"/>
      </object_component>
      <object_component id="oc-272">
         <name>.debug_info</name>
         <load_address>0x44e7</load_address>
         <run_address>0x44e7</run_address>
         <size>0x94</size>
         <input_file_ref idref="fl-3c"/>
      </object_component>
      <object_component id="oc-26a">
         <name>.debug_info</name>
         <load_address>0x457b</load_address>
         <run_address>0x457b</run_address>
         <size>0x160</size>
         <input_file_ref idref="fl-3d"/>
      </object_component>
      <object_component id="oc-1ea">
         <name>.debug_info</name>
         <load_address>0x46db</load_address>
         <run_address>0x46db</run_address>
         <size>0x1d8</size>
         <input_file_ref idref="fl-3d"/>
      </object_component>
      <object_component id="oc-2d7">
         <name>.debug_info</name>
         <load_address>0x48b3</load_address>
         <run_address>0x48b3</run_address>
         <size>0x167</size>
         <input_file_ref idref="fl-3e"/>
      </object_component>
      <object_component id="oc-26d">
         <name>.debug_info</name>
         <load_address>0x4a1a</load_address>
         <run_address>0x4a1a</run_address>
         <size>0x5c4</size>
         <input_file_ref idref="fl-3e"/>
      </object_component>
      <object_component id="oc-279">
         <name>.debug_info</name>
         <load_address>0x4fde</load_address>
         <run_address>0x4fde</run_address>
         <size>0x15a</size>
         <input_file_ref idref="fl-3f"/>
      </object_component>
      <object_component id="oc-1f9">
         <name>.debug_info</name>
         <load_address>0x5138</load_address>
         <run_address>0x5138</run_address>
         <size>0x1cd</size>
         <input_file_ref idref="fl-3f"/>
      </object_component>
      <object_component id="oc-1a7">
         <name>.debug_info</name>
         <load_address>0x5305</load_address>
         <run_address>0x5305</run_address>
         <size>0x117</size>
         <input_file_ref idref="fl-40"/>
      </object_component>
      <object_component id="oc-134">
         <name>.debug_info</name>
         <load_address>0x541c</load_address>
         <run_address>0x541c</run_address>
         <size>0x176</size>
         <input_file_ref idref="fl-43"/>
      </object_component>
      <object_component id="oc-c3">
         <name>.debug_info</name>
         <load_address>0x5592</load_address>
         <run_address>0x5592</run_address>
         <size>0x16f</size>
         <input_file_ref idref="fl-43"/>
      </object_component>
      <object_component id="oc-299">
         <name>.debug_info</name>
         <load_address>0x5701</load_address>
         <run_address>0x5701</run_address>
         <size>0x20b</size>
         <input_file_ref idref="fl-44"/>
      </object_component>
      <object_component id="oc-220">
         <name>.debug_info</name>
         <load_address>0x590c</load_address>
         <run_address>0x590c</run_address>
         <size>0x1ef</size>
         <input_file_ref idref="fl-44"/>
      </object_component>
      <object_component id="oc-287">
         <name>.debug_info</name>
         <load_address>0x5afb</load_address>
         <run_address>0x5afb</run_address>
         <size>0x190</size>
         <input_file_ref idref="fl-44"/>
      </object_component>
      <object_component id="oc-28d">
         <name>.debug_info</name>
         <load_address>0x5c8b</load_address>
         <run_address>0x5c8b</run_address>
         <size>0x165</size>
         <input_file_ref idref="fl-44"/>
      </object_component>
      <object_component id="oc-347">
         <name>.debug_info</name>
         <load_address>0x5df0</load_address>
         <run_address>0x5df0</run_address>
         <size>0x2c</size>
         <input_file_ref idref="fl-44"/>
      </object_component>
      <object_component id="oc-4ac">
         <name>.debug_info</name>
         <load_address>0x5e1c</load_address>
         <run_address>0x5e1c</run_address>
         <size>0x118</size>
         <input_file_ref idref="fl-45"/>
      </object_component>
      <object_component id="oc-2d2">
         <name>.debug_info</name>
         <load_address>0x5f34</load_address>
         <run_address>0x5f34</run_address>
         <size>0x11e</size>
         <input_file_ref idref="fl-45"/>
      </object_component>
      <object_component id="oc-2be">
         <name>.debug_info</name>
         <load_address>0x6052</load_address>
         <run_address>0x6052</run_address>
         <size>0x119</size>
         <input_file_ref idref="fl-46"/>
      </object_component>
      <object_component id="oc-2cd">
         <name>.debug_info</name>
         <load_address>0x616b</load_address>
         <run_address>0x616b</run_address>
         <size>0x119</size>
         <input_file_ref idref="fl-47"/>
      </object_component>
      <object_component id="oc-3bc">
         <name>.debug_info</name>
         <load_address>0x6284</load_address>
         <run_address>0x6284</run_address>
         <size>0x188</size>
         <input_file_ref idref="fl-49"/>
      </object_component>
      <object_component id="oc-2fe">
         <name>.debug_info</name>
         <load_address>0x640c</load_address>
         <run_address>0x640c</run_address>
         <size>0x538</size>
         <input_file_ref idref="fl-4a"/>
      </object_component>
      <object_component id="oc-2e7">
         <name>.debug_info</name>
         <load_address>0x6944</load_address>
         <run_address>0x6944</run_address>
         <size>0x23d</size>
         <input_file_ref idref="fl-4a"/>
      </object_component>
      <object_component id="oc-361">
         <name>.debug_info</name>
         <load_address>0x6b81</load_address>
         <run_address>0x6b81</run_address>
         <size>0x1a8</size>
         <input_file_ref idref="fl-4a"/>
      </object_component>
      <object_component id="oc-367">
         <name>.debug_info</name>
         <load_address>0x6d29</load_address>
         <run_address>0x6d29</run_address>
         <size>0x27c</size>
         <input_file_ref idref="fl-4a"/>
      </object_component>
      <object_component id="oc-328">
         <name>.debug_info</name>
         <load_address>0x6fa5</load_address>
         <run_address>0x6fa5</run_address>
         <size>0x240</size>
         <input_file_ref idref="fl-4a"/>
      </object_component>
      <object_component id="oc-3c5">
         <name>.debug_info</name>
         <load_address>0x71e5</load_address>
         <run_address>0x71e5</run_address>
         <size>0x3c0</size>
         <input_file_ref idref="fl-4a"/>
      </object_component>
      <object_component id="oc-3cc">
         <name>.debug_info</name>
         <load_address>0x75a5</load_address>
         <run_address>0x75a5</run_address>
         <size>0x1b2</size>
         <input_file_ref idref="fl-4a"/>
      </object_component>
      <object_component id="oc-3d1">
         <name>.debug_info</name>
         <load_address>0x7757</load_address>
         <run_address>0x7757</run_address>
         <size>0x210</size>
         <input_file_ref idref="fl-4a"/>
      </object_component>
      <object_component id="oc-379">
         <name>.debug_info</name>
         <load_address>0x7967</load_address>
         <run_address>0x7967</run_address>
         <size>0x262</size>
         <input_file_ref idref="fl-4a"/>
      </object_component>
      <object_component id="oc-3d8">
         <name>.debug_info</name>
         <load_address>0x7bc9</load_address>
         <run_address>0x7bc9</run_address>
         <size>0x3d7</size>
         <input_file_ref idref="fl-4a"/>
      </object_component>
      <object_component id="oc-3de">
         <name>.debug_info</name>
         <load_address>0x7fa0</load_address>
         <run_address>0x7fa0</run_address>
         <size>0x1fb</size>
         <input_file_ref idref="fl-4a"/>
      </object_component>
      <object_component id="oc-37f">
         <name>.debug_info</name>
         <load_address>0x819b</load_address>
         <run_address>0x819b</run_address>
         <size>0x227</size>
         <input_file_ref idref="fl-4a"/>
      </object_component>
      <object_component id="oc-385">
         <name>.debug_info</name>
         <load_address>0x83c2</load_address>
         <run_address>0x83c2</run_address>
         <size>0x36b</size>
         <input_file_ref idref="fl-4a"/>
      </object_component>
      <object_component id="oc-3f2">
         <name>.debug_info</name>
         <load_address>0x872d</load_address>
         <run_address>0x872d</run_address>
         <size>0x44e</size>
         <input_file_ref idref="fl-4a"/>
      </object_component>
      <object_component id="oc-38b">
         <name>.debug_info</name>
         <load_address>0x8b7b</load_address>
         <run_address>0x8b7b</run_address>
         <size>0x275</size>
         <input_file_ref idref="fl-4a"/>
      </object_component>
      <object_component id="oc-32e">
         <name>.debug_info</name>
         <load_address>0x8df0</load_address>
         <run_address>0x8df0</run_address>
         <size>0x362</size>
         <input_file_ref idref="fl-4a"/>
      </object_component>
      <object_component id="oc-2ec">
         <name>.debug_info</name>
         <load_address>0x9152</load_address>
         <run_address>0x9152</run_address>
         <size>0x2fa</size>
         <input_file_ref idref="fl-4a"/>
      </object_component>
      <object_component id="oc-2f2">
         <name>.debug_info</name>
         <load_address>0x944c</load_address>
         <run_address>0x944c</run_address>
         <size>0x262</size>
         <input_file_ref idref="fl-4a"/>
      </object_component>
      <object_component id="oc-2f8">
         <name>.debug_info</name>
         <load_address>0x96ae</load_address>
         <run_address>0x96ae</run_address>
         <size>0x25f</size>
         <input_file_ref idref="fl-4a"/>
      </object_component>
      <object_component id="oc-293">
         <name>.debug_info</name>
         <load_address>0x990d</load_address>
         <run_address>0x990d</run_address>
         <size>0x32f</size>
         <input_file_ref idref="fl-4a"/>
      </object_component>
      <object_component id="oc-2ff">
         <name>.debug_info</name>
         <load_address>0x9c3c</load_address>
         <run_address>0x9c3c</run_address>
         <size>0x86</size>
         <input_file_ref idref="fl-4a"/>
      </object_component>
      <object_component id="oc-34c">
         <name>.debug_info</name>
         <load_address>0x9cc2</load_address>
         <run_address>0x9cc2</run_address>
         <size>0x39</size>
         <input_file_ref idref="fl-4a"/>
      </object_component>
      <object_component id="oc-402">
         <name>.debug_info</name>
         <load_address>0x9cfb</load_address>
         <run_address>0x9cfb</run_address>
         <size>0x94</size>
         <input_file_ref idref="fl-4a"/>
      </object_component>
      <object_component id="oc-3a2">
         <name>.debug_info</name>
         <load_address>0x9d8f</load_address>
         <run_address>0x9d8f</run_address>
         <size>0x46</size>
         <input_file_ref idref="fl-4a"/>
      </object_component>
      <object_component id="oc-351">
         <name>.debug_info</name>
         <load_address>0x9dd5</load_address>
         <run_address>0x9dd5</run_address>
         <size>0x46</size>
         <input_file_ref idref="fl-4a"/>
      </object_component>
      <object_component id="oc-35e">
         <name>.debug_info</name>
         <load_address>0x9e1b</load_address>
         <run_address>0x9e1b</run_address>
         <size>0x186</size>
         <input_file_ref idref="fl-4b"/>
      </object_component>
      <object_component id="oc-323">
         <name>.debug_info</name>
         <load_address>0x9fa1</load_address>
         <run_address>0x9fa1</run_address>
         <size>0x185</size>
         <input_file_ref idref="fl-4b"/>
      </object_component>
      <object_component id="oc-3ab">
         <name>.debug_info</name>
         <load_address>0xa126</load_address>
         <run_address>0xa126</run_address>
         <size>0xee</size>
         <input_file_ref idref="fl-4c"/>
      </object_component>
      <object_component id="oc-35b">
         <name>.debug_info</name>
         <load_address>0xa214</load_address>
         <run_address>0xa214</run_address>
         <size>0xfa</size>
         <input_file_ref idref="fl-4c"/>
      </object_component>
      <object_component id="oc-470">
         <name>.debug_info</name>
         <load_address>0xa30e</load_address>
         <run_address>0xa30e</run_address>
         <size>0x168</size>
         <input_file_ref idref="fl-4d"/>
      </object_component>
      <object_component id="oc-422">
         <name>.debug_info</name>
         <load_address>0xa476</load_address>
         <run_address>0xa476</run_address>
         <size>0x1f6</size>
         <input_file_ref idref="fl-4d"/>
      </object_component>
      <object_component id="oc-398">
         <name>.debug_info</name>
         <load_address>0xa66c</load_address>
         <run_address>0xa66c</run_address>
         <size>0x163</size>
         <input_file_ref idref="fl-4e"/>
      </object_component>
      <object_component id="oc-337">
         <name>.debug_info</name>
         <load_address>0xa7cf</load_address>
         <run_address>0xa7cf</run_address>
         <size>0x1ab</size>
         <input_file_ref idref="fl-4e"/>
      </object_component>
      <object_component id="oc-359">
         <name>.debug_info</name>
         <load_address>0xa97a</load_address>
         <run_address>0xa97a</run_address>
         <size>0x162</size>
         <input_file_ref idref="fl-4f"/>
      </object_component>
      <object_component id="oc-31b">
         <name>.debug_info</name>
         <load_address>0xaadc</load_address>
         <run_address>0xaadc</run_address>
         <size>0x25a</size>
         <input_file_ref idref="fl-4f"/>
      </object_component>
      <object_component id="oc-490">
         <name>.debug_info</name>
         <load_address>0xad36</load_address>
         <run_address>0xad36</run_address>
         <size>0x167</size>
         <input_file_ref idref="fl-50"/>
      </object_component>
      <object_component id="oc-45a">
         <name>.debug_info</name>
         <load_address>0xae9d</load_address>
         <run_address>0xae9d</run_address>
         <size>0x24d</size>
         <input_file_ref idref="fl-50"/>
      </object_component>
      <object_component id="oc-318">
         <name>.debug_info</name>
         <load_address>0xb0ea</load_address>
         <run_address>0xb0ea</run_address>
         <size>0x157</size>
         <input_file_ref idref="fl-51"/>
      </object_component>
      <object_component id="oc-2e3">
         <name>.debug_info</name>
         <load_address>0xb241</load_address>
         <run_address>0xb241</run_address>
         <size>0x215</size>
         <input_file_ref idref="fl-51"/>
      </object_component>
      <object_component id="oc-3c2">
         <name>.debug_info</name>
         <load_address>0xb456</load_address>
         <run_address>0xb456</run_address>
         <size>0x183</size>
         <input_file_ref idref="fl-52"/>
      </object_component>
      <object_component id="oc-36d">
         <name>.debug_info</name>
         <load_address>0xb5d9</load_address>
         <run_address>0xb5d9</run_address>
         <size>0x149</size>
         <input_file_ref idref="fl-52"/>
      </object_component>
      <object_component id="oc-39f">
         <name>.debug_info</name>
         <load_address>0xb722</load_address>
         <run_address>0xb722</run_address>
         <size>0x15c</size>
         <input_file_ref idref="fl-53"/>
      </object_component>
      <object_component id="oc-33e">
         <name>.debug_info</name>
         <load_address>0xb87e</load_address>
         <run_address>0xb87e</run_address>
         <size>0x14f</size>
         <input_file_ref idref="fl-53"/>
      </object_component>
      <object_component id="oc-3fb">
         <name>.debug_info</name>
         <load_address>0xb9cd</load_address>
         <run_address>0xb9cd</run_address>
         <size>0x39</size>
         <input_file_ref idref="fl-53"/>
      </object_component>
      <object_component id="oc-39a">
         <name>.debug_info</name>
         <load_address>0xba06</load_address>
         <run_address>0xba06</run_address>
         <size>0x39</size>
         <input_file_ref idref="fl-53"/>
      </object_component>
      <object_component id="oc-44c">
         <name>.debug_info</name>
         <load_address>0xba3f</load_address>
[...]
         <name>__mspabi_slli_11</name>
         <value>0xbfdc</value>
         <object_component_ref idref="oc-a8"/>
      </symbol>
      <symbol id="sm-213">
         <name>__mspabi_slli_10</name>
         <value>0xbfde</value>
         <object_component_ref idref="oc-a8"/>
      </symbol>
      <symbol id="sm-223">
         <name>__mspabi_slll_9</name>
         <value>0xbe56</value>
         <object_component_ref idref="oc-25f"/>
      </symbol>
      <symbol id="sm-224">
         <name>__mspabi_slll_8</name>
         <value>0xbe5a</value>
         <object_component_ref idref="oc-25f"/>
      </symbol>
      <symbol id="sm-225">
         <name>__mspabi_slll_7</name>
         <value>0xbe5e</value>
         <object_component_ref idref="oc-25f"/>
      </symbol>
      <symbol id="sm-226">
         <name>__mspabi_slll_6</name>
         <value>0xbe62</value>
         <object_component_ref idref="oc-25f"/>
      </symbol>
      <symbol id="sm-227">
         <name>__mspabi_slll_5</name>
         <value>0xbe66</value>
         <object_component_ref idref="oc-25f"/>
      </symbol>
      <symbol id="sm-228">
         <name>__mspabi_slll_4</name>
         <value>0xbe6a</value>
         <object_component_ref idref="oc-25f"/>
      </symbol>
      <symbol id="sm-229">
         <name>__mspabi_slll_3</name>
         <value>0xbe6e</value>
         <object_component_ref idref="oc-25f"/>
      </symbol>
      <symbol id="sm-22a">
         <name>__mspabi_slll_2</name>
         <value>0xbe72</value>
         <object_component_ref idref="oc-25f"/>
      </symbol>
      <symbol id="sm-22b">
         <name>__mspabi_slll_1</name>
         <value>0xbe76</value>
         <object_component_ref idref="oc-25f"/>
      </symbol>
      <symbol id="sm-22c">
         <name>__mspabi_slll</name>
         <value>0xc1ae</value>
         <object_component_ref idref="oc-4a6"/>
      </symbol>
      <symbol id="sm-22d">
         <name>__mspabi_slll_15</name>
         <value>0xbe3e</value>
         <object_component_ref idref="oc-25f"/>
      </symbol>
      <symbol id="sm-22e">
         <name>__mspabi_slll_14</name>
         <value>0xbe42</value>
         <object_component_ref idref="oc-25f"/>
      </symbol>
      <symbol id="sm-22f">
         <name>__mspabi_slll_13</name>
         <value>0xbe46</value>
         <object_component_ref idref="oc-25f"/>
      </symbol>
      <symbol id="sm-230">
         <name>__mspabi_slll_12</name>
         <value>0xbe4a</value>
         <object_component_ref idref="oc-25f"/>
      </symbol>
      <symbol id="sm-231">
         <name>__mspabi_slll_11</name>
         <value>0xbe4e</value>
         <object_component_ref idref="oc-25f"/>
      </symbol>
      <symbol id="sm-232">
         <name>__mspabi_slll_10</name>
         <value>0xbe52</value>
         <object_component_ref idref="oc-25f"/>
      </symbol>
      <symbol id="sm-23a">
         <name>__mspabi_srli_8</name>
         <value>0xbc88</value>
         <object_component_ref idref="oc-ad"/>
      </symbol>
      <symbol id="sm-23b">
         <name>__mspabi_srli_9</name>
         <value>0xbc84</value>
         <object_component_ref idref="oc-ad"/>
      </symbol>
      <symbol id="sm-23c">
         <name>__mspabi_srli_6</name>
         <value>0xbc90</value>
         <object_component_ref idref="oc-ad"/>
      </symbol>
      <symbol id="sm-23d">
         <name>__mspabi_srli_7</name>
         <value>0xbc8c</value>
         <object_component_ref idref="oc-ad"/>
      </symbol>
      <symbol id="sm-23e">
         <name>__mspabi_srli_4</name>
         <value>0xbc98</value>
         <object_component_ref idref="oc-ad"/>
      </symbol>
      <symbol id="sm-23f">
         <name>__mspabi_srli_5</name>
         <value>0xbc94</value>
         <object_component_ref idref="oc-ad"/>
      </symbol>
      <symbol id="sm-240">
         <name>__mspabi_srli_2</name>
         <value>0xbca0</value>
         <object_component_ref idref="oc-ad"/>
      </symbol>
      <symbol id="sm-241">
         <name>__mspabi_srli_3</name>
         <value>0xbc9c</value>
         <object_component_ref idref="oc-ad"/>
      </symbol>
      <symbol id="sm-242">
         <name>__mspabi_srli_1</name>
         <value>0xbca4</value>
         <object_component_ref idref="oc-ad"/>
      </symbol>
      <symbol id="sm-243">
         <name>__mspabi_srli</name>
         <value>0xbc5e</value>
         <object_component_ref idref="oc-ad"/>
      </symbol>
      <symbol id="sm-244">
         <name>__mspabi_srli_15</name>
         <value>0xbc6c</value>
         <object_component_ref idref="oc-ad"/>
      </symbol>
      <symbol id="sm-245">
         <name>__mspabi_srli_14</name>
         <value>0xbc70</value>
         <object_component_ref idref="oc-ad"/>
      </symbol>
      <symbol id="sm-246">
         <name>__mspabi_srli_13</name>
         <value>0xbc74</value>
         <object_component_ref idref="oc-ad"/>
      </symbol>
      <symbol id="sm-247">
         <name>__mspabi_srli_12</name>
         <value>0xbc78</value>
         <object_component_ref idref="oc-ad"/>
      </symbol>
      <symbol id="sm-248">
         <name>__mspabi_srli_11</name>
         <value>0xbc7c</value>
         <object_component_ref idref="oc-ad"/>
      </symbol>
      <symbol id="sm-249">
         <name>__mspabi_srli_10</name>
         <value>0xbc80</value>
         <object_component_ref idref="oc-ad"/>
      </symbol>
      <symbol id="sm-259">
         <name>__mspabi_srll_8</name>
         <value>0xbb34</value>
         <object_component_ref idref="oc-264"/>
      </symbol>
      <symbol id="sm-25a">
         <name>__mspabi_srll_9</name>
         <value>0xbb2e</value>
         <object_component_ref idref="oc-264"/>
      </symbol>
      <symbol id="sm-25b">
         <name>__mspabi_srll_6</name>
         <value>0xbb40</value>
         <object_component_ref idref="oc-264"/>
      </symbol>
      <symbol id="sm-25c">
         <name>__mspabi_srll_7</name>
         <value>0xbb3a</value>
         <object_component_ref idref="oc-264"/>
      </symbol>
      <symbol id="sm-25d">
         <name>__mspabi_srll_4</name>
         <value>0xbb4c</value>
         <object_component_ref idref="oc-264"/>
      </symbol>
      <symbol id="sm-25e">
         <name>__mspabi_srll_5</name>
         <value>0xbb46</value>
         <object_component_ref idref="oc-264"/>
      </symbol>
      <symbol id="sm-25f">
         <name>__mspabi_srll_2</name>
         <value>0xbb58</value>
         <object_component_ref idref="oc-264"/>
      </symbol>
      <symbol id="sm-260">
         <name>__mspabi_srll_3</name>
         <value>0xbb52</value>
         <object_component_ref idref="oc-264"/>
      </symbol>
      <symbol id="sm-261">
         <name>__mspabi_srll_1</name>
         <value>0xbb5e</value>
         <object_component_ref idref="oc-264"/>
      </symbol>
      <symbol id="sm-262">
         <name>__mspabi_srll_15</name>
         <value>0xbb0a</value>
         <object_component_ref idref="oc-264"/>
      </symbol>
      <symbol id="sm-263">
         <name>__mspabi_srll_14</name>
         <value>0xbb10</value>
         <object_component_ref idref="oc-264"/>
      </symbol>
      <symbol id="sm-264">
         <name>__mspabi_srll_13</name>
         <value>0xbb16</value>
         <object_component_ref idref="oc-264"/>
      </symbol>
      <symbol id="sm-265">
         <name>__mspabi_srll_12</name>
         <value>0xbb1c</value>
         <object_component_ref idref="oc-264"/>
      </symbol>
      <symbol id="sm-266">
         <name>__mspabi_srll_11</name>
         <value>0xbb22</value>
         <object_component_ref idref="oc-264"/>
      </symbol>
      <symbol id="sm-267">
         <name>__mspabi_srll_10</name>
         <value>0xbb28</value>
         <object_component_ref idref="oc-264"/>
      </symbol>
      <symbol id="sm-268">
         <name>__mspabi_srll</name>
         <value>0xc17a</value>
         <object_component_ref idref="oc-40f"/>
      </symbol>
      <symbol id="sm-278">
         <name>_stack</name>
         <value>0x5b0</value>
         <object_component_ref idref="oc-a4"/>
      </symbol>
      <symbol id="sm-279">
         <name>_c_int00_noargs</name>
         <value>0xc06c</value>
         <object_component_ref idref="oc-fe"/>
      </symbol>
      <symbol id="sm-27a">
         <name>_reset_vector</name>
         <value>0xfffe</value>
         <object_component_ref idref="oc-a7"/>
      </symbol>
      <symbol id="sm-29c">
         <name>__TI_auto_init_nobinit_nopinit</name>
         <value>0xbd7e</value>
         <object_component_ref idref="oc-1b1"/>
      </symbol>
      <symbol id="sm-2b4">
         <name>__TI_zero_init_nomemset</name>
         <value>0xc106</value>
         <object_component_ref idref="oc-ec"/>
      </symbol>
      <symbol id="sm-2bf">
         <name>_system_pre_init</name>
         <value>0xc20c</value>
         <object_component_ref idref="oc-159"/>
      </symbol>
      <symbol id="sm-2c8">
         <name>_system_post_cinit</name>
         <value>0xc210</value>
         <object_component_ref idref="oc-23e"/>
      </symbol>
      <symbol id="sm-2de">
         <name>__TI_decompress_none</name>
         <value>0xc168</value>
         <object_component_ref idref="oc-34"/>
      </symbol>
      <symbol id="sm-301">
         <name>__TI_decompress_lzss</name>
         <value>0xb8c4</value>
         <object_component_ref idref="oc-2e"/>
      </symbol>
      <symbol id="sm-327">
         <name>__mspabi_divd</name>
         <value>0x9944</value>
         <object_component_ref idref="oc-1ef"/>
      </symbol>
      <symbol id="sm-33c">
         <name>__mspabi_fltuld</name>
         <value>0xb6ac</value>
         <object_component_ref idref="oc-1e9"/>
      </symbol>
      <symbol id="sm-357">
         <name>__TI_frcdivd</name>
         <value>0x8000</value>
         <object_component_ref idref="oc-26b"/>
      </symbol>
      <symbol id="sm-36a">
         <name>__mspabi_cvtdf</name>
         <value>0xb620</value>
         <object_component_ref idref="oc-1f5"/>
      </symbol>
      <symbol id="sm-374">
         <name>C$$EXIT</name>
         <value>0xc206</value>
         <object_component_ref idref="oc-1a5"/>
      </symbol>
      <symbol id="sm-375">
         <name>abort</name>
         <value>0xc206</value>
         <object_component_ref idref="oc-1a5"/>
      </symbol>
      <symbol id="sm-385">
         <name>memcpy</name>
         <value>0xc18c</value>
         <object_component_ref idref="oc-c2"/>
      </symbol>
      <symbol id="sm-3a6">
         <name>vsprintf</name>
         <value>0xbeb2</value>
         <object_component_ref idref="oc-21f"/>
      </symbol>
      <symbol id="sm-3b6">
         <name>__mspabi_sral</name>
         <value>0xc19e</value>
         <object_component_ref idref="oc-4ab"/>
      </symbol>
      <symbol id="sm-3b7">
         <name>__mspabi_sral_15</name>
         <value>0xbe00</value>
         <object_component_ref idref="oc-2d1"/>
      </symbol>
      <symbol id="sm-3b8">
         <name>__mspabi_sral_14</name>
         <value>0xbe04</value>
         <object_component_ref idref="oc-2d1"/>
      </symbol>
      <symbol id="sm-3b9">
         <name>__mspabi_sral_13</name>
         <value>0xbe08</value>
         <object_component_ref idref="oc-2d1"/>
      </symbol>
      <symbol id="sm-3ba">
         <name>__mspabi_sral_12</name>
         <value>0xbe0c</value>
         <object_component_ref idref="oc-2d1"/>
      </symbol>
      <symbol id="sm-3bb">
         <name>__mspabi_sral_11</name>
         <value>0xbe10</value>
         <object_component_ref idref="oc-2d1"/>
      </symbol>
      <symbol id="sm-3bc">
         <name>__mspabi_sral_10</name>
         <value>0xbe14</value>
         <object_component_ref idref="oc-2d1"/>
      </symbol>
      <symbol id="sm-3bd">
         <name>__mspabi_sral_8</name>
         <value>0xbe1c</value>
         <object_component_ref idref="oc-2d1"/>
      </symbol>
      <symbol id="sm-3be">
         <name>__mspabi_sral_9</name>
         <value>0xbe18</value>
         <object_component_ref idref="oc-2d1"/>
      </symbol>
      <symbol id="sm-3bf">
         <name>__mspabi_sral_6</name>
         <value>0xbe24</value>
         <object_component_ref idref="oc-2d1"/>
      </symbol>
      <symbol id="sm-3c0">
         <name>__mspabi_sral_7</name>
         <value>0xbe20</value>
         <object_component_ref idref="oc-2d1"/>
      </symbol>
      <symbol id="sm-3c1">
         <name>__mspabi_sral_4</name>
         <value>0xbe2c</value>
         <object_component_ref idref="oc-2d1"/>
      </symbol>
      <symbol id="sm-3c2">
         <name>__mspabi_sral_5</name>
         <value>0xbe28</value>
         <object_component_ref idref="oc-2d1"/>
      </symbol>
      <symbol id="sm-3c3">
         <name>__mspabi_sral_2</name>
         <value>0xbe34</value>
         <object_component_ref idref="oc-2d1"/>
      </symbol>
      <symbol id="sm-3c4">
         <name>__mspabi_sral_3</name>
         <value>0xbe30</value>
         <object_component_ref idref="oc-2d1"/>
      </symbol>
      <symbol id="sm-3c5">
         <name>__mspabi_sral_1</name>
         <value>0xbe38</value>
         <object_component_ref idref="oc-2d1"/>
      </symbol>
      <symbol id="sm-3cf">
         <name>__mspabi_mpyi_sw</name>
         <value>0xc12e</value>
         <object_component_ref idref="oc-2bc"/>
      </symbol>
      <symbol id="sm-3d0">
         <name>__mspabi_mpyi</name>
         <value>0xc12e</value>
         <object_component_ref idref="oc-2bc"/>
      </symbol>
      <symbol id="sm-3da">
         <name>__mspabi_mpyl_sw</name>
         <value>0xc046</value>
         <object_component_ref idref="oc-2cc"/>
      </symbol>
      <symbol id="sm-3db">
         <name>__mspabi_mpyl</name>
         <value>0xc046</value>
         <object_component_ref idref="oc-2cc"/>
      </symbol>
      <symbol id="sm-3e9">
         <name>__mspabi_srlll</name>
         <value>0xbcf4</value>
         <object_component_ref idref="oc-3ba"/>
      </symbol>
      <symbol id="sm-5ba">
         <name>__TI_printfi</name>
         <value>0x8ad2</value>
         <object_component_ref idref="oc-292"/>
      </symbol>
      <symbol id="sm-5cd">
         <name>atoi</name>
         <value>0xbbbe</value>
         <object_component_ref idref="oc-31f"/>
      </symbol>
      <symbol id="sm-5d7">
         <name>_ctypes_</name>
         <value>0xc212</value>
         <object_component_ref idref="oc-35a"/>
      </symbol>
      <symbol id="sm-5e6">
         <name>ltoa</name>
         <value>0xb7be</value>
         <object_component_ref idref="oc-420"/>
      </symbol>
      <symbol id="sm-5f5">
         <name>memccpy</name>
         <value>0xc0bc</value>
         <object_component_ref idref="oc-333"/>
      </symbol>
      <symbol id="sm-603">
         <name>memset</name>
         <value>0xc11a</value>
         <object_component_ref idref="oc-319"/>
      </symbol>
      <symbol id="sm-612">
         <name>strchr</name>
         <value>0xc0d6</value>
         <object_component_ref idref="oc-458"/>
      </symbol>
      <symbol id="sm-61f">
         <name>strlen</name>
         <value>0xc1ce</value>
         <object_component_ref idref="oc-2df"/>
      </symbol>
      <symbol id="sm-62c">
         <name>toupper</name>
         <value>0xc1e8</value>
         <object_component_ref idref="oc-36c"/>
      </symbol>
      <symbol id="sm-644">
         <name>wcslen</name>
         <value>0xc142</value>
         <object_component_ref idref="oc-33b"/>
      </symbol>
      <symbol id="sm-660">
         <name>frexpl</name>
         <value>0xb268</value>
         <object_component_ref idref="oc-3eb"/>
      </symbol>
      <symbol id="sm-661">
         <name>frexp</name>
         <value>0xb268</value>
         <object_component_ref idref="oc-3eb"/>
      </symbol>
      <symbol id="sm-679">
         <name>scalbn</name>
         <value>0xa648</value>
         <object_component_ref idref="oc-452"/>
      </symbol>
      <symbol id="sm-67a">
         <name>scalbnl</name>
         <value>0xa648</value>
         <object_component_ref idref="oc-452"/>
      </symbol>
      <symbol id="sm-67b">
         <name>ldexpl</name>
         <value>0xa648</value>
         <object_component_ref idref="oc-452"/>
      </symbol>
      <symbol id="sm-67c">
         <name>ldexp</name>
         <value>0xa648</value>
         <object_component_ref idref="oc-452"/>
      </symbol>
      <symbol id="sm-685">
         <name>copysign</name>
         <value>0xbf14</value>
         <object_component_ref idref="oc-487"/>
      </symbol>
      <symbol id="sm-686">
         <name>copysignl</name>
         <value>0xbf14</value>
         <object_component_ref idref="oc-487"/>
      </symbol>
      <symbol id="sm-692">
         <name>__mspabi_remli</name>
         <value>0xbdc0</value>
         <object_component_ref idref="oc-46a"/>
      </symbol>
      <symbol id="sm-693">
         <name>__mspabi_divli</name>
         <value>0xbdc0</value>
         <object_component_ref idref="oc-46a"/>
      </symbol>
      <symbol id="sm-6a1">
         <name>__mspabi_remul</name>
         <value>0xbb66</value>
         <object_component_ref idref="oc-3b5"/>
      </symbol>
      <symbol id="sm-6a2">
         <name>__mspabi_divul</name>
         <value>0xbb66</value>
         <object_component_ref idref="oc-3b5"/>
      </symbol>
      <symbol id="sm-6d5">
         <name>__mspabi_divull</name>
         <value>0x8478</value>
         <object_component_ref idref="oc-3af"/>
      </symbol>
      <symbol id="sm-6f7">
         <name>__mspabi_addd</name>
         <value>0x87d8</value>
         <object_component_ref idref="oc-473"/>
      </symbol>
      <symbol id="sm-711">
         <name>__mspabi_cmpd</name>
         <value>0xae6e</value>
         <object_component_ref idref="oc-390"/>
      </symbol>
      <symbol id="sm-71e">
         <name>__mspabi_fixdi</name>
         <value>0xc01e</value>
         <object_component_ref idref="oc-432"/>
      </symbol>
      <symbol id="sm-72d">
         <name>__mspabi_fixdli</name>
         <value>0xba30</value>
         <object_component_ref idref="oc-41a"/>
      </symbol>
      <symbol id="sm-736">
         <name>__mspabi_fltid</name>
         <value>0xc1dc</value>
         <object_component_ref idref="oc-45e"/>
      </symbol>
      <symbol id="sm-74d">
         <name>__mspabi_fltlid</name>
         <value>0xb318</value>
         <object_component_ref idref="oc-426"/>
      </symbol>
      <symbol id="sm-76e">
         <name>__TI_frcaddd</name>
         <value>0x924e</value>
         <object_component_ref idref="oc-497"/>
      </symbol>
      <symbol id="sm-790">
         <name>__mspabi_mpyd</name>
         <value>0x8fe0</value>
         <object_component_ref idref="oc-3e4"/>
      </symbol>
      <symbol id="sm-799">
         <name>__mspabi_negd</name>
         <value>0xbff4</value>
         <object_component_ref idref="oc-372"/>
      </symbol>
      <symbol id="sm-7ac">
         <name>__TI_renormd</name>
         <value>0xb1aa</value>
         <object_component_ref idref="oc-4b0"/>
      </symbol>
      <symbol id="sm-7b5">
         <name>__mspabi_subd</name>
         <value>0xbee6</value>
         <object_component_ref idref="oc-42c"/>
      </symbol>
      <symbol id="sm-7bc">
         <name>errno</name>
         <value>0x29e</value>
         <object_component_ref idref="oc-341"/>
      </symbol>
      <symbol id="sm-7c6">
         <name>abs</name>
         <value>0xc1f4</value>
         <object_component_ref idref="oc-439"/>
      </symbol>
      <symbol id="sm-7d3">
         <name>__mspabi_sllll</name>
         <value>0xbd3a</value>
         <object_component_ref idref="oc-409"/>
      </symbol>
      <symbol id="sm-7e3">
         <name>__TI_frcmpyd</name>
         <value>0x8d5a</value>
         <object_component_ref idref="oc-443"/>
      </symbol>
   </symbol_table>
   <title>Link successful</title>
</link_info>
